107.20.133.252 - terefic [15/Apr/2014:14:13:53 -0500] "GET / HTTP/1.1" 200 18350 "-" "check_http/v1.4.16 (nagios-plugins 1.4.16)"
217.69.133.9 - - [15/Apr/2014:14:14:22 -0500] "GET /demo/reference/read HTTP/1.1" 500 1 "-" "Mozilla/5.0 (compatible; Linux x86_64; Mail.RU_Bot/2.0; +http://go.mail.ru/help/robots)"
217.69.133.194 - - [15/Apr/2014:14:16:21 -0500] "GET /reference/index HTTP/1.1" 302 - "-" "Mozilla/5.0 (compatible; Linux x86_64; Mail.RU_Bot/2.0; +http://go.mail.ru/help/robots)"
107.20.133.252 - terefic [15/Apr/2014:14:17:00 -0500] "GET / HTTP/1.1" 200 18350 "-" "check_http/v1.4.16 (nagios-plugins 1.4.16)"
107.20.133.252 - terefic [15/Apr/2014:14:22:11 -0500] "GET / HTTP/1.1" 200 18350 "-" "check_http/v1.4.16 (nagios-plugins 1.4.16)"
183.60.213.27 - - [15/Apr/2014:14:26:55 -0500] "GET /employer/aboutus HTTP/1.1" 200 11889 "-" "Mozilla/5.0 (compatible; EasouSpider; +http://www.easou.com/search/spider.html)"
107.20.133.252 - terefic [15/Apr/2014:14:28:52 -0500] "GET / HTTP/1.1" 200 18350 "-" "check_http/v1.4.16 (nagios-plugins 1.4.16)"
107.20.133.252 - terefic [15/Apr/2014:14:33:52 -0500] "GET / HTTP/1.1" 200 18350 "-" "check_http/v1.4.16 (nagios-plugins 1.4.16)"
54.239.188.72 - - [15/Apr/2014:14:37:18 -0500] "GET /resources/images/loading.gif HTTP/1.1" 200 3188 "-" "Amazon CloudFront"
54.239.188.72 - - [15/Apr/2014:14:37:17 -0500] "GET /resources/cache/64e143e210931423fffcb04e1fac4d0f7ecf0919-employer.css HTTP/1.1" 200 235342 "-" "Amazon CloudFront"
54.239.188.72 - - [15/Apr/2014:14:37:20 -0500] "GET /resources/js/accounting.min.js HTTP/1.1" 200 3133 "-" "Amazon CloudFront"
54.239.188.72 - - [15/Apr/2014:14:37:20 -0500] "GET /resources/js/savingsCalculator.js HTTP/1.1" 200 6452 "-" "Amazon CloudFront"
54.239.188.72 - - [15/Apr/2014:14:37:25 -0500] "GET /resources/images/logo138.png HTTP/1.1" 200 5496 "-" "Amazon CloudFront"
54.239.188.72 - - [15/Apr/2014:14:37:26 -0500] "GET /resources/images/blue-logo.jpg HTTP/1.1" 200 45994 "-" "Amazon CloudFront"
54.239.188.72 - - [15/Apr/2014:14:37:55 -0500] "GET /resources/images/loaders/blueBig.gif HTTP/1.1" 200 3188 "-" "Amazon CloudFront"
54.239.188.72 - - [15/Apr/2014:14:37:56 -0500] "GET /resources/images/menu_selected.gif HTTP/1.1" 200 372 "-" "Amazon CloudFront"
54.239.188.72 - - [15/Apr/2014:14:37:56 -0500] "GET /resources/images/home-stars.jpg HTTP/1.1" 200 18530 "-" "Amazon CloudFront"
54.239.188.72 - - [15/Apr/2014:14:37:56 -0500] "GET /resources/images/checked-box.jpg HTTP/1.1" 200 13513 "-" "Amazon CloudFront"
54.239.188.72 - - [15/Apr/2014:14:37:57 -0500] "GET /resources/images/background/small/Interview.jpg HTTP/1.1" 200 27222 "-" "Amazon CloudFront"
54.239.188.72 - - [15/Apr/2014:14:37:57 -0500] "GET /resources/images/marketing/howitworks/How%20it%20works%201.jpg HTTP/1.1" 200 14092 "-" "Amazon CloudFront"
54.239.188.72 - - [15/Apr/2014:14:37:59 -0500] "GET /resources/images/marketing/howitworks/How%20it%20works%203.jpg HTTP/1.1" 200 18992 "-" "Amazon CloudFront"
54.239.188.72 - - [15/Apr/2014:14:38:00 -0500] "GET /resources/images/social-icons.png HTTP/1.1" 200 6014 "-" "Amazon CloudFront"
54.239.188.72 - - [15/Apr/2014:14:38:13 -0500] "GET /resources/images/contact-us.jpg HTTP/1.1" 200 157872 "-" "Amazon CloudFront"
54.239.188.72 - - [15/Apr/2014:14:38:35 -0500] "GET /resources/images/logo138.png HTTP/1.1" 200 5496 "-" "Amazon CloudFront"
54.239.188.72 - - [15/Apr/2014:14:38:36 -0500] "GET /resources/images/military/Not_alone.v2.jpg HTTP/1.1" 200 207763 "-" "Amazon CloudFront"
54.239.188.72 - - [15/Apr/2014:14:38:34 -0500] "GET /resources/cache/64e143e210931423fffcb04e1fac4d0f7ecf0919-professional.css HTTP/1.1" 200 182620 "-" "Amazon CloudFront"
54.239.188.72 - - [15/Apr/2014:14:39:02 -0500] "GET /resources/images/how-it-works-tree.jpg HTTP/1.1" 200 28218 "-" "Amazon CloudFront"
54.239.188.72 - - [15/Apr/2014:14:39:02 -0500] "GET /resources/images/marketing/howitworks/vet_how_image_2.jpg HTTP/1.1" 200 14650 "-" "Amazon CloudFront"
54.239.188.72 - - [15/Apr/2014:14:39:02 -0500] "GET /resources/images/sprites/pro_sprite.v7.jpg HTTP/1.1" 200 701823 "-" "Amazon CloudFront"
12.180.140.132 - - [15/Apr/2014:14:40:10 -0500] "GET / HTTP/1.1" 200 18350 "-" "Mozilla/4.0 (compatible; MSIE 8.0; Windows NT 6.1; WOW64; Trident/4.0; SLCC2; .NET CLR 2.0.50727; .NET CLR 3.5.30729; .NET CLR 3.0.30729; Media Center PC 6.0; MS-RTC LM 8; .NET4.0C; .NET4.0E; InfoPath.3)"
205.251.250.117 - - [15/Apr/2014:14:40:11 -0500] "GET /resources/cache/64e143e210931423fffcb04e1fac4d0f7ecf0919-employer.css HTTP/1.1" 200 235342 "-" "Amazon CloudFront"
205.251.250.117 - - [15/Apr/2014:14:40:15 -0500] "GET /resources/fonts/neo_sans_medium.ttf)%20format(%22truetype%22 HTTP/1.1" 400 - "-" "Amazon CloudFront"
12.180.140.132 - - [15/Apr/2014:14:40:20 -0500] "GET /employer/login HTTP/1.1" 200 6816 "https://www.terefic.com/" "Mozilla/4.0 (compatible; MSIE 8.0; Windows NT 6.1; WOW64; Trident/4.0; SLCC2; .NET CLR 2.0.50727; .NET CLR 3.5.30729; .NET CLR 3.0.30729; Media Center PC 6.0; MS-RTC LM 8; .NET4.0C; .NET4.0E; InfoPath.3)"
12.180.140.132 - - [15/Apr/2014:14:40:28 -0500] "POST /users/login/authorize/ HTTP/1.1" 302 - "https://www.terefic.com/employer/login" "Mozilla/4.0 (compatible; MSIE 8.0; Windows NT 6.1; WOW64; Trident/4.0; SLCC2; .NET CLR 2.0.50727; .NET CLR 3.5.30729; .NET CLR 3.0.30729; Media Center PC 6.0; MS-RTC LM 8; .NET4.0C; .NET4.0E; InfoPath.3)"
12.180.140.132 - - [15/Apr/2014:14:40:28 -0500] "GET / HTTP/1.1" 302 - "https://www.terefic.com/employer/login" "Mozilla/4.0 (compatible; MSIE 8.0; Windows NT 6.1; WOW64; Trident/4.0; SLCC2; .NET CLR 2.0.50727; .NET CLR 3.5.30729; .NET CLR 3.0.30729; Media Center PC 6.0; MS-RTC LM 8; .NET4.0C; .NET4.0E; InfoPath.3)"
12.180.140.132 - - [15/Apr/2014:14:40:28 -0500] "GET /home HTTP/1.1" 302 - "https://www.terefic.com/employer/login" "Mozilla/4.0 (compatible; MSIE 8.0; Windows NT 6.1; WOW64; Trident/4.0; SLCC2; .NET CLR 2.0.50727; .NET CLR 3.5.30729; .NET CLR 3.0.30729; Media Center PC 6.0; MS-RTC LM 8; .NET4.0C; .NET4.0E; InfoPath.3)"
12.180.140.132 - - [15/Apr/2014:14:40:28 -0500] "GET /reference HTTP/1.1" 200 445734 "https://www.terefic.com/employer/login" "Mozilla/4.0 (compatible; MSIE 8.0; Windows NT 6.1; WOW64; Trident/4.0; SLCC2; .NET CLR 2.0.50727; .NET CLR 3.5.30729; .NET CLR 3.0.30729; Media Center PC 6.0; MS-RTC LM 8; .NET4.0C; .NET4.0E; InfoPath.3)"
12.180.140.132 - - [15/Apr/2014:14:40:35 -0500] "GET /favicon.png HTTP/1.1" 200 946 "-" "Mozilla/4.0 (compatible; MSIE 8.0; Windows NT 6.1; WOW64; Trident/4.0; SLCC2; .NET CLR 2.0.50727; .NET CLR 3.5.30729; .NET CLR 3.0.30729; Media Center PC 6.0; MS-RTC LM 8; .NET4.0C; .NET4.0E; InfoPath.3)"
12.180.140.132 - - [15/Apr/2014:14:40:47 -0500] "POST /reference/reference_request_pre_print/9bbb1d80-8570-40ae-aca3-010eba6a0956 HTTP/1.1" 200 16460 "https://www.terefic.com/reference" "Mozilla/4.0 (compatible; MSIE 8.0; Windows NT 6.1; WOW64; Trident/4.0; SLCC2; .NET CLR 2.0.50727; .NET CLR 3.5.30729; .NET CLR 3.0.30729; Media Center PC 6.0; MS-RTC LM 8; .NET4.0C; .NET4.0E; InfoPath.3)"
12.180.140.132 - - [15/Apr/2014:14:40:56 -0500] "GET /resources/images/gray-square.png HTTP/1.1" 200 17967 "https://www.terefic.com/reference/reference_request_pre_print/9bbb1d80-8570-40ae-aca3-010eba6a0956" "Mozilla/4.0 (compatible; MSIE 8.0; Windows NT 6.1; WOW64; Trident/4.0; SLCC2; .NET CLR 2.0.50727; .NET CLR 3.5.30729; .NET CLR 3.0.30729; Media Center PC 6.0; MS-RTC LM 8; .NET4.0C; .NET4.0E; InfoPath.3)"
12.180.140.132 - - [15/Apr/2014:14:41:01 -0500] "POST /request/updateRequestCandidateDetails HTTP/1.1" 200 86 "https://www.terefic.com/reference/reference_request_pre_print/9bbb1d80-8570-40ae-aca3-010eba6a0956" "Mozilla/4.0 (compatible; MSIE 8.0; Windows NT 6.1; WOW64; Trident/4.0; SLCC2; .NET CLR 2.0.50727; .NET CLR 3.5.30729; .NET CLR 3.0.30729; Media Center PC 6.0; MS-RTC LM 8; .NET4.0C; .NET4.0E; InfoPath.3)"
12.180.140.132 - - [15/Apr/2014:14:41:01 -0500] "GET /reference/pdf/2/9bbb1d80-8570-40ae-aca3-010eba6a0956/Linda/Ofshe HTTP/1.1" 200 297109 "-" "Mozilla/4.0 (compatible; MSIE 8.0; Windows NT 6.1; WOW64; Trident/4.0; SLCC2; .NET CLR 2.0.50727; .NET CLR 3.5.30729; .NET CLR 3.0.30729; Media Center PC 6.0; MS-RTC LM 8; .NET4.0C; .NET4.0E; InfoPath.3)"
66.249.64.22 - - [15/Apr/2014:14:41:33 -0500] "GET /veteran/professional/faq HTTP/1.1" 200 12688 "-" "Mozilla/5.0 (compatible; Googlebot/2.1; +http://www.google.com/bot.html)"
107.20.133.252 - terefic [15/Apr/2014:14:43:52 -0500] "GET / HTTP/1.1" 200 18350 "-" "check_http/v1.4.16 (nagios-plugins 1.4.16)"
54.239.188.72 - - [15/Apr/2014:14:47:50 -0500] "GET /resources/images/sprites/form_sprite.png HTTP/1.1" 200 12934 "-" "Amazon CloudFront"
107.20.133.252 - terefic [15/Apr/2014:14:48:01 -0500] "GET / HTTP/1.1" 200 18350 "-" "check_http/v1.4.16 (nagios-plugins 1.4.16)"
107.20.133.252 - terefic [15/Apr/2014:14:48:53 -0500] "GET / HTTP/1.1" 200 18350 "-" "check_http/v1.4.16 (nagios-plugins 1.4.16)"
54.239.188.72 - - [15/Apr/2014:14:48:52 -0500] "GET /resources/images/marketing/leadership/Emmanuel.jpg HTTP/1.1" 200 66731 "-" "Amazon CloudFront"
54.239.188.72 - - [15/Apr/2014:14:48:53 -0500] "GET /resources/images/marketing/leadership/Gilles.jpg HTTP/1.1" 200 69835 "-" "Amazon CloudFront"
107.20.133.252 - terefic [15/Apr/2014:14:53:53 -0500] "GET / HTTP/1.1" 200 18350 "-" "check_http/v1.4.16 (nagios-plugins 1.4.16)"
107.20.133.252 - terefic [15/Apr/2014:14:58:20 -0500] "GET / HTTP/1.1" 200 18350 "-" "check_http/v1.4.16 (nagios-plugins 1.4.16)"
70.114.150.192 - - [15/Apr/2014:15:01:36 -0500] "GET / HTTP/1.1" 200 18350 "https://www.google.com/url?sa=t&rct=j&q=&esrc=s&source=web&cd=1&ved=0CCoQFjAA&url=https%3A%2F%2Fwww.terefic.com%2F&ei=0I9NU-eEJefX2QXv5oHQDg&usg=AFQjCNHubsoTIqMU7Nv2vFJBL5IWQhOBVw&bvm=bv.64764171,d.b2I" "Mozilla/5.0 (Macintosh; Intel Mac OS X 10_8_5) AppleWebKit/537.71 (KHTML, like Gecko) Version/6.1 Safari/537.71"
70.114.150.192 - - [15/Apr/2014:15:01:38 -0500] "GET /favicon.png HTTP/1.1" 200 946 "https://www.terefic.com/" "Mozilla/5.0 (Macintosh; Intel Mac OS X 10_8_5) AppleWebKit/537.71 (KHTML, like Gecko) Version/6.1 Safari/537.71"
70.114.150.192 - - [15/Apr/2014:15:01:45 -0500] "GET /employer/aboutus HTTP/1.1" 200 11889 "https://www.terefic.com/" "Mozilla/5.0 (Macintosh; Intel Mac OS X 10_8_5) AppleWebKit/537.71 (KHTML, like Gecko) Version/6.1 Safari/537.71"
216.137.42.96 - - [15/Apr/2014:15:01:46 -0500] "GET /resources/images/marketing/leadership/Emmanuel.jpg HTTP/1.1" 200 66731 "-" "Amazon CloudFront"
216.137.42.96 - - [15/Apr/2014:15:01:46 -0500] "GET /resources/images/marketing/leadership/Gilles.jpg HTTP/1.1" 200 69835 "-" "Amazon CloudFront"
70.114.150.192 - - [15/Apr/2014:15:01:53 -0500] "GET /employer/contactus HTTP/1.1" 200 9050 "https://www.terefic.com/employer/aboutus" "Mozilla/5.0 (Macintosh; Intel Mac OS X 10_8_5) AppleWebKit/537.71 (KHTML, like Gecko) Version/6.1 Safari/537.71"
107.20.133.252 - terefic [15/Apr/2014:15:03:31 -0500] "GET / HTTP/1.1" 200 18350 "-" "check_http/v1.4.16 (nagios-plugins 1.4.16)"
107.20.133.252 - terefic [15/Apr/2014:15:08:41 -0500] "GET / HTTP/1.1" 200 18350 "-" "check_http/v1.4.16 (nagios-plugins 1.4.16)"
107.20.133.252 - terefic [15/Apr/2014:15:13:51 -0500] "GET / HTTP/1.1" 200 18350 "-" "check_http/v1.4.16 (nagios-plugins 1.4.16)"
107.20.133.252 - terefic [15/Apr/2014:15:18:53 -0500] "GET / HTTP/1.1" 200 18350 "-" "check_http/v1.4.16 (nagios-plugins 1.4.16)"
157.55.32.26 - - [15/Apr/2014:15:20:47 -0500] "GET /employer/signup HTTP/1.1" 200 7711 "-" "Mozilla/5.0 (compatible; bingbot/2.0; +http://www.bing.com/bingbot.htm)"
107.20.133.252 - terefic [15/Apr/2014:15:24:10 -0500] "GET / HTTP/1.1" 200 18350 "-" "check_http/v1.4.16 (nagios-plugins 1.4.16)"
54.82.89.8 - - [15/Apr/2014:15:25:38 -0500] "GET / HTTP/1.1" 200 18350 "-" "Pinterest/0.1 +http://pinterest.com/"
107.20.133.252 - terefic [15/Apr/2014:15:29:21 -0500] "GET / HTTP/1.1" 200 18350 "-" "check_http/v1.4.16 (nagios-plugins 1.4.16)"
107.20.133.252 - terefic [15/Apr/2014:15:34:30 -0500] "GET / HTTP/1.1" 200 18350 "-" "check_http/v1.4.16 (nagios-plugins 1.4.16)"
107.20.133.252 - terefic [15/Apr/2014:15:38:52 -0500] "GET / HTTP/1.1" 200 18350 "-" "check_http/v1.4.16 (nagios-plugins 1.4.16)"
107.20.133.252 - terefic [15/Apr/2014:15:39:40 -0500] "GET / HTTP/1.1" 200 18350 "-" "check_http/v1.4.16 (nagios-plugins 1.4.16)"
107.20.133.252 - terefic [15/Apr/2014:15:43:52 -0500] "GET / HTTP/1.1" 200 18350 "-" "check_http/v1.4.16 (nagios-plugins 1.4.16)"
54.240.149.68 - - [15/Apr/2014:15:44:27 -0500] "GET /resources/images/logo138.png HTTP/1.1" 200 5496 "-" "Amazon CloudFront"
54.240.149.68 - - [15/Apr/2014:15:44:27 -0500] "GET /resources/cache/64e143e210931423fffcb04e1fac4d0f7ecf0919-professional.css HTTP/1.1" 200 182620 "-" "Amazon CloudFront"
54.240.149.68 - - [15/Apr/2014:15:44:27 -0500] "GET /resources/images/video.jpg HTTP/1.1" 200 166114 "-" "Amazon CloudFront"
54.240.149.68 - - [15/Apr/2014:15:44:27 -0500] "GET /resources/images/loaders/blueBig.gif HTTP/1.1" 200 3188 "-" "Amazon CloudFront"
54.240.149.68 - - [15/Apr/2014:15:44:27 -0500] "GET /resources/images/why-waiting.jpg HTTP/1.1" 200 35013 "-" "Amazon CloudFront"
54.240.149.68 - - [15/Apr/2014:15:44:27 -0500] "GET /resources/images/marketing/howitworks/How%20it%20works%201.jpg HTTP/1.1" 200 14092 "-" "Amazon CloudFront"
54.240.149.68 - - [15/Apr/2014:15:44:27 -0500] "GET /resources/images/background/small/Classy-Professional.jpg HTTP/1.1" 200 7054 "-" "Amazon CloudFront"
54.240.149.68 - - [15/Apr/2014:15:44:27 -0500] "GET /resources/images/sprites/pro_sprite.v7.jpg HTTP/1.1" 200 701823 "-" "Amazon CloudFront"
54.240.149.68 - - [15/Apr/2014:15:44:33 -0500] "GET /resources/images/sprites/form_sprite.png HTTP/1.1" 200 12934 "-" "Amazon CloudFront"
54.240.149.68 - - [15/Apr/2014:15:44:52 -0500] "GET /resources/images/logo.png HTTP/1.1" 200 9327 "-" "Amazon CloudFront"
54.240.149.68 - - [15/Apr/2014:15:45:00 -0500] "GET /resources/images/loaders/orangeBig.gif HTTP/1.1" 200 3116 "-" "Amazon CloudFront"
54.240.149.68 - - [15/Apr/2014:15:45:37 -0500] "GET /resources/images/orange-band-sample.png HTTP/1.1" 200 5312 "-" "Amazon CloudFront"
54.240.149.68 - - [15/Apr/2014:15:45:37 -0500] "GET /resources/images/dummy/provided_1.jpg HTTP/1.1" 200 22507 "-" "Amazon CloudFront"
54.240.149.68 - - [15/Apr/2014:15:45:37 -0500] "GET /resources/images/dummy/received_2.jpg HTTP/1.1" 200 24342 "-" "Amazon CloudFront"
54.240.149.68 - - [15/Apr/2014:15:45:37 -0500] "GET /resources/images/dummy/provided_3.jpg HTTP/1.1" 200 22211 "-" "Amazon CloudFront"
54.240.149.68 - - [15/Apr/2014:15:45:44 -0500] "GET /resources/images/misc/check_mark_none.png HTTP/1.1" 200 3435 "-" "Amazon CloudFront"
217.69.133.2 - - [15/Apr/2014:15:46:23 -0500] "GET /robots.txt HTTP/1.1" 200 5210 "-" "Mozilla/5.0 (compatible; Linux x86_64; Mail.RU_Bot/2.0; +http://go.mail.ru/help/robots)"
107.20.133.252 - terefic [15/Apr/2014:15:48:52 -0500] "GET / HTTP/1.1" 200 18350 "-" "check_http/v1.4.16 (nagios-plugins 1.4.16)"
107.20.133.252 - terefic [15/Apr/2014:15:53:52 -0500] "GET / HTTP/1.1" 200 18350 "-" "check_http/v1.4.16 (nagios-plugins 1.4.16)"
173.227.74.10 - - [15/Apr/2014:15:56:57 -0500] "GET / HTTP/1.1" 200 18350 "-" "Mozilla/5.0 (Macintosh; Intel Mac OS X 10_8_4) AppleWebKit/536.30.1 (KHTML, like Gecko) Version/6.0.5 Safari/536.30.1"
107.20.133.252 - terefic [15/Apr/2014:15:58:52 -0500] "GET / HTTP/1.1" 200 18350 "-" "check_http/v1.4.16 (nagios-plugins 1.4.16)"
107.20.133.252 - terefic [15/Apr/2014:16:03:52 -0500] "GET / HTTP/1.1" 200 18350 "-" "check_http/v1.4.16 (nagios-plugins 1.4.16)"
64.129.58.94 - - [15/Apr/2014:16:08:49 -0500] "POST /users/login/authorize/ HTTP/1.1" 302 - "https://www.terefic.com/employer/login" "Mozilla/5.0 (Macintosh; Intel Mac OS X 10_9_2) AppleWebKit/537.75.14 (KHTML, like Gecko) Version/7.0.3 Safari/537.75.14"
64.129.58.94 - - [15/Apr/2014:16:08:49 -0500] "GET / HTTP/1.1" 302 - "https://www.terefic.com/employer/login" "Mozilla/5.0 (Macintosh; Intel Mac OS X 10_9_2) AppleWebKit/537.75.14 (KHTML, like Gecko) Version/7.0.3 Safari/537.75.14"
64.129.58.94 - - [15/Apr/2014:16:08:49 -0500] "GET /home HTTP/1.1" 302 - "https://www.terefic.com/employer/login" "Mozilla/5.0 (Macintosh; Intel Mac OS X 10_9_2) AppleWebKit/537.75.14 (KHTML, like Gecko) Version/7.0.3 Safari/537.75.14"
64.129.58.94 - - [15/Apr/2014:16:08:49 -0500] "GET /reference HTTP/1.1" 200 427808 "https://www.terefic.com/employer/login" "Mozilla/5.0 (Macintosh; Intel Mac OS X 10_9_2) AppleWebKit/537.75.14 (KHTML, like Gecko) Version/7.0.3 Safari/537.75.14"
216.137.42.96 - - [15/Apr/2014:16:08:51 -0500] "GET /resources/images/sprites/search_box_sprite.png HTTP/1.1" 200 1619 "-" "Amazon CloudFront"
64.129.58.94 - - [15/Apr/2014:16:08:51 -0500] "GET /favicon.png HTTP/1.1" 200 946 "https://www.terefic.com/reference" "Mozilla/5.0 (Macintosh; Intel Mac OS X 10_9_2) AppleWebKit/537.75.14 (KHTML, like Gecko) Version/7.0.3 Safari/537.75.14"
107.20.133.252 - terefic [15/Apr/2014:16:10:40 -0500] "GET / HTTP/1.1" 200 18350 "-" "check_http/v1.4.16 (nagios-plugins 1.4.16)"
107.20.133.252 - terefic [15/Apr/2014:16:15:51 -0500] "GET / HTTP/1.1" 200 18350 "-" "check_http/v1.4.16 (nagios-plugins 1.4.16)"
107.20.133.252 - terefic [15/Apr/2014:16:21:00 -0500] "GET / HTTP/1.1" 200 18350 "-" "check_http/v1.4.16 (nagios-plugins 1.4.16)"
107.20.133.252 - terefic [15/Apr/2014:16:26:10 -0500] "GET / HTTP/1.1" 200 18350 "-" "check_http/v1.4.16 (nagios-plugins 1.4.16)"
205.251.250.117 - - [15/Apr/2014:16:30:27 -0500] "GET /resources/js/html5.js HTTP/1.1" 200 3459 "-" "Amazon CloudFront"
205.251.250.117 - - [15/Apr/2014:16:30:27 -0500] "GET /resources/cache/64e143e210931423fffcb04e1fac4d0f7ecf0919-professional.css HTTP/1.1" 200 182620 "-" "Amazon CloudFront"
205.251.250.117 - - [15/Apr/2014:16:30:29 -0500] "GET /resources/images/loaders/blueBig.gif HTTP/1.1" 200 3188 "-" "Amazon CloudFront"
205.251.250.117 - - [15/Apr/2014:16:30:29 -0500] "GET /resources/images/colorbox/loading.gif HTTP/1.1" 200 9427 "-" "Amazon CloudFront"
205.251.250.117 - - [15/Apr/2014:16:30:29 -0500] "GET /resources/images/colorbox/controls.png HTTP/1.1" 200 1249 "-" "Amazon CloudFront"
205.251.250.117 - - [15/Apr/2014:16:30:29 -0500] "GET /resources/images/background/Out-of-busy-schedule_2-00.jpg HTTP/1.1" 200 245029 "-" "Amazon CloudFront"
205.251.250.117 - - [15/Apr/2014:16:30:47 -0500] "GET /resources/images/sprites/form_sprite.png HTTP/1.1" 200 12934 "-" "Amazon CloudFront"
199.21.99.98 - - [15/Apr/2014:16:32:31 -0500] "GET / HTTP/1.1" 200 18350 "-" "Mozilla/5.0 (compatible; YandexBot/3.0; +http://yandex.com/bots)"
107.20.133.252 - terefic [15/Apr/2014:16:33:52 -0500] "GET / HTTP/1.1" 200 18350 "-" "check_http/v1.4.16 (nagios-plugins 1.4.16)"
205.251.250.117 - - [15/Apr/2014:16:34:29 -0500] "GET /resources/images/background/Levitating.jpg HTTP/1.1" 200 840279 "-" "Amazon CloudFront"
216.137.42.96 - - [15/Apr/2014:16:34:36 -0500] "GET /resources/pdf_footer.html HTTP/1.1" 304 - "-" "Amazon CloudFront"
54.197.73.154 - - [15/Apr/2014:16:35:28 -0500] "GET /users/register/finished HTTP/1.1" 200 4803 "-" "Pinterest/0.1 +http://pinterest.com/"
107.20.133.252 - terefic [15/Apr/2014:16:36:31 -0500] "GET / HTTP/1.1" 200 18350 "-" "check_http/v1.4.16 (nagios-plugins 1.4.16)"
107.20.133.252 - terefic [15/Apr/2014:16:38:52 -0500] "GET / HTTP/1.1" 200 18350 "-" "check_http/v1.4.16 (nagios-plugins 1.4.16)"
107.20.133.252 - terefic [15/Apr/2014:16:43:52 -0500] "GET / HTTP/1.1" 200 18350 "-" "check_http/v1.4.16 (nagios-plugins 1.4.16)"
107.20.133.252 - terefic [15/Apr/2014:16:48:52 -0500] "GET / HTTP/1.1" 200 18350 "-" "check_http/v1.4.16 (nagios-plugins 1.4.16)"
107.20.133.252 - terefic [15/Apr/2014:16:53:52 -0500] "GET / HTTP/1.1" 200 18350 "-" "check_http/v1.4.16 (nagios-plugins 1.4.16)"
107.20.133.252 - terefic [15/Apr/2014:16:58:52 -0500] "GET / HTTP/1.1" 200 18350 "-" "check_http/v1.4.16 (nagios-plugins 1.4.16)"
216.137.42.96 - - [15/Apr/2014:16:58:54 -0500] "GET /resources/images/video.jpg HTTP/1.1" 200 166114 "-" "Amazon CloudFront"
216.137.42.96 - - [15/Apr/2014:16:58:56 -0500] "GET /resources/images/play-circle-arrow.png HTTP/1.1" 200 4844 "-" "Amazon CloudFront"
216.137.42.96 - - [15/Apr/2014:16:58:56 -0500] "GET /resources/images/why-waiting.jpg HTTP/1.1" 200 35013 "-" "Amazon CloudFront"
216.137.42.96 - - [15/Apr/2014:16:58:56 -0500] "GET /resources/images/how-it-works-tree.jpg HTTP/1.1" 200 28218 "-" "Amazon CloudFront"
216.137.42.96 - - [15/Apr/2014:16:58:56 -0500] "GET /resources/images/marketing/howitworks/pro_how_image_2.jpg HTTP/1.1" 200 11437 "-" "Amazon CloudFront"
216.137.42.96 - - [15/Apr/2014:16:58:56 -0500] "GET /resources/images/social-icons.png HTTP/1.1" 200 6014 "-" "Amazon CloudFront"
216.137.42.84 - - [15/Apr/2014:16:59:04 -0500] "GET /resources/images/play-circle-arrow-hover.png HTTP/1.1" 200 4889 "-" "Amazon CloudFront"
107.20.133.252 - terefic [15/Apr/2014:17:02:21 -0500] "GET / HTTP/1.1" 200 18350 "-" "check_http/v1.4.16 (nagios-plugins 1.4.16)"
107.20.133.252 - terefic [15/Apr/2014:17:07:31 -0500] "GET / HTTP/1.1" 200 18350 "-" "check_http/v1.4.16 (nagios-plugins 1.4.16)"
107.20.133.252 - terefic [15/Apr/2014:17:12:40 -0500] "GET / HTTP/1.1" 200 18350 "-" "check_http/v1.4.16 (nagios-plugins 1.4.16)"
107.20.133.252 - terefic [15/Apr/2014:17:17:51 -0500] "GET / HTTP/1.1" 200 18350 "-" "check_http/v1.4.16 (nagios-plugins 1.4.16)"
217.69.133.2 - - [15/Apr/2014:17:19:35 -0500] "GET /robots.txt HTTP/1.1" 200 5210 "-" "Mozilla/5.0 (compatible; Linux x86_64; Mail.RU_Bot/2.0; +http://go.mail.ru/help/robots)"
5.39.50.0 - - [15/Apr/2014:17:20:31 -0500] "GET /helpdana HTTP/1.1" 200 28380 "-" "Mozilla/4.0 (compatible; MSIE 6.0; Windows NT 5.1; SV1)"
107.20.133.252 - terefic [15/Apr/2014:17:23:52 -0500] "GET / HTTP/1.1" 200 18350 "-" "check_http/v1.4.16 (nagios-plugins 1.4.16)"
107.20.133.252 - terefic [15/Apr/2014:17:28:52 -0500] "GET / HTTP/1.1" 200 18350 "-" "check_http/v1.4.16 (nagios-plugins 1.4.16)"
107.20.133.252 - terefic [15/Apr/2014:17:33:20 -0500] "GET / HTTP/1.1" 200 18350 "-" "check_http/v1.4.16 (nagios-plugins 1.4.16)"
107.20.133.252 - terefic [15/Apr/2014:17:33:52 -0500] "GET / HTTP/1.1" 200 18350 "-" "check_http/v1.4.16 (nagios-plugins 1.4.16)"
66.249.66.197 - - [15/Apr/2014:17:35:39 -0500] "GET / HTTP/1.1" 200 18350 "-" "DoCoMo/2.0 N905i(c100;TB;W24H16) (compatible; Googlebot-Mobile/2.1; +http://www.google.com/bot.html)"
54.239.170.11 - - [15/Apr/2014:17:36:49 -0500] "GET /resources/images/loaders/greenBig.gif HTTP/1.1" 200 3263 "-" "Amazon CloudFront"
67.130.216.27 - - [15/Apr/2014:17:37:03 -0500] "GET /pricing HTTP/1.0" 200 21288 "-" "Gigabot/2.0"
66.249.66.219 - - [15/Apr/2014:17:38:45 -0500] "GET /demo/reference/deleted HTTP/1.1" 200 9883 "-" "Mozilla/5.0 (iPhone; CPU iPhone OS 6_0 like Mac OS X) AppleWebKit/536.26 (KHTML, like Gecko) Version/6.0 Mobile/10A5376e Safari/8536.25 (compatible; Googlebot/2.1; +http://www.google.com/bot.html)"
10.12.14.8 - - [15/Apr/2014:17:38:50 -0500] "GET /reference/pdf_attachment/2/ae8a3aa6-a87c-4ad1-bcd0-cf9a31470358 HTTP/1.1" 200 135614 "-" "Java/1.7.0_03"
54.239.170.11 - - [15/Apr/2014:17:39:04 -0500] "GET /resources/images/menu_selected.gif HTTP/1.1" 200 372 "-" "Amazon CloudFront"
54.239.170.11 - - [15/Apr/2014:17:39:04 -0500] "GET /resources/images/logo138.png HTTP/1.1" 200 5496 "-" "Amazon CloudFront"
54.239.170.11 - - [15/Apr/2014:17:39:04 -0500] "GET /resources/images/background/small/Classy-Professional.jpg HTTP/1.1" 200 7054 "-" "Amazon CloudFront"
66.249.66.221 - - [15/Apr/2014:17:39:38 -0500] "GET /resources/docs/Dana%20Telecom%20Certificate%20of%20Achievement.pdf HTTP/1.1" 200 387518 "-" "Mozilla/5.0 (iPhone; CPU iPhone OS 6_0 like Mac OS X) AppleWebKit/536.26 (KHTML, like Gecko) Version/6.0 Mobile/10A5376e Safari/8536.25 (compatible; Googlebot/2.1; +http://www.google.com/bot.html)"
107.20.133.252 - terefic [15/Apr/2014:17:43:52 -0500] "GET / HTTP/1.1" 200 18350 "-" "check_http/v1.4.16 (nagios-plugins 1.4.16)"
107.20.133.252 - terefic [15/Apr/2014:17:48:50 -0500] "GET / HTTP/1.1" 200 18350 "-" "check_http/v1.4.16 (nagios-plugins 1.4.16)"
107.20.133.252 - terefic [15/Apr/2014:17:53:52 -0500] "GET / HTTP/1.1" 200 18350 "-" "check_http/v1.4.16 (nagios-plugins 1.4.16)"
107.20.133.252 - terefic [15/Apr/2014:17:58:52 -0500] "GET / HTTP/1.1" 200 18350 "-" "check_http/v1.4.16 (nagios-plugins 1.4.16)"
107.20.133.252 - terefic [15/Apr/2014:18:03:52 -0500] "GET / HTTP/1.1" 200 18350 "-" "check_http/v1.4.16 (nagios-plugins 1.4.16)"
107.20.133.252 - terefic [15/Apr/2014:18:08:52 -0500] "GET / HTTP/1.1" 200 18350 "-" "check_http/v1.4.16 (nagios-plugins 1.4.16)"
107.20.133.252 - terefic [15/Apr/2014:18:13:52 -0500] "GET / HTTP/1.1" 200 18350 "-" "check_http/v1.4.16 (nagios-plugins 1.4.16)"
107.20.133.252 - terefic [15/Apr/2014:18:14:40 -0500] "GET / HTTP/1.1" 200 18350 "-" "check_http/v1.4.16 (nagios-plugins 1.4.16)"
107.20.133.252 - terefic [15/Apr/2014:18:19:50 -0500] "GET / HTTP/1.1" 200 18350 "-" "check_http/v1.4.16 (nagios-plugins 1.4.16)"
107.20.133.252 - terefic [15/Apr/2014:18:25:00 -0500] "GET / HTTP/1.1" 200 18350 "-" "check_http/v1.4.16 (nagios-plugins 1.4.16)"
77.75.73.32 - - [15/Apr/2014:18:26:15 -0500] "GET / HTTP/1.1" 200 18350 "-" "Mozilla/5.0 (compatible; SeznamBot/3.2; +http://fulltext.sblog.cz/)"
107.20.133.252 - terefic [15/Apr/2014:18:30:10 -0500] "GET / HTTP/1.1" 200 18350 "-" "check_http/v1.4.16 (nagios-plugins 1.4.16)"
107.20.133.252 - terefic [15/Apr/2014:18:35:20 -0500] "GET / HTTP/1.1" 200 18350 "-" "check_http/v1.4.16 (nagios-plugins 1.4.16)"
66.249.64.202 - - [15/Apr/2014:18:35:57 -0500] "GET /demo/reference/index HTTP/1.1" 200 59384 "-" "Mozilla/5.0 (compatible; Googlebot/2.1; +http://www.google.com/bot.html)"
66.249.64.22 - - [15/Apr/2014:18:38:20 -0500] "GET /demo/reference/all HTTP/1.1" 500 1 "-" "Mozilla/5.0 (compatible; Googlebot/2.1; +http://www.google.com/bot.html)"
107.20.133.252 - terefic [15/Apr/2014:18:38:52 -0500] "GET / HTTP/1.1" 200 18350 "-" "check_http/v1.4.16 (nagios-plugins 1.4.16)"
66.249.64.207 - - [15/Apr/2014:18:39:35 -0500] "GET /demo/reference/cross HTTP/1.1" 500 1 "-" "Mozilla/5.0 (compatible; Googlebot/2.1; +http://www.google.com/bot.html)"
66.249.76.68 - - [15/Apr/2014:18:40:28 -0500] "GET /demo/reference/1001002 HTTP/1.1" 500 1 "-" "Mozilla/5.0 (compatible; Googlebot/2.1; +http://www.google.com/bot.html)"
66.249.64.202 - - [15/Apr/2014:18:41:22 -0500] "GET /demo/reference/followup HTTP/1.1" 500 1 "-" "Mozilla/5.0 (compatible; Googlebot/2.1; +http://www.google.com/bot.html)"
66.249.64.22 - - [15/Apr/2014:18:42:23 -0500] "GET /demo/reference/moveToFolderItem HTTP/1.1" 500 1 "-" "Mozilla/5.0 (compatible; Googlebot/2.1; +http://www.google.com/bot.html)"
107.20.133.252 - terefic [15/Apr/2014:18:43:52 -0500] "GET / HTTP/1.1" 200 18350 "-" "check_http/v1.4.16 (nagios-plugins 1.4.16)"
107.20.133.252 - terefic [15/Apr/2014:18:48:52 -0500] "GET / HTTP/1.1" 200 18350 "-" "check_http/v1.4.16 (nagios-plugins 1.4.16)"
107.20.133.252 - terefic [15/Apr/2014:18:53:52 -0500] "GET / HTTP/1.1" 200 18350 "-" "check_http/v1.4.16 (nagios-plugins 1.4.16)"
107.20.133.252 - terefic [15/Apr/2014:18:58:52 -0500] "GET / HTTP/1.1" 200 18350 "-" "check_http/v1.4.16 (nagios-plugins 1.4.16)"
216.137.42.96 - - [15/Apr/2014:18:59:48 -0500] "GET /resources/images/background/small/Bodyguards.jpg HTTP/1.1" 200 23711 "-" "Amazon CloudFront"
107.20.133.252 - terefic [15/Apr/2014:19:03:52 -0500] "GET / HTTP/1.1" 200 18350 "-" "check_http/v1.4.16 (nagios-plugins 1.4.16)"
107.20.133.252 - terefic [15/Apr/2014:19:06:20 -0500] "GET / HTTP/1.1" 200 18350 "-" "check_http/v1.4.16 (nagios-plugins 1.4.16)"
107.20.133.252 - terefic [15/Apr/2014:19:11:30 -0500] "GET / HTTP/1.1" 200 18350 "-" "check_http/v1.4.16 (nagios-plugins 1.4.16)"
107.20.133.252 - terefic [15/Apr/2014:19:16:40 -0500] "GET / HTTP/1.1" 200 18350 "-" "check_http/v1.4.16 (nagios-plugins 1.4.16)"
107.20.133.252 - terefic [15/Apr/2014:19:18:52 -0500] "GET / HTTP/1.1" 200 18350 "-" "check_http/v1.4.16 (nagios-plugins 1.4.16)"
216.137.42.96 - - [15/Apr/2014:19:19:25 -0500] "GET /resources/images/background/small/building.jpg HTTP/1.1" 200 4431 "-" "Amazon CloudFront"
216.137.42.96 - - [15/Apr/2014:19:19:40 -0500] "GET /resources/images/background/small/Mechanical-stairs.jpg HTTP/1.1" 200 6541 "-" "Amazon CloudFront"
107.20.133.252 - terefic [15/Apr/2014:19:21:50 -0500] "GET / HTTP/1.1" 200 18350 "-" "check_http/v1.4.16 (nagios-plugins 1.4.16)"
107.20.133.252 - terefic [15/Apr/2014:19:23:52 -0500] "GET / HTTP/1.1" 200 18350 "-" "check_http/v1.4.16 (nagios-plugins 1.4.16)"
107.20.133.252 - terefic [15/Apr/2014:19:32:10 -0500] "GET / HTTP/1.1" 200 18350 "-" "check_http/v1.4.16 (nagios-plugins 1.4.16)"
183.60.214.62 - - [15/Apr/2014:19:37:25 -0500] "GET /demo/profile/card/38 HTTP/1.1" 200 69931 "-" "Mozilla/5.0 (compatible; EasouSpider; +http://www.easou.com/search/spider.html)"
107.20.133.252 - terefic [15/Apr/2014:19:42:30 -0500] "GET / HTTP/1.1" 200 18350 "-" "check_http/v1.4.16 (nagios-plugins 1.4.16)"
107.20.133.252 - terefic [15/Apr/2014:19:43:52 -0500] "GET / HTTP/1.1" 200 18350 "-" "check_http/v1.4.16 (nagios-plugins 1.4.16)"
107.20.133.252 - terefic [15/Apr/2014:19:48:52 -0500] "GET / HTTP/1.1" 200 18350 "-" "check_http/v1.4.16 (nagios-plugins 1.4.16)"
107.20.133.252 - terefic [15/Apr/2014:19:52:50 -0500] "GET / HTTP/1.1" 200 18350 "-" "check_http/v1.4.16 (nagios-plugins 1.4.16)"
107.20.133.252 - terefic [15/Apr/2014:19:53:52 -0500] "GET / HTTP/1.1" 200 18350 "-" "check_http/v1.4.16 (nagios-plugins 1.4.16)"
107.20.133.252 - terefic [15/Apr/2014:19:58:52 -0500] "GET / HTTP/1.1" 200 18350 "-" "check_http/v1.4.16 (nagios-plugins 1.4.16)"
107.20.133.252 - terefic [15/Apr/2014:20:03:52 -0500] "GET / HTTP/1.1" 200 18350 "-" "check_http/v1.4.16 (nagios-plugins 1.4.16)"
107.20.133.252 - terefic [15/Apr/2014:20:08:52 -0500] "GET / HTTP/1.1" 200 18350 "-" "check_http/v1.4.16 (nagios-plugins 1.4.16)"
107.20.133.252 - terefic [15/Apr/2014:20:13:52 -0500] "GET / HTTP/1.1" 200 18350 "-" "check_http/v1.4.16 (nagios-plugins 1.4.16)"
107.20.133.252 - terefic [15/Apr/2014:20:18:52 -0500] "GET / HTTP/1.1" 200 18350 "-" "check_http/v1.4.16 (nagios-plugins 1.4.16)"
107.20.133.252 - terefic [15/Apr/2014:20:23:52 -0500] "GET / HTTP/1.1" 200 18350 "-" "check_http/v1.4.16 (nagios-plugins 1.4.16)"
217.69.133.194 - - [15/Apr/2014:20:24:19 -0500] "GET /demo/reference/delete-request/3003 HTTP/1.1" 302 1 "-" "Mozilla/5.0 (compatible; Linux x86_64; Mail.RU_Bot/2.0; +http://go.mail.ru/help/robots)"
217.69.133.4 - - [15/Apr/2014:20:24:23 -0500] "GET /employer/login HTTP/1.1" 200 6816 "-" "Mozilla/5.0 (compatible; Linux x86_64; Mail.RU_Bot/2.0; +http://go.mail.ru/help/robots)"
107.20.133.252 - terefic [15/Apr/2014:20:28:52 -0500] "GET / HTTP/1.1" 200 18350 "-" "check_http/v1.4.16 (nagios-plugins 1.4.16)"
107.20.133.252 - terefic [15/Apr/2014:20:33:52 -0500] "GET / HTTP/1.1" 200 18350 "-" "check_http/v1.4.16 (nagios-plugins 1.4.16)"
107.20.133.252 - terefic [15/Apr/2014:20:38:52 -0500] "GET / HTTP/1.1" 200 18350 "-" "check_http/v1.4.16 (nagios-plugins 1.4.16)"
183.60.212.139 - - [15/Apr/2014:20:41:13 -0500] "GET /demo/survey/edit/1255?redirectTo=www.terefic.com/demo/reference/surveys HTTP/1.1" 200 76000 "-" "Mozilla/5.0 (compatible; EasouSpider; +http://www.easou.com/search/spider.html)"
107.20.133.252 - terefic [15/Apr/2014:20:44:30 -0500] "GET / HTTP/1.1" 200 18350 "-" "check_http/v1.4.16 (nagios-plugins 1.4.16)"
107.20.133.252 - terefic [15/Apr/2014:20:49:40 -0500] "GET / HTTP/1.1" 200 18350 "-" "check_http/v1.4.16 (nagios-plugins 1.4.16)"
107.20.133.252 - terefic [15/Apr/2014:20:54:50 -0500] "GET / HTTP/1.1" 200 18350 "-" "check_http/v1.4.16 (nagios-plugins 1.4.16)"
107.20.133.252 - terefic [15/Apr/2014:21:00:00 -0500] "GET / HTTP/1.1" 200 18350 "-" "check_http/v1.4.16 (nagios-plugins 1.4.16)"
107.20.133.252 - terefic [15/Apr/2014:21:05:10 -0500] "GET / HTTP/1.1" 200 18350 "-" "check_http/v1.4.16 (nagios-plugins 1.4.16)"
107.20.133.252 - terefic [15/Apr/2014:21:10:20 -0500] "GET / HTTP/1.1" 200 18350 "-" "check_http/v1.4.16 (nagios-plugins 1.4.16)"
107.20.133.252 - terefic [15/Apr/2014:21:15:30 -0500] "GET / HTTP/1.1" 200 18350 "-" "check_http/v1.4.16 (nagios-plugins 1.4.16)"
107.20.133.252 - terefic [15/Apr/2014:21:20:40 -0500] "GET / HTTP/1.1" 200 18350 "-" "check_http/v1.4.16 (nagios-plugins 1.4.16)"
107.20.133.252 - terefic [15/Apr/2014:21:25:50 -0500] "GET / HTTP/1.1" 200 18350 "-" "check_http/v1.4.16 (nagios-plugins 1.4.16)"
107.20.133.252 - terefic [15/Apr/2014:21:31:00 -0500] "GET / HTTP/1.1" 200 18350 "-" "check_http/v1.4.16 (nagios-plugins 1.4.16)"
66.249.64.207 - - [15/Apr/2014:21:33:24 -0500] "GET /demo/reference/ask-follow-up-questions/3002 HTTP/1.1" 200 13283 "-" "Mozilla/5.0 (compatible; Googlebot/2.1; +http://www.google.com/bot.html)"
107.20.133.252 - terefic [15/Apr/2014:21:36:10 -0500] "GET / HTTP/1.1" 200 18350 "-" "check_http/v1.4.16 (nagios-plugins 1.4.16)"
107.20.133.252 - terefic [15/Apr/2014:21:41:20 -0500] "GET / HTTP/1.1" 200 18350 "-" "check_http/v1.4.16 (nagios-plugins 1.4.16)"
107.20.133.252 - terefic [15/Apr/2014:21:46:30 -0500] "GET / HTTP/1.1" 200 18350 "-" "check_http/v1.4.16 (nagios-plugins 1.4.16)"
107.20.133.252 - terefic [15/Apr/2014:21:51:40 -0500] "GET / HTTP/1.1" 200 18350 "-" "check_http/v1.4.16 (nagios-plugins 1.4.16)"
107.20.133.252 - terefic [15/Apr/2014:21:56:50 -0500] "GET / HTTP/1.1" 200 18350 "-" "check_http/v1.4.16 (nagios-plugins 1.4.16)"
107.20.133.252 - terefic [15/Apr/2014:22:02:00 -0500] "GET / HTTP/1.1" 200 18350 "-" "check_http/v1.4.16 (nagios-plugins 1.4.16)"
107.20.133.252 - terefic [15/Apr/2014:22:07:10 -0500] "GET / HTTP/1.1" 200 18350 "-" "check_http/v1.4.16 (nagios-plugins 1.4.16)"
107.20.133.252 - terefic [15/Apr/2014:22:12:20 -0500] "GET / HTTP/1.1" 200 18350 "-" "check_http/v1.4.16 (nagios-plugins 1.4.16)"
107.20.133.252 - terefic [15/Apr/2014:22:17:30 -0500] "GET / HTTP/1.1" 200 18350 "-" "check_http/v1.4.16 (nagios-plugins 1.4.16)"
107.20.133.252 - terefic [15/Apr/2014:22:22:40 -0500] "GET / HTTP/1.1" 200 18350 "-" "check_http/v1.4.16 (nagios-plugins 1.4.16)"
107.20.133.252 - terefic [15/Apr/2014:22:27:51 -0500] "GET / HTTP/1.1" 200 18350 "-" "check_http/v1.4.16 (nagios-plugins 1.4.16)"
107.20.133.252 - terefic [15/Apr/2014:22:33:00 -0500] "GET / HTTP/1.1" 200 18350 "-" "check_http/v1.4.16 (nagios-plugins 1.4.16)"
107.20.133.252 - terefic [15/Apr/2014:22:38:10 -0500] "GET / HTTP/1.1" 200 18350 "-" "check_http/v1.4.16 (nagios-plugins 1.4.16)"
107.20.133.252 - terefic [15/Apr/2014:22:43:20 -0500] "GET / HTTP/1.1" 200 18350 "-" "check_http/v1.4.16 (nagios-plugins 1.4.16)"
107.20.133.252 - terefic [15/Apr/2014:22:48:30 -0500] "GET / HTTP/1.1" 200 18350 "-" "check_http/v1.4.16 (nagios-plugins 1.4.16)"
107.20.133.252 - terefic [15/Apr/2014:22:53:40 -0500] "GET / HTTP/1.1" 200 18350 "-" "check_http/v1.4.16 (nagios-plugins 1.4.16)"
107.20.133.252 - terefic [15/Apr/2014:22:58:50 -0500] "GET / HTTP/1.1" 200 18350 "-" "check_http/v1.4.16 (nagios-plugins 1.4.16)"
107.20.133.252 - terefic [15/Apr/2014:23:03:52 -0500] "GET / HTTP/1.1" 200 18350 "-" "check_http/v1.4.16 (nagios-plugins 1.4.16)"
107.20.133.252 - terefic [15/Apr/2014:23:08:52 -0500] "GET / HTTP/1.1" 200 18350 "-" "check_http/v1.4.16 (nagios-plugins 1.4.16)"
65.55.24.239 - - [15/Apr/2014:23:10:20 -0500] "GET /employer/aboutus HTTP/1.1" 200 11889 "-" "Mozilla/5.0 (compatible; bingbot/2.0; +http://www.bing.com/bingbot.htm)"
107.20.133.252 - terefic [15/Apr/2014:23:14:20 -0500] "GET / HTTP/1.1" 200 18350 "-" "check_http/v1.4.16 (nagios-plugins 1.4.16)"
107.20.133.252 - terefic [15/Apr/2014:23:18:52 -0500] "GET / HTTP/1.1" 200 18350 "-" "check_http/v1.4.16 (nagios-plugins 1.4.16)"
107.20.133.252 - terefic [15/Apr/2014:23:23:52 -0500] "GET / HTTP/1.1" 200 18350 "-" "check_http/v1.4.16 (nagios-plugins 1.4.16)"
107.20.133.252 - terefic [15/Apr/2014:23:28:52 -0500] "GET / HTTP/1.1" 200 18350 "-" "check_http/v1.4.16 (nagios-plugins 1.4.16)"
107.20.133.252 - terefic [15/Apr/2014:23:33:52 -0500] "GET / HTTP/1.1" 200 18350 "-" "check_http/v1.4.16 (nagios-plugins 1.4.16)"
107.20.133.252 - terefic [15/Apr/2014:23:38:52 -0500] "GET / HTTP/1.1" 200 18350 "-" "check_http/v1.4.16 (nagios-plugins 1.4.16)"
107.20.133.252 - terefic [15/Apr/2014:23:43:52 -0500] "GET / HTTP/1.1" 200 18350 "-" "check_http/v1.4.16 (nagios-plugins 1.4.16)"
107.20.133.252 - terefic [15/Apr/2014:23:48:52 -0500] "GET / HTTP/1.1" 200 18350 "-" "check_http/v1.4.16 (nagios-plugins 1.4.16)"
107.20.133.252 - terefic [15/Apr/2014:23:53:52 -0500] "GET / HTTP/1.1" 200 18350 "-" "check_http/v1.4.16 (nagios-plugins 1.4.16)"
107.20.133.252 - terefic [15/Apr/2014:23:58:52 -0500] "GET / HTTP/1.1" 200 18350 "-" "check_http/v1.4.16 (nagios-plugins 1.4.16)"
