107.20.133.252 - terefic [17/Apr/2014:00:03:53 -0500] "GET / HTTP/1.1" 200 18350 "-" "check_http/v1.4.16 (nagios-plugins 1.4.16)"
107.20.133.252 - terefic [17/Apr/2014:00:08:53 -0500] "GET / HTTP/1.1" 200 18350 "-" "check_http/v1.4.16 (nagios-plugins 1.4.16)"
107.20.133.252 - terefic [17/Apr/2014:00:12:41 -0500] "GET / HTTP/1.1" 200 18350 "-" "check_http/v1.4.16 (nagios-plugins 1.4.16)"
107.20.133.252 - terefic [17/Apr/2014:00:17:51 -0500] "GET / HTTP/1.1" 200 18350 "-" "check_http/v1.4.16 (nagios-plugins 1.4.16)"
107.20.133.252 - terefic [17/Apr/2014:00:23:01 -0500] "GET / HTTP/1.1" 200 18350 "-" "check_http/v1.4.16 (nagios-plugins 1.4.16)"
107.20.133.252 - terefic [17/Apr/2014:00:28:11 -0500] "GET / HTTP/1.1" 200 18350 "-" "check_http/v1.4.16 (nagios-plugins 1.4.16)"
107.20.133.252 - terefic [17/Apr/2014:00:33:21 -0500] "GET / HTTP/1.1" 200 18350 "-" "check_http/v1.4.16 (nagios-plugins 1.4.16)"
107.20.133.252 - terefic [17/Apr/2014:00:38:31 -0500] "GET / HTTP/1.1" 200 18350 "-" "check_http/v1.4.16 (nagios-plugins 1.4.16)"
107.20.133.252 - terefic [17/Apr/2014:00:38:53 -0500] "GET / HTTP/1.1" 200 18350 "-" "check_http/v1.4.16 (nagios-plugins 1.4.16)"
107.20.133.252 - terefic [17/Apr/2014:00:43:53 -0500] "GET / HTTP/1.1" 200 18350 "-" "check_http/v1.4.16 (nagios-plugins 1.4.16)"
107.20.133.252 - terefic [17/Apr/2014:00:48:53 -0500] "GET / HTTP/1.1" 200 18350 "-" "check_http/v1.4.16 (nagios-plugins 1.4.16)"
107.20.133.252 - terefic [17/Apr/2014:00:54:01 -0500] "GET / HTTP/1.1" 200 18350 "-" "check_http/v1.4.16 (nagios-plugins 1.4.16)"
107.20.133.252 - terefic [17/Apr/2014:00:59:11 -0500] "GET / HTTP/1.1" 200 18350 "-" "check_http/v1.4.16 (nagios-plugins 1.4.16)"
107.20.133.252 - terefic [17/Apr/2014:01:04:21 -0500] "GET / HTTP/1.1" 200 18350 "-" "check_http/v1.4.16 (nagios-plugins 1.4.16)"
107.20.133.252 - terefic [17/Apr/2014:01:08:53 -0500] "GET / HTTP/1.1" 200 18350 "-" "check_http/v1.4.16 (nagios-plugins 1.4.16)"
107.20.133.252 - terefic [17/Apr/2014:01:13:53 -0500] "GET / HTTP/1.1" 200 18350 "-" "check_http/v1.4.16 (nagios-plugins 1.4.16)"
107.20.133.252 - terefic [17/Apr/2014:01:18:53 -0500] "GET / HTTP/1.1" 200 18350 "-" "check_http/v1.4.16 (nagios-plugins 1.4.16)"
107.20.133.252 - terefic [17/Apr/2014:01:23:53 -0500] "GET / HTTP/1.1" 200 18350 "-" "check_http/v1.4.16 (nagios-plugins 1.4.16)"
107.20.133.252 - terefic [17/Apr/2014:01:28:53 -0500] "GET / HTTP/1.1" 200 18350 "-" "check_http/v1.4.16 (nagios-plugins 1.4.16)"
107.20.133.252 - terefic [17/Apr/2014:01:33:53 -0500] "GET / HTTP/1.1" 200 18350 "-" "check_http/v1.4.16 (nagios-plugins 1.4.16)"
107.20.133.252 - terefic [17/Apr/2014:01:38:53 -0500] "GET / HTTP/1.1" 200 18350 "-" "check_http/v1.4.16 (nagios-plugins 1.4.16)"
107.20.133.252 - terefic [17/Apr/2014:01:43:53 -0500] "GET / HTTP/1.1" 200 18350 "-" "check_http/v1.4.16 (nagios-plugins 1.4.16)"
107.20.133.252 - terefic [17/Apr/2014:01:48:53 -0500] "GET / HTTP/1.1" 200 18350 "-" "check_http/v1.4.16 (nagios-plugins 1.4.16)"
107.20.133.252 - terefic [17/Apr/2014:01:53:53 -0500] "GET / HTTP/1.1" 200 18350 "-" "check_http/v1.4.16 (nagios-plugins 1.4.16)"
66.249.73.91 - - [17/Apr/2014:01:55:46 -0500] "GET /robots.txt HTTP/1.1" 200 5210 "-" "Mozilla/5.0 (compatible; Googlebot/2.1; +http://www.google.com/bot.html)"
107.20.133.252 - terefic [17/Apr/2014:01:58:53 -0500] "GET / HTTP/1.1" 200 18350 "-" "check_http/v1.4.16 (nagios-plugins 1.4.16)"
107.20.133.252 - terefic [17/Apr/2014:02:03:53 -0500] "GET / HTTP/1.1" 200 18350 "-" "check_http/v1.4.16 (nagios-plugins 1.4.16)"
54.239.140.54 - - [17/Apr/2014:02:05:49 -0500] "GET /resources/cache/64e143e210931423fffcb04e1fac4d0f7ecf0919-professional.js HTTP/1.1" 200 725463 "-" "Amazon CloudFront"
91.64.157.224 - - [17/Apr/2014:02:06:54 -0500] "GET /robots.txt HTTP/1.0" 200 5210 "-" "Mozilla/5.0 (compatible; MJ12bot/v1.4.4; http://www.majestic12.co.uk/bot.php?+)"
107.20.133.252 - terefic [17/Apr/2014:02:08:53 -0500] "GET / HTTP/1.1" 200 18350 "-" "check_http/v1.4.16 (nagios-plugins 1.4.16)"
107.20.133.252 - terefic [17/Apr/2014:02:13:53 -0500] "GET / HTTP/1.1" 200 18350 "-" "check_http/v1.4.16 (nagios-plugins 1.4.16)"
107.20.133.252 - terefic [17/Apr/2014:02:18:53 -0500] "GET / HTTP/1.1" 200 18350 "-" "check_http/v1.4.16 (nagios-plugins 1.4.16)"
107.20.133.252 - terefic [17/Apr/2014:02:23:53 -0500] "GET / HTTP/1.1" 200 18350 "-" "check_http/v1.4.16 (nagios-plugins 1.4.16)"
107.20.133.252 - terefic [17/Apr/2014:02:28:53 -0500] "GET / HTTP/1.1" 200 18350 "-" "check_http/v1.4.16 (nagios-plugins 1.4.16)"
107.20.133.252 - terefic [17/Apr/2014:02:33:53 -0500] "GET / HTTP/1.1" 200 18350 "-" "check_http/v1.4.16 (nagios-plugins 1.4.16)"
107.20.133.252 - terefic [17/Apr/2014:02:38:53 -0500] "GET / HTTP/1.1" 200 18350 "-" "check_http/v1.4.16 (nagios-plugins 1.4.16)"
107.20.133.252 - terefic [17/Apr/2014:02:42:31 -0500] "GET / HTTP/1.1" 200 18350 "-" "check_http/v1.4.16 (nagios-plugins 1.4.16)"
107.20.133.252 - terefic [17/Apr/2014:02:47:41 -0500] "GET / HTTP/1.1" 200 18350 "-" "check_http/v1.4.16 (nagios-plugins 1.4.16)"
107.20.133.252 - terefic [17/Apr/2014:02:53:53 -0500] "GET / HTTP/1.1" 200 18350 "-" "check_http/v1.4.16 (nagios-plugins 1.4.16)"
107.20.133.252 - terefic [17/Apr/2014:02:58:01 -0500] "GET / HTTP/1.1" 200 18350 "-" "check_http/v1.4.16 (nagios-plugins 1.4.16)"
54.240.158.173 - - [17/Apr/2014:03:02:57 -0500] "GET /resources/cache/64e143e210931423fffcb04e1fac4d0f7ecf0919-professional.css HTTP/1.1" 200 182620 "-" "Amazon CloudFront"
107.20.133.252 - terefic [17/Apr/2014:03:03:53 -0500] "GET / HTTP/1.1" 200 18350 "-" "check_http/v1.4.16 (nagios-plugins 1.4.16)"
107.20.133.252 - terefic [17/Apr/2014:03:08:53 -0500] "GET / HTTP/1.1" 200 18350 "-" "check_http/v1.4.16 (nagios-plugins 1.4.16)"
107.20.133.252 - terefic [17/Apr/2014:03:13:53 -0500] "GET / HTTP/1.1" 200 18350 "-" "check_http/v1.4.16 (nagios-plugins 1.4.16)"
107.20.133.252 - terefic [17/Apr/2014:03:18:41 -0500] "GET / HTTP/1.1" 200 18350 "-" "check_http/v1.4.16 (nagios-plugins 1.4.16)"
107.20.133.252 - terefic [17/Apr/2014:03:23:51 -0500] "GET / HTTP/1.1" 200 18350 "-" "check_http/v1.4.16 (nagios-plugins 1.4.16)"
107.20.133.252 - terefic [17/Apr/2014:03:28:53 -0500] "GET / HTTP/1.1" 200 18350 "-" "check_http/v1.4.16 (nagios-plugins 1.4.16)"
107.20.133.252 - terefic [17/Apr/2014:03:33:53 -0500] "GET / HTTP/1.1" 200 18350 "-" "check_http/v1.4.16 (nagios-plugins 1.4.16)"
66.249.65.182 - - [17/Apr/2014:03:36:54 -0500] "GET /robots.txt HTTP/1.1" 200 5210 "-" "Mozilla/5.0 (compatible; Googlebot/2.1; +http://www.google.com/bot.html)"
107.20.133.252 - terefic [17/Apr/2014:03:38:53 -0500] "GET / HTTP/1.1" 200 18350 "-" "check_http/v1.4.16 (nagios-plugins 1.4.16)"
107.20.133.252 - terefic [17/Apr/2014:03:43:53 -0500] "GET / HTTP/1.1" 200 18350 "-" "check_http/v1.4.16 (nagios-plugins 1.4.16)"
107.20.133.252 - terefic [17/Apr/2014:03:48:53 -0500] "GET / HTTP/1.1" 200 18350 "-" "check_http/v1.4.16 (nagios-plugins 1.4.16)"
107.20.133.252 - terefic [17/Apr/2014:03:53:53 -0500] "GET / HTTP/1.1" 200 18350 "-" "check_http/v1.4.16 (nagios-plugins 1.4.16)"
107.20.133.252 - terefic [17/Apr/2014:03:58:53 -0500] "GET / HTTP/1.1" 200 18350 "-" "check_http/v1.4.16 (nagios-plugins 1.4.16)"
107.20.133.252 - terefic [17/Apr/2014:04:03:53 -0500] "GET / HTTP/1.1" 200 18350 "-" "check_http/v1.4.16 (nagios-plugins 1.4.16)"
107.20.133.252 - terefic [17/Apr/2014:04:08:53 -0500] "GET / HTTP/1.1" 200 18350 "-" "check_http/v1.4.16 (nagios-plugins 1.4.16)"
107.20.133.252 - terefic [17/Apr/2014:04:13:53 -0500] "GET / HTTP/1.1" 200 18350 "-" "check_http/v1.4.16 (nagios-plugins 1.4.16)"
107.20.133.252 - terefic [17/Apr/2014:04:18:53 -0500] "GET / HTTP/1.1" 200 18350 "-" "check_http/v1.4.16 (nagios-plugins 1.4.16)"
107.20.133.252 - terefic [17/Apr/2014:04:23:53 -0500] "GET / HTTP/1.1" 200 18350 "-" "check_http/v1.4.16 (nagios-plugins 1.4.16)"
107.20.133.252 - terefic [17/Apr/2014:04:28:53 -0500] "GET / HTTP/1.1" 200 18350 "-" "check_http/v1.4.16 (nagios-plugins 1.4.16)"
183.60.212.139 - - [17/Apr/2014:04:31:43 -0500] "GET /demo/profile/card/25 HTTP/1.1" 200 69931 "-" "Mozilla/5.0 (compatible; EasouSpider; +http://www.easou.com/search/spider.html)"
107.20.133.252 - terefic [17/Apr/2014:04:36:11 -0500] "GET / HTTP/1.1" 200 18350 "-" "check_http/v1.4.16 (nagios-plugins 1.4.16)"
54.224.135.236 - - [17/Apr/2014:04:41:04 -0500] "GET / HTTP/1.1" 200 18350 "-" "Mozilla/5.0 (Windows; U; Windows NT 5.1; en-US) AppleWebKit/537.36 (KHTML, like Gecko) Chrome/27.0.1453.116 Safari/537.36 HubSpot Marketing Grader"
216.137.32.192 - - [17/Apr/2014:04:41:04 -0500] "GET /resources/js/savingsCalculator.js HTTP/1.1" 200 6452 "-" "Amazon CloudFront"
216.137.32.192 - - [17/Apr/2014:04:41:04 -0500] "GET /resources/cache/64e143e210931423fffcb04e1fac4d0f7ecf0919-employer.js HTTP/1.1" 200 851484 "-" "Amazon CloudFront"
216.137.32.192 - - [17/Apr/2014:04:41:05 -0500] "GET /resources/images/logo138.png HTTP/1.1" 200 5496 "-" "Amazon CloudFront"
216.137.32.192 - - [17/Apr/2014:04:41:05 -0500] "GET /resources/images/loading.gif HTTP/1.1" 200 3188 "-" "Amazon CloudFront"
216.137.32.192 - - [17/Apr/2014:04:41:05 -0500] "GET /resources/images/menu_selected.gif HTTP/1.1" 200 372 "-" "Amazon CloudFront"
216.137.32.192 - - [17/Apr/2014:04:41:05 -0500] "GET /resources/images/checked-box.jpg HTTP/1.1" 200 13513 "-" "Amazon CloudFront"
216.137.32.192 - - [17/Apr/2014:04:41:05 -0500] "GET /resources/images/marketing/howitworks/How%20it%20works%202.jpg HTTP/1.1" 200 13245 "-" "Amazon CloudFront"
216.137.32.192 - - [17/Apr/2014:04:41:05 -0500] "GET /resources/images/how-it-works-tree.jpg HTTP/1.1" 200 28218 "-" "Amazon CloudFront"
216.137.32.192 - - [17/Apr/2014:04:41:05 -0500] "GET /resources/images/recruiter.jpg HTTP/1.1" 200 95806 "-" "Amazon CloudFront"
216.137.32.192 - - [17/Apr/2014:04:41:05 -0500] "GET /resources/images/background/Interview.jpg HTTP/1.1" 200 565331 "-" "Amazon CloudFront"
54.224.135.236 - - [17/Apr/2014:04:41:07 -0500] "GET /employer/aboutus HTTP/1.1" 200 11889 "-" "Mozilla/5.0 (Windows; U; Windows NT 5.1; en-US) AppleWebKit/537.36 (KHTML, like Gecko) Chrome/27.0.1453.116 Safari/537.36 HubSpot Marketing Grader"
54.224.135.236 - - [17/Apr/2014:04:41:07 -0500] "GET / HTTP/1.1" 200 18350 "-" "Mozilla/5.0 (iPhone; CPU iPhone OS 5_1 like Mac OS X) AppleWebKit/534.46 (KHTML, like Gecko) Version/5.1 Mobile/9B179 Safari/7534.48.3 HubSpot Marketing Grader"
54.197.163.134 - - [17/Apr/2014:04:41:07 -0500] "GET /employer/signup HTTP/1.1" 200 7711 "-" "Mozilla/5.0 (Windows; U; Windows NT 5.1; en-US) AppleWebKit/537.36 (KHTML, like Gecko) Chrome/27.0.1453.116 Safari/537.36 HubSpot Marketing Grader"
54.240.144.215 - - [17/Apr/2014:04:41:07 -0500] "GET /resources/cache/64e143e210931423fffcb04e1fac4d0f7ecf0919-employer.css HTTP/1.1" 200 235342 "-" "Amazon CloudFront"
54.240.144.215 - - [17/Apr/2014:04:41:07 -0500] "GET /resources/cache/64e143e210931423fffcb04e1fac4d0f7ecf0919-employer.js HTTP/1.1" 200 851484 "-" "Amazon CloudFront"
54.240.144.215 - - [17/Apr/2014:04:41:08 -0500] "GET /resources/images/loading.gif HTTP/1.1" 200 3188 "-" "Amazon CloudFront"
54.240.144.215 - - [17/Apr/2014:04:41:08 -0500] "GET /resources/images/logo138.png HTTP/1.1" 200 5496 "-" "Amazon CloudFront"
54.240.144.215 - - [17/Apr/2014:04:41:08 -0500] "GET /resources/images/background/small/Interview.jpg HTTP/1.1" 200 27222 "-" "Amazon CloudFront"
54.240.144.215 - - [17/Apr/2014:04:41:08 -0500] "GET /resources/images/marketing/leadership/Emmanuel.jpg HTTP/1.1" 200 66731 "-" "Amazon CloudFront"
54.240.144.215 - - [17/Apr/2014:04:41:08 -0500] "GET /resources/images/background/Interview.jpg HTTP/1.1" 200 565331 "-" "Amazon CloudFront"
54.224.176.147 - - [17/Apr/2014:04:41:08 -0500] "GET / HTTP/1.1" 200 18350 "https://t.co/PRaOi9Q4yU" "Mozilla/5.0 (Windows; U; Windows NT 5.1; en-US) AppleWebKit/537.36 (KHTML, like Gecko) Chrome/27.0.1453.116 Safari/537.36 HubSpot Marketing Grader"
54.240.144.215 - - [17/Apr/2014:04:41:08 -0500] "GET /resources/images/marketing/leadership/Gilles.jpg HTTP/1.1" 200 69835 "-" "Amazon CloudFront"
107.20.133.252 - terefic [17/Apr/2014:04:43:53 -0500] "GET / HTTP/1.1" 200 18350 "-" "check_http/v1.4.16 (nagios-plugins 1.4.16)"
107.20.133.252 - terefic [17/Apr/2014:04:48:53 -0500] "GET / HTTP/1.1" 200 18350 "-" "check_http/v1.4.16 (nagios-plugins 1.4.16)"
107.20.133.252 - terefic [17/Apr/2014:04:53:53 -0500] "GET / HTTP/1.1" 200 18350 "-" "check_http/v1.4.16 (nagios-plugins 1.4.16)"
107.20.133.252 - terefic [17/Apr/2014:04:56:51 -0500] "GET / HTTP/1.1" 200 18350 "-" "check_http/v1.4.16 (nagios-plugins 1.4.16)"
107.20.133.252 - terefic [17/Apr/2014:05:02:01 -0500] "GET / HTTP/1.1" 200 18350 "-" "check_http/v1.4.16 (nagios-plugins 1.4.16)"
107.20.133.252 - terefic [17/Apr/2014:05:07:11 -0500] "GET / HTTP/1.1" 200 18350 "-" "check_http/v1.4.16 (nagios-plugins 1.4.16)"
66.249.65.182 - - [17/Apr/2014:05:11:17 -0500] "GET /robots.txt HTTP/1.1" 200 5210 "-" "Mozilla/5.0 (compatible; Googlebot/2.1; +http://www.google.com/bot.html)"
107.20.133.252 - terefic [17/Apr/2014:05:13:53 -0500] "GET / HTTP/1.1" 200 18350 "-" "check_http/v1.4.16 (nagios-plugins 1.4.16)"
107.20.133.252 - terefic [17/Apr/2014:05:18:53 -0500] "GET / HTTP/1.1" 200 18350 "-" "check_http/v1.4.16 (nagios-plugins 1.4.16)"
107.20.133.252 - terefic [17/Apr/2014:05:22:41 -0500] "GET / HTTP/1.1" 200 18350 "-" "check_http/v1.4.16 (nagios-plugins 1.4.16)"
107.20.133.252 - terefic [17/Apr/2014:05:27:51 -0500] "GET / HTTP/1.1" 200 18350 "-" "check_http/v1.4.16 (nagios-plugins 1.4.16)"
107.20.133.252 - terefic [17/Apr/2014:05:33:01 -0500] "GET / HTTP/1.1" 200 18350 "-" "check_http/v1.4.16 (nagios-plugins 1.4.16)"
107.20.133.252 - terefic [17/Apr/2014:05:38:11 -0500] "GET / HTTP/1.1" 200 18350 "-" "check_http/v1.4.16 (nagios-plugins 1.4.16)"
107.20.133.252 - terefic [17/Apr/2014:05:43:21 -0500] "GET / HTTP/1.1" 200 18350 "-" "check_http/v1.4.16 (nagios-plugins 1.4.16)"
183.60.212.139 - - [17/Apr/2014:05:48:19 -0500] "GET /demo/profile/card/10 HTTP/1.1" 200 69931 "-" "Mozilla/5.0 (compatible; EasouSpider; +http://www.easou.com/search/spider.html)"
107.20.133.252 - terefic [17/Apr/2014:05:48:53 -0500] "GET / HTTP/1.1" 200 18350 "-" "check_http/v1.4.16 (nagios-plugins 1.4.16)"
66.249.75.197 - - [17/Apr/2014:05:51:14 -0500] "GET /robots.txt HTTP/1.1" 200 5210 "-" "Mozilla/5.0 (compatible; Googlebot/2.1; +http://www.google.com/bot.html)"
107.20.133.252 - terefic [17/Apr/2014:05:53:41 -0500] "GET / HTTP/1.1" 200 18350 "-" "check_http/v1.4.16 (nagios-plugins 1.4.16)"
107.20.133.252 - terefic [17/Apr/2014:05:58:51 -0500] "GET / HTTP/1.1" 200 18350 "-" "check_http/v1.4.16 (nagios-plugins 1.4.16)"
107.20.133.252 - terefic [17/Apr/2014:06:03:53 -0500] "GET / HTTP/1.1" 200 18350 "-" "check_http/v1.4.16 (nagios-plugins 1.4.16)"
107.20.133.252 - terefic [17/Apr/2014:06:08:53 -0500] "GET / HTTP/1.1" 200 18350 "-" "check_http/v1.4.16 (nagios-plugins 1.4.16)"
107.20.133.252 - terefic [17/Apr/2014:06:13:53 -0500] "GET / HTTP/1.1" 200 18350 "-" "check_http/v1.4.16 (nagios-plugins 1.4.16)"
107.20.133.252 - terefic [17/Apr/2014:06:18:53 -0500] "GET / HTTP/1.1" 200 18350 "-" "check_http/v1.4.16 (nagios-plugins 1.4.16)"
107.20.133.252 - terefic [17/Apr/2014:06:23:53 -0500] "GET / HTTP/1.1" 200 18350 "-" "check_http/v1.4.16 (nagios-plugins 1.4.16)"
107.20.133.252 - terefic [17/Apr/2014:06:28:53 -0500] "GET / HTTP/1.1" 200 18350 "-" "check_http/v1.4.16 (nagios-plugins 1.4.16)"
107.20.133.252 - terefic [17/Apr/2014:06:33:53 -0500] "GET / HTTP/1.1" 200 18350 "-" "check_http/v1.4.16 (nagios-plugins 1.4.16)"
107.20.133.252 - terefic [17/Apr/2014:06:38:53 -0500] "GET / HTTP/1.1" 200 18350 "-" "check_http/v1.4.16 (nagios-plugins 1.4.16)"
88.198.227.103 - - [17/Apr/2014:06:40:40 -0500] "GET /robots.txt HTTP/1.0" 200 5210 "-" "Mozilla/5.0 (compatible; MSIE 10.0; Windows NT 6.2; Win64; x64; Trident/6.0; .NET4.0E; .NET4.0C; .NET CLR 3.5.30729; .NET CLR 3.0.30729; .NET CLR 2.0.50727; McAfee; InfoPath.3; ASU2JS)"
107.20.133.252 - terefic [17/Apr/2014:06:45:21 -0500] "GET / HTTP/1.1" 200 18350 "-" "check_http/v1.4.16 (nagios-plugins 1.4.16)"
107.20.133.252 - terefic [17/Apr/2014:06:50:31 -0500] "GET / HTTP/1.1" 200 18350 "-" "check_http/v1.4.16 (nagios-plugins 1.4.16)"
107.20.133.252 - terefic [17/Apr/2014:06:55:41 -0500] "GET / HTTP/1.1" 200 18350 "-" "check_http/v1.4.16 (nagios-plugins 1.4.16)"
216.137.42.96 - - [17/Apr/2014:07:00:45 -0500] "GET /resources/cache/64e143e210931423fffcb04e1fac4d0f7ecf0919-professional.js HTTP/1.1" 200 725463 "-" "Amazon CloudFront"
216.137.42.96 - - [17/Apr/2014:07:00:45 -0500] "GET /resources/images/background/Out-of-busy-schedule_2-00.jpg HTTP/1.1" 200 245029 "-" "Amazon CloudFront"
107.20.133.252 - terefic [17/Apr/2014:07:00:51 -0500] "GET / HTTP/1.1" 200 18350 "-" "check_http/v1.4.16 (nagios-plugins 1.4.16)"
66.249.75.197 - - [17/Apr/2014:07:01:07 -0500] "GET /robots.txt HTTP/1.1" 200 5210 "-" "Mozilla/5.0 (compatible; Googlebot/2.1; +http://www.google.com/bot.html)"
107.20.133.252 - terefic [17/Apr/2014:07:03:53 -0500] "GET / HTTP/1.1" 200 18350 "-" "check_http/v1.4.16 (nagios-plugins 1.4.16)"
101.226.169.213 - - [17/Apr/2014:07:06:58 -0500] "GET /robots.txt HTTP/1.1" 200 5210 "https://www.terefic.com/robots.txt" "Mozilla/5.0 (Windows NT 6.1) AppleWebKit/537.1 (KHTML, like Gecko) Chrome/21.0.1180.89 Safari/537.1; 360Spider"
107.20.133.252 - terefic [17/Apr/2014:07:11:11 -0500] "GET / HTTP/1.1" 200 18350 "-" "check_http/v1.4.16 (nagios-plugins 1.4.16)"
107.20.133.252 - terefic [17/Apr/2014:07:16:21 -0500] "GET / HTTP/1.1" 200 18350 "-" "check_http/v1.4.16 (nagios-plugins 1.4.16)"
107.20.133.252 - terefic [17/Apr/2014:07:21:31 -0500] "GET / HTTP/1.1" 200 18350 "-" "check_http/v1.4.16 (nagios-plugins 1.4.16)"
107.20.133.252 - terefic [17/Apr/2014:07:23:53 -0500] "GET / HTTP/1.1" 200 18350 "-" "check_http/v1.4.16 (nagios-plugins 1.4.16)"
107.20.133.252 - terefic [17/Apr/2014:07:28:53 -0500] "GET / HTTP/1.1" 200 18350 "-" "check_http/v1.4.16 (nagios-plugins 1.4.16)"
107.20.133.252 - terefic [17/Apr/2014:07:33:53 -0500] "GET / HTTP/1.1" 200 18350 "-" "check_http/v1.4.16 (nagios-plugins 1.4.16)"
107.20.133.252 - terefic [17/Apr/2014:07:38:53 -0500] "GET / HTTP/1.1" 200 18350 "-" "check_http/v1.4.16 (nagios-plugins 1.4.16)"
107.20.133.252 - terefic [17/Apr/2014:07:43:53 -0500] "GET / HTTP/1.1" 200 18350 "-" "check_http/v1.4.16 (nagios-plugins 1.4.16)"
107.20.133.252 - terefic [17/Apr/2014:07:48:53 -0500] "GET / HTTP/1.1" 200 18350 "-" "check_http/v1.4.16 (nagios-plugins 1.4.16)"
107.20.133.252 - terefic [17/Apr/2014:07:53:53 -0500] "GET / HTTP/1.1" 200 18350 "-" "check_http/v1.4.16 (nagios-plugins 1.4.16)"
107.20.133.252 - terefic [17/Apr/2014:07:58:53 -0500] "GET / HTTP/1.1" 200 18350 "-" "check_http/v1.4.16 (nagios-plugins 1.4.16)"
107.20.133.252 - terefic [17/Apr/2014:08:03:53 -0500] "GET / HTTP/1.1" 200 18350 "-" "check_http/v1.4.16 (nagios-plugins 1.4.16)"
107.20.133.252 - terefic [17/Apr/2014:08:08:53 -0500] "GET / HTTP/1.1" 200 18350 "-" "check_http/v1.4.16 (nagios-plugins 1.4.16)"
107.20.133.252 - terefic [17/Apr/2014:08:13:53 -0500] "GET / HTTP/1.1" 200 18350 "-" "check_http/v1.4.16 (nagios-plugins 1.4.16)"
107.20.133.252 - terefic [17/Apr/2014:08:18:53 -0500] "GET / HTTP/1.1" 200 18350 "-" "check_http/v1.4.16 (nagios-plugins 1.4.16)"
