107.20.133.252 - terefic [16/Apr/2014:20:46:01 -0500] "GET / HTTP/1.1" 200 18350 "-" "check_http/v1.4.16 (nagios-plugins 1.4.16)"
107.20.133.252 - terefic [16/Apr/2014:20:51:11 -0500] "GET / HTTP/1.1" 200 18350 "-" "check_http/v1.4.16 (nagios-plugins 1.4.16)"
107.20.133.252 - terefic [16/Apr/2014:20:56:21 -0500] "GET / HTTP/1.1" 200 18350 "-" "check_http/v1.4.16 (nagios-plugins 1.4.16)"
67.130.216.27 - - [16/Apr/2014:20:58:15 -0500] "GET /demo/reference/index HTTP/1.0" 200 59384 "-" "Gigabot/2.0"
107.20.133.252 - terefic [16/Apr/2014:21:01:31 -0500] "GET / HTTP/1.1" 200 18350 "-" "check_http/v1.4.16 (nagios-plugins 1.4.16)"
107.20.133.252 - terefic [16/Apr/2014:21:06:41 -0500] "GET / HTTP/1.1" 200 18350 "-" "check_http/v1.4.16 (nagios-plugins 1.4.16)"
107.20.133.252 - terefic [16/Apr/2014:21:11:51 -0500] "GET / HTTP/1.1" 200 18350 "-" "check_http/v1.4.16 (nagios-plugins 1.4.16)"
107.20.133.252 - terefic [16/Apr/2014:21:17:01 -0500] "GET / HTTP/1.1" 200 18350 "-" "check_http/v1.4.16 (nagios-plugins 1.4.16)"
107.20.133.252 - terefic [16/Apr/2014:21:18:53 -0500] "GET / HTTP/1.1" 200 18350 "-" "check_http/v1.4.16 (nagios-plugins 1.4.16)"
107.20.133.252 - terefic [16/Apr/2014:21:22:11 -0500] "GET / HTTP/1.1" 200 18350 "-" "check_http/v1.4.16 (nagios-plugins 1.4.16)"
107.20.133.252 - terefic [16/Apr/2014:21:27:21 -0500] "GET / HTTP/1.1" 200 18350 "-" "check_http/v1.4.16 (nagios-plugins 1.4.16)"
107.20.133.252 - terefic [16/Apr/2014:21:32:31 -0500] "GET / HTTP/1.1" 200 18350 "-" "check_http/v1.4.16 (nagios-plugins 1.4.16)"
107.20.133.252 - terefic [16/Apr/2014:21:37:41 -0500] "GET / HTTP/1.1" 200 18350 "-" "check_http/v1.4.16 (nagios-plugins 1.4.16)"
107.20.133.252 - terefic [16/Apr/2014:21:38:53 -0500] "GET / HTTP/1.1" 200 18350 "-" "check_http/v1.4.16 (nagios-plugins 1.4.16)"
107.20.133.252 - terefic [16/Apr/2014:21:42:51 -0500] "GET / HTTP/1.1" 200 18350 "-" "check_http/v1.4.16 (nagios-plugins 1.4.16)"
10.12.14.8 - - [16/Apr/2014:21:43:45 -0500] "GET /reference/pdf_attachment/2/ae8a3aa6-a87c-4ad1-bcd0-cf9a31470358 HTTP/1.1" 200 263989 "-" "Java/1.7.0_03"
107.20.133.252 - terefic [16/Apr/2014:21:48:53 -0500] "GET / HTTP/1.1" 200 18350 "-" "check_http/v1.4.16 (nagios-plugins 1.4.16)"
66.249.65.182 - - [16/Apr/2014:21:49:10 -0500] "GET /robots.txt HTTP/1.1" 200 5210 "-" "Mozilla/5.0 (compatible; Googlebot/2.1; +http://www.google.com/bot.html)"
107.20.133.252 - terefic [16/Apr/2014:21:53:53 -0500] "GET / HTTP/1.1" 200 18350 "-" "check_http/v1.4.16 (nagios-plugins 1.4.16)"
107.20.133.252 - terefic [16/Apr/2014:21:58:53 -0500] "GET / HTTP/1.1" 200 18350 "-" "check_http/v1.4.16 (nagios-plugins 1.4.16)"
107.20.133.252 - terefic [16/Apr/2014:22:03:53 -0500] "GET / HTTP/1.1" 200 18350 "-" "check_http/v1.4.16 (nagios-plugins 1.4.16)"
107.20.133.252 - terefic [16/Apr/2014:22:08:41 -0500] "GET / HTTP/1.1" 200 18350 "-" "check_http/v1.4.16 (nagios-plugins 1.4.16)"
107.20.133.252 - terefic [16/Apr/2014:22:13:51 -0500] "GET / HTTP/1.1" 200 18350 "-" "check_http/v1.4.16 (nagios-plugins 1.4.16)"
107.20.133.252 - terefic [16/Apr/2014:22:18:53 -0500] "GET / HTTP/1.1" 200 18350 "-" "check_http/v1.4.16 (nagios-plugins 1.4.16)"
107.20.133.252 - terefic [16/Apr/2014:22:23:53 -0500] "GET / HTTP/1.1" 200 18350 "-" "check_http/v1.4.16 (nagios-plugins 1.4.16)"
107.20.133.252 - terefic [16/Apr/2014:22:28:53 -0500] "GET / HTTP/1.1" 200 18350 "-" "check_http/v1.4.16 (nagios-plugins 1.4.16)"
66.249.65.182 - - [16/Apr/2014:22:32:48 -0500] "GET /demo/reference/unread HTTP/1.1" 500 1 "-" "Mozilla/5.0 (compatible; Googlebot/2.1; +http://www.google.com/bot.html)"
107.20.133.252 - terefic [16/Apr/2014:22:33:53 -0500] "GET / HTTP/1.1" 200 18350 "-" "check_http/v1.4.16 (nagios-plugins 1.4.16)"
66.249.65.150 - - [16/Apr/2014:22:34:46 -0500] "GET /demo/reference/1001003 HTTP/1.1" 500 1 "-" "Mozilla/5.0 (compatible; Googlebot/2.1; +http://www.google.com/bot.html)"
70.113.31.96 - - [16/Apr/2014:22:35:45 -0500] "GET / HTTP/1.1" 200 18350 "-" "Mozilla/5.0 (Macintosh; Intel Mac OS X 10_8_1) AppleWebKit/537.36 (KHTML, like Gecko) Chrome/34.0.1847.116 Safari/537.36"
70.113.31.96 - - [16/Apr/2014:22:35:49 -0500] "GET /employer/login HTTP/1.1" 200 6816 "https://www.terefic.com/" "Mozilla/5.0 (Macintosh; Intel Mac OS X 10_8_1) AppleWebKit/537.36 (KHTML, like Gecko) Chrome/34.0.1847.116 Safari/537.36"
70.113.31.96 - - [16/Apr/2014:22:36:00 -0500] "POST /users/login/authorize/ HTTP/1.1" 302 260 "https://www.terefic.com/employer/login" "Mozilla/5.0 (Macintosh; Intel Mac OS X 10_8_1) AppleWebKit/537.36 (KHTML, like Gecko) Chrome/34.0.1847.116 Safari/537.36"
70.113.31.96 - - [16/Apr/2014:22:36:00 -0500] "GET / HTTP/1.1" 302 - "https://www.terefic.com/employer/login" "Mozilla/5.0 (Macintosh; Intel Mac OS X 10_8_1) AppleWebKit/537.36 (KHTML, like Gecko) Chrome/34.0.1847.116 Safari/537.36"
70.113.31.96 - - [16/Apr/2014:22:36:00 -0500] "GET /home HTTP/1.1" 302 - "https://www.terefic.com/employer/login" "Mozilla/5.0 (Macintosh; Intel Mac OS X 10_8_1) AppleWebKit/537.36 (KHTML, like Gecko) Chrome/34.0.1847.116 Safari/537.36"
70.113.31.96 - - [16/Apr/2014:22:36:00 -0500] "GET /reference HTTP/1.1" 200 249618 "https://www.terefic.com/employer/login" "Mozilla/5.0 (Macintosh; Intel Mac OS X 10_8_1) AppleWebKit/537.36 (KHTML, like Gecko) Chrome/34.0.1847.116 Safari/537.36"
216.137.42.96 - - [16/Apr/2014:22:36:01 -0500] "GET /resources/images/sprites/form_sprite.png HTTP/1.1" 200 12934 "-" "Amazon CloudFront"
66.249.65.182 - - [16/Apr/2014:22:37:14 -0500] "GET /demo/reference/moveToFolderItem HTTP/1.1" 500 1 "-" "Mozilla/5.0 (compatible; Googlebot/2.1; +http://www.google.com/bot.html)"
107.20.133.252 - terefic [16/Apr/2014:22:39:41 -0500] "GET / HTTP/1.1" 200 18350 "-" "check_http/v1.4.16 (nagios-plugins 1.4.16)"
64.29.40.6 - - [16/Apr/2014:22:41:59 -0500] "GET / HTTP/1.1" 200 18350 "-" "Mozilla/5.0 (Windows NT 6.1; WOW64) AppleWebKit/537.36 (KHTML, like Gecko) Chrome/33.0.1750.146 Safari/537.36"
204.246.168.13 - - [16/Apr/2014:22:41:59 -0500] "GET /resources/cache/64e143e210931423fffcb04e1fac4d0f7ecf0919-employer.css HTTP/1.1" 200 235342 "-" "Amazon CloudFront"
64.29.40.6 - - [16/Apr/2014:22:42:10 -0500] "GET /employer/login HTTP/1.1" 200 6816 "https://www.terefic.com/" "Mozilla/5.0 (Windows NT 6.1; WOW64) AppleWebKit/537.36 (KHTML, like Gecko) Chrome/33.0.1750.146 Safari/537.36"
64.29.40.6 - - [16/Apr/2014:22:42:19 -0500] "POST /users/login/authorize/ HTTP/1.1" 302 - "https://www.terefic.com/employer/login" "Mozilla/5.0 (Windows NT 6.1; WOW64) AppleWebKit/537.36 (KHTML, like Gecko) Chrome/33.0.1750.146 Safari/537.36"
64.29.40.6 - - [16/Apr/2014:22:42:20 -0500] "GET /employer/login?email=stacey.walton@modis.com HTTP/1.1" 200 6863 "https://www.terefic.com/employer/login" "Mozilla/5.0 (Windows NT 6.1; WOW64) AppleWebKit/537.36 (KHTML, like Gecko) Chrome/33.0.1750.146 Safari/537.36"
64.29.40.6 - - [16/Apr/2014:22:42:37 -0500] "POST /users/login/authorize/ HTTP/1.1" 302 - "https://www.terefic.com/employer/login?email=stacey.walton@modis.com" "Mozilla/5.0 (Windows NT 6.1; WOW64) AppleWebKit/537.36 (KHTML, like Gecko) Chrome/33.0.1750.146 Safari/537.36"
64.29.40.6 - - [16/Apr/2014:22:42:37 -0500] "GET / HTTP/1.1" 302 - "https://www.terefic.com/employer/login?email=stacey.walton@modis.com" "Mozilla/5.0 (Windows NT 6.1; WOW64) AppleWebKit/537.36 (KHTML, like Gecko) Chrome/33.0.1750.146 Safari/537.36"
64.29.40.6 - - [16/Apr/2014:22:42:38 -0500] "GET /home HTTP/1.1" 302 - "https://www.terefic.com/employer/login?email=stacey.walton@modis.com" "Mozilla/5.0 (Windows NT 6.1; WOW64) AppleWebKit/537.36 (KHTML, like Gecko) Chrome/33.0.1750.146 Safari/537.36"
204.246.168.13 - - [16/Apr/2014:22:42:39 -0500] "GET /resources/images/silhouette.jpg HTTP/1.1" 200 4372 "-" "Amazon CloudFront"
64.29.40.6 - - [16/Apr/2014:22:42:38 -0500] "GET /reference HTTP/1.1" 200 168304 "https://www.terefic.com/employer/login?email=stacey.walton@modis.com" "Mozilla/5.0 (Windows NT 6.1; WOW64) AppleWebKit/537.36 (KHTML, like Gecko) Chrome/33.0.1750.146 Safari/537.36"
64.29.40.6 - - [16/Apr/2014:22:42:56 -0500] "GET /reference/request_references HTTP/1.1" 200 44823 "https://www.terefic.com/reference" "Mozilla/5.0 (Windows NT 6.1; WOW64) AppleWebKit/537.36 (KHTML, like Gecko) Chrome/33.0.1750.146 Safari/537.36"
64.29.40.6 - - [16/Apr/2014:22:43:25 -0500] "GET /resources/js/tinymce//skins/lightgray/fonts/tinymce-small.woff HTTP/1.1" 200 7848 "https://www.terefic.com/reference/request_references" "Mozilla/5.0 (Windows NT 6.1; WOW64) AppleWebKit/537.36 (KHTML, like Gecko) Chrome/33.0.1750.146 Safari/537.36"
64.29.40.6 - - [16/Apr/2014:22:43:25 -0500] "GET /resources/js/tinymce//skins/lightgray/fonts/tinymce.woff HTTP/1.1" 200 7664 "https://www.terefic.com/reference/request_references" "Mozilla/5.0 (Windows NT 6.1; WOW64) AppleWebKit/537.36 (KHTML, like Gecko) Chrome/33.0.1750.146 Safari/537.36"
64.29.40.6 - - [16/Apr/2014:22:43:59 -0500] "POST /reference/request HTTP/1.1" 302 - "https://www.terefic.com/reference/request_references" "Mozilla/5.0 (Windows NT 6.1; WOW64) AppleWebKit/537.36 (KHTML, like Gecko) Chrome/33.0.1750.146 Safari/537.36"
64.29.40.6 - - [16/Apr/2014:22:43:59 -0500] "GET /reference/asked HTTP/1.1" 200 50013 "https://www.terefic.com/reference/request_references" "Mozilla/5.0 (Windows NT 6.1; WOW64) AppleWebKit/537.36 (KHTML, like Gecko) Chrome/33.0.1750.146 Safari/537.36"
64.29.40.6 - - [16/Apr/2014:22:44:28 -0500] "GET /users/login/logout HTTP/1.1" 302 - "https://www.terefic.com/reference/asked" "Mozilla/5.0 (Windows NT 6.1; WOW64) AppleWebKit/537.36 (KHTML, like Gecko) Chrome/33.0.1750.146 Safari/537.36"
64.29.40.6 - - [16/Apr/2014:22:44:28 -0500] "GET /employer/login HTTP/1.1" 200 6816 "https://www.terefic.com/reference/asked" "Mozilla/5.0 (Windows NT 6.1; WOW64) AppleWebKit/537.36 (KHTML, like Gecko) Chrome/33.0.1750.146 Safari/537.36"
107.20.133.252 - terefic [16/Apr/2014:22:48:53 -0500] "GET / HTTP/1.1" 200 18350 "-" "check_http/v1.4.16 (nagios-plugins 1.4.16)"
107.20.133.252 - terefic [16/Apr/2014:22:53:53 -0500] "GET / HTTP/1.1" 200 18350 "-" "check_http/v1.4.16 (nagios-plugins 1.4.16)"
107.20.133.252 - terefic [16/Apr/2014:22:58:53 -0500] "GET / HTTP/1.1" 200 18350 "-" "check_http/v1.4.16 (nagios-plugins 1.4.16)"
107.20.133.252 - terefic [16/Apr/2014:23:00:21 -0500] "GET / HTTP/1.1" 200 18350 "-" "check_http/v1.4.16 (nagios-plugins 1.4.16)"
107.20.133.252 - terefic [16/Apr/2014:23:05:31 -0500] "GET / HTTP/1.1" 200 18350 "-" "check_http/v1.4.16 (nagios-plugins 1.4.16)"
107.20.133.252 - terefic [16/Apr/2014:23:10:41 -0500] "GET / HTTP/1.1" 200 18350 "-" "check_http/v1.4.16 (nagios-plugins 1.4.16)"
66.249.65.182 - - [16/Apr/2014:23:12:57 -0500] "GET /demo/reference/ask-follow-up-questions/3004 HTTP/1.1" 200 13271 "-" "Mozilla/5.0 (iPhone; CPU iPhone OS 6_0 like Mac OS X) AppleWebKit/536.26 (KHTML, like Gecko) Version/6.0 Mobile/10A5376e Safari/8536.25 (compatible; Googlebot/2.1; +http://www.google.com/bot.html)"
107.20.133.252 - terefic [16/Apr/2014:23:15:51 -0500] "GET / HTTP/1.1" 200 18350 "-" "check_http/v1.4.16 (nagios-plugins 1.4.16)"
107.20.133.252 - terefic [16/Apr/2014:23:21:01 -0500] "GET / HTTP/1.1" 200 18350 "-" "check_http/v1.4.16 (nagios-plugins 1.4.16)"
107.20.133.252 - terefic [16/Apr/2014:23:28:53 -0500] "GET / HTTP/1.1" 200 18350 "-" "check_http/v1.4.16 (nagios-plugins 1.4.16)"
107.20.133.252 - terefic [16/Apr/2014:23:33:53 -0500] "GET / HTTP/1.1" 200 18350 "-" "check_http/v1.4.16 (nagios-plugins 1.4.16)"
107.20.133.252 - terefic [16/Apr/2014:23:38:53 -0500] "GET / HTTP/1.1" 200 18350 "-" "check_http/v1.4.16 (nagios-plugins 1.4.16)"
107.20.133.252 - terefic [16/Apr/2014:23:43:53 -0500] "GET / HTTP/1.1" 200 18350 "-" "check_http/v1.4.16 (nagios-plugins 1.4.16)"
107.20.133.252 - terefic [16/Apr/2014:23:48:53 -0500] "GET / HTTP/1.1" 200 18350 "-" "check_http/v1.4.16 (nagios-plugins 1.4.16)"
107.20.133.252 - terefic [16/Apr/2014:23:53:53 -0500] "GET / HTTP/1.1" 200 18350 "-" "check_http/v1.4.16 (nagios-plugins 1.4.16)"
107.20.133.252 - terefic [16/Apr/2014:23:58:53 -0500] "GET / HTTP/1.1" 200 18350 "-" "check_http/v1.4.16 (nagios-plugins 1.4.16)"
