107.20.133.252 - terefic [16/Apr/2014:00:03:52 -0500] "GET / HTTP/1.1" 200 18350 "-" "check_http/v1.4.16 (nagios-plugins 1.4.16)"
107.20.133.252 - terefic [16/Apr/2014:00:08:52 -0500] "GET / HTTP/1.1" 200 18350 "-" "check_http/v1.4.16 (nagios-plugins 1.4.16)"
107.20.133.252 - terefic [16/Apr/2014:00:13:52 -0500] "GET / HTTP/1.1" 200 18350 "-" "check_http/v1.4.16 (nagios-plugins 1.4.16)"
107.20.133.252 - terefic [16/Apr/2014:00:18:52 -0500] "GET / HTTP/1.1" 200 18350 "-" "check_http/v1.4.16 (nagios-plugins 1.4.16)"
107.20.133.252 - terefic [16/Apr/2014:00:23:52 -0500] "GET / HTTP/1.1" 200 18350 "-" "check_http/v1.4.16 (nagios-plugins 1.4.16)"
66.249.64.22 - - [16/Apr/2014:00:27:13 -0500] "GET /robots.txt HTTP/1.1" 200 5210 "-" "Mozilla/5.0 (compatible; Googlebot/2.1; +http://www.google.com/bot.html)"
107.20.133.252 - terefic [16/Apr/2014:00:28:52 -0500] "GET / HTTP/1.1" 200 18350 "-" "check_http/v1.4.16 (nagios-plugins 1.4.16)"
107.20.133.252 - terefic [16/Apr/2014:00:33:52 -0500] "GET / HTTP/1.1" 200 18350 "-" "check_http/v1.4.16 (nagios-plugins 1.4.16)"
71.230.148.203 - - [16/Apr/2014:00:34:54 -0500] "GET / HTTP/1.1" 200 18350 "-" "-"
107.20.133.252 - terefic [16/Apr/2014:00:38:52 -0500] "GET / HTTP/1.1" 200 18350 "-" "check_http/v1.4.16 (nagios-plugins 1.4.16)"
107.20.133.252 - terefic [16/Apr/2014:00:43:52 -0500] "GET / HTTP/1.1" 200 18350 "-" "check_http/v1.4.16 (nagios-plugins 1.4.16)"
107.20.133.252 - terefic [16/Apr/2014:00:48:52 -0500] "GET / HTTP/1.1" 200 18350 "-" "check_http/v1.4.16 (nagios-plugins 1.4.16)"
107.20.133.252 - terefic [16/Apr/2014:00:53:52 -0500] "GET / HTTP/1.1" 200 18350 "-" "check_http/v1.4.16 (nagios-plugins 1.4.16)"
107.20.133.252 - terefic [16/Apr/2014:00:58:52 -0500] "GET / HTTP/1.1" 200 18350 "-" "check_http/v1.4.16 (nagios-plugins 1.4.16)"
107.20.133.252 - terefic [16/Apr/2014:01:03:52 -0500] "GET / HTTP/1.1" 200 18350 "-" "check_http/v1.4.16 (nagios-plugins 1.4.16)"
107.20.133.252 - terefic [16/Apr/2014:01:08:52 -0500] "GET / HTTP/1.1" 200 18350 "-" "check_http/v1.4.16 (nagios-plugins 1.4.16)"
107.20.133.252 - terefic [16/Apr/2014:01:13:52 -0500] "GET / HTTP/1.1" 200 18350 "-" "check_http/v1.4.16 (nagios-plugins 1.4.16)"
107.20.133.252 - terefic [16/Apr/2014:01:18:52 -0500] "GET / HTTP/1.1" 200 18350 "-" "check_http/v1.4.16 (nagios-plugins 1.4.16)"
107.20.133.252 - terefic [16/Apr/2014:01:23:52 -0500] "GET / HTTP/1.1" 200 18350 "-" "check_http/v1.4.16 (nagios-plugins 1.4.16)"
107.20.133.252 - terefic [16/Apr/2014:01:28:52 -0500] "GET / HTTP/1.1" 200 18350 "-" "check_http/v1.4.16 (nagios-plugins 1.4.16)"
66.249.64.202 - - [16/Apr/2014:01:32:17 -0500] "GET /robots.txt HTTP/1.1" 200 5210 "-" "Mozilla/5.0 (compatible; Googlebot/2.1; +http://www.google.com/bot.html)"
66.249.64.207 - - [16/Apr/2014:01:32:28 -0500] "GET /demo/reference/1001001 HTTP/1.1" 500 1 "-" "Mozilla/5.0 (compatible; Googlebot/2.1; +http://www.google.com/bot.html)"
66.249.64.202 - - [16/Apr/2014:01:33:09 -0500] "GET /demo/reference/1001002 HTTP/1.1" 500 1 "-" "Mozilla/5.0 (compatible; Googlebot/2.1; +http://www.google.com/bot.html)"
66.249.76.93 - - [16/Apr/2014:01:33:30 -0500] "GET /demo/reference/none HTTP/1.1" 500 1 "-" "Mozilla/5.0 (compatible; Googlebot/2.1; +http://www.google.com/bot.html)"
107.20.133.252 - terefic [16/Apr/2014:01:33:50 -0500] "GET / HTTP/1.1" 200 18350 "-" "check_http/v1.4.16 (nagios-plugins 1.4.16)"
66.249.64.22 - - [16/Apr/2014:01:34:37 -0500] "GET /demo/reference/unread HTTP/1.1" 500 1 "-" "Mozilla/5.0 (compatible; Googlebot/2.1; +http://www.google.com/bot.html)"
66.249.64.22 - - [16/Apr/2014:01:36:16 -0500] "GET /demo/reference/references HTTP/1.1" 500 1 "-" "Mozilla/5.0 (compatible; Googlebot/2.1; +http://www.google.com/bot.html)"
107.20.133.252 - terefic [16/Apr/2014:01:38:52 -0500] "GET / HTTP/1.1" 200 18350 "-" "check_http/v1.4.16 (nagios-plugins 1.4.16)"
107.20.133.252 - terefic [16/Apr/2014:01:43:52 -0500] "GET / HTTP/1.1" 200 18350 "-" "check_http/v1.4.16 (nagios-plugins 1.4.16)"
107.20.133.252 - terefic [16/Apr/2014:01:48:52 -0500] "GET / HTTP/1.1" 200 18350 "-" "check_http/v1.4.16 (nagios-plugins 1.4.16)"
107.20.133.252 - terefic [16/Apr/2014:01:53:52 -0500] "GET / HTTP/1.1" 200 18350 "-" "check_http/v1.4.16 (nagios-plugins 1.4.16)"
107.20.133.252 - terefic [16/Apr/2014:01:58:52 -0500] "GET / HTTP/1.1" 200 18350 "-" "check_http/v1.4.16 (nagios-plugins 1.4.16)"
107.20.133.252 - terefic [16/Apr/2014:02:03:52 -0500] "GET / HTTP/1.1" 200 18350 "-" "check_http/v1.4.16 (nagios-plugins 1.4.16)"
107.20.133.252 - terefic [16/Apr/2014:02:08:52 -0500] "GET / HTTP/1.1" 200 18350 "-" "check_http/v1.4.16 (nagios-plugins 1.4.16)"
107.20.133.252 - terefic [16/Apr/2014:02:10:00 -0500] "GET / HTTP/1.1" 200 18350 "-" "check_http/v1.4.16 (nagios-plugins 1.4.16)"
107.20.133.252 - terefic [16/Apr/2014:02:15:10 -0500] "GET / HTTP/1.1" 200 18350 "-" "check_http/v1.4.16 (nagios-plugins 1.4.16)"
107.20.133.252 - terefic [16/Apr/2014:02:20:20 -0500] "GET / HTTP/1.1" 200 18350 "-" "check_http/v1.4.16 (nagios-plugins 1.4.16)"
107.20.133.252 - terefic [16/Apr/2014:02:25:30 -0500] "GET / HTTP/1.1" 200 18350 "-" "check_http/v1.4.16 (nagios-plugins 1.4.16)"
107.20.133.252 - terefic [16/Apr/2014:02:30:40 -0500] "GET / HTTP/1.1" 200 18350 "-" "check_http/v1.4.16 (nagios-plugins 1.4.16)"
107.20.133.252 - terefic [16/Apr/2014:02:35:50 -0500] "GET / HTTP/1.1" 200 18350 "-" "check_http/v1.4.16 (nagios-plugins 1.4.16)"
107.20.133.252 - terefic [16/Apr/2014:02:41:00 -0500] "GET / HTTP/1.1" 200 18350 "-" "check_http/v1.4.16 (nagios-plugins 1.4.16)"
66.249.64.202 - - [16/Apr/2014:02:44:14 -0500] "GET /robots.txt HTTP/1.1" 200 5210 "-" "Mozilla/5.0 (compatible; Googlebot/2.1; +http://www.google.com/bot.html)"
107.20.133.252 - terefic [16/Apr/2014:02:46:10 -0500] "GET / HTTP/1.1" 200 18350 "-" "check_http/v1.4.16 (nagios-plugins 1.4.16)"
107.20.133.252 - terefic [16/Apr/2014:02:51:20 -0500] "GET / HTTP/1.1" 200 18350 "-" "check_http/v1.4.16 (nagios-plugins 1.4.16)"
107.20.133.252 - terefic [16/Apr/2014:02:56:30 -0500] "GET / HTTP/1.1" 200 18350 "-" "check_http/v1.4.16 (nagios-plugins 1.4.16)"
107.20.133.252 - terefic [16/Apr/2014:03:01:40 -0500] "GET / HTTP/1.1" 200 18350 "-" "check_http/v1.4.16 (nagios-plugins 1.4.16)"
107.20.133.252 - terefic [16/Apr/2014:03:08:54 -0500] "GET / HTTP/1.1" 200 18350 "-" "check_http/v1.4.16 (nagios-plugins 1.4.16)"
107.20.133.252 - terefic [16/Apr/2014:03:13:54 -0500] "GET / HTTP/1.1" 200 18350 "-" "check_http/v1.4.16 (nagios-plugins 1.4.16)"
107.20.133.252 - terefic [16/Apr/2014:03:18:54 -0500] "GET / HTTP/1.1" 200 18350 "-" "check_http/v1.4.16 (nagios-plugins 1.4.16)"
107.20.133.252 - terefic [16/Apr/2014:03:23:54 -0500] "GET / HTTP/1.1" 200 18350 "-" "check_http/v1.4.16 (nagios-plugins 1.4.16)"
107.20.133.252 - terefic [16/Apr/2014:03:28:54 -0500] "GET / HTTP/1.1" 200 18350 "-" "check_http/v1.4.16 (nagios-plugins 1.4.16)"
107.20.133.252 - terefic [16/Apr/2014:03:32:42 -0500] "GET / HTTP/1.1" 200 18350 "-" "check_http/v1.4.16 (nagios-plugins 1.4.16)"
107.20.133.252 - terefic [16/Apr/2014:03:37:52 -0500] "GET / HTTP/1.1" 200 18350 "-" "check_http/v1.4.16 (nagios-plugins 1.4.16)"
107.20.133.252 - terefic [16/Apr/2014:03:43:02 -0500] "GET / HTTP/1.1" 200 18350 "-" "check_http/v1.4.16 (nagios-plugins 1.4.16)"
107.20.133.252 - terefic [16/Apr/2014:03:48:12 -0500] "GET / HTTP/1.1" 200 18350 "-" "check_http/v1.4.16 (nagios-plugins 1.4.16)"
107.20.133.252 - terefic [16/Apr/2014:03:53:22 -0500] "GET / HTTP/1.1" 200 18350 "-" "check_http/v1.4.16 (nagios-plugins 1.4.16)"
107.20.133.252 - terefic [16/Apr/2014:03:58:32 -0500] "GET / HTTP/1.1" 200 18350 "-" "check_http/v1.4.16 (nagios-plugins 1.4.16)"
107.20.133.252 - terefic [16/Apr/2014:04:03:42 -0500] "GET / HTTP/1.1" 200 18350 "-" "check_http/v1.4.16 (nagios-plugins 1.4.16)"
107.20.133.252 - terefic [16/Apr/2014:04:08:52 -0500] "GET / HTTP/1.1" 200 18350 "-" "check_http/v1.4.16 (nagios-plugins 1.4.16)"
183.60.214.62 - - [16/Apr/2014:04:13:20 -0500] "GET /demo/profile/48 HTTP/1.1" 500 1 "-" "Mozilla/5.0 (compatible; EasouSpider; +http://www.easou.com/search/spider.html)"
107.20.133.252 - terefic [16/Apr/2014:04:14:02 -0500] "GET / HTTP/1.1" 200 18350 "-" "check_http/v1.4.16 (nagios-plugins 1.4.16)"
107.20.133.252 - terefic [16/Apr/2014:04:19:12 -0500] "GET / HTTP/1.1" 200 18350 "-" "check_http/v1.4.16 (nagios-plugins 1.4.16)"
107.20.133.252 - terefic [16/Apr/2014:04:24:22 -0500] "GET / HTTP/1.1" 200 18350 "-" "check_http/v1.4.16 (nagios-plugins 1.4.16)"
107.20.133.252 - terefic [16/Apr/2014:04:29:32 -0500] "GET / HTTP/1.1" 200 18350 "-" "check_http/v1.4.16 (nagios-plugins 1.4.16)"
107.20.133.252 - terefic [16/Apr/2014:04:34:42 -0500] "GET / HTTP/1.1" 200 18350 "-" "check_http/v1.4.16 (nagios-plugins 1.4.16)"
107.20.133.252 - terefic [16/Apr/2014:04:39:52 -0500] "GET / HTTP/1.1" 200 18350 "-" "check_http/v1.4.16 (nagios-plugins 1.4.16)"
107.20.133.252 - terefic [16/Apr/2014:04:45:02 -0500] "GET / HTTP/1.1" 200 18350 "-" "check_http/v1.4.16 (nagios-plugins 1.4.16)"
107.20.133.252 - terefic [16/Apr/2014:04:48:54 -0500] "GET / HTTP/1.1" 200 18350 "-" "check_http/v1.4.16 (nagios-plugins 1.4.16)"
107.20.133.252 - terefic [16/Apr/2014:04:53:54 -0500] "GET / HTTP/1.1" 200 18350 "-" "check_http/v1.4.16 (nagios-plugins 1.4.16)"
107.20.133.252 - terefic [16/Apr/2014:04:58:54 -0500] "GET / HTTP/1.1" 200 18350 "-" "check_http/v1.4.16 (nagios-plugins 1.4.16)"
107.20.133.252 - terefic [16/Apr/2014:05:03:54 -0500] "GET / HTTP/1.1" 200 18350 "-" "check_http/v1.4.16 (nagios-plugins 1.4.16)"
107.20.133.252 - terefic [16/Apr/2014:05:08:54 -0500] "GET / HTTP/1.1" 200 18350 "-" "check_http/v1.4.16 (nagios-plugins 1.4.16)"
107.20.133.252 - terefic [16/Apr/2014:05:13:54 -0500] "GET / HTTP/1.1" 200 18350 "-" "check_http/v1.4.16 (nagios-plugins 1.4.16)"
107.20.133.252 - terefic [16/Apr/2014:05:18:54 -0500] "GET / HTTP/1.1" 200 18350 "-" "check_http/v1.4.16 (nagios-plugins 1.4.16)"
107.20.133.252 - terefic [16/Apr/2014:05:23:54 -0500] "GET / HTTP/1.1" 200 18350 "-" "check_http/v1.4.16 (nagios-plugins 1.4.16)"
107.20.133.252 - terefic [16/Apr/2014:05:28:54 -0500] "GET / HTTP/1.1" 200 18350 "-" "check_http/v1.4.16 (nagios-plugins 1.4.16)"
66.249.64.22 - - [16/Apr/2014:05:30:20 -0500] "GET /veteran/professional/static/demo HTTP/1.1" 200 10186 "-" "Mozilla/5.0 (iPhone; CPU iPhone OS 6_0 like Mac OS X) AppleWebKit/536.26 (KHTML, like Gecko) Version/6.0 Mobile/10A5376e Safari/8536.25 (compatible; Googlebot/2.1; +http://www.google.com/bot.html)"
107.20.133.252 - terefic [16/Apr/2014:05:31:32 -0500] "GET / HTTP/1.1" 200 18350 "-" "check_http/v1.4.16 (nagios-plugins 1.4.16)"
107.20.133.252 - terefic [16/Apr/2014:05:36:42 -0500] "GET / HTTP/1.1" 200 18350 "-" "check_http/v1.4.16 (nagios-plugins 1.4.16)"
66.249.64.27 - - [16/Apr/2014:05:39:38 -0500] "GET /resources/css/superslides.css HTTP/1.1" 200 2406 "-" "Mozilla/5.0 (compatible; Googlebot/2.1; +http://www.google.com/bot.html)"
107.20.133.252 - terefic [16/Apr/2014:05:41:52 -0500] "GET / HTTP/1.1" 200 18350 "-" "check_http/v1.4.16 (nagios-plugins 1.4.16)"
107.20.133.252 - terefic [16/Apr/2014:05:47:02 -0500] "GET / HTTP/1.1" 200 18350 "-" "check_http/v1.4.16 (nagios-plugins 1.4.16)"
107.20.133.252 - terefic [16/Apr/2014:05:52:12 -0500] "GET / HTTP/1.1" 200 18350 "-" "check_http/v1.4.16 (nagios-plugins 1.4.16)"
107.20.133.252 - terefic [16/Apr/2014:05:57:22 -0500] "GET / HTTP/1.1" 200 18350 "-" "check_http/v1.4.16 (nagios-plugins 1.4.16)"
107.20.133.252 - terefic [16/Apr/2014:06:02:32 -0500] "GET / HTTP/1.1" 200 18350 "-" "check_http/v1.4.16 (nagios-plugins 1.4.16)"
107.20.133.252 - terefic [16/Apr/2014:06:07:42 -0500] "GET / HTTP/1.1" 200 18350 "-" "check_http/v1.4.16 (nagios-plugins 1.4.16)"
107.20.133.252 - terefic [16/Apr/2014:06:12:52 -0500] "GET / HTTP/1.1" 200 18350 "-" "check_http/v1.4.16 (nagios-plugins 1.4.16)"
107.20.133.252 - terefic [16/Apr/2014:06:18:02 -0500] "GET / HTTP/1.1" 200 18350 "-" "check_http/v1.4.16 (nagios-plugins 1.4.16)"
107.20.133.252 - terefic [16/Apr/2014:06:23:12 -0500] "GET / HTTP/1.1" 200 18350 "-" "check_http/v1.4.16 (nagios-plugins 1.4.16)"
107.20.133.252 - terefic [16/Apr/2014:06:28:22 -0500] "GET / HTTP/1.1" 200 18350 "-" "check_http/v1.4.16 (nagios-plugins 1.4.16)"
107.20.133.252 - terefic [16/Apr/2014:06:33:32 -0500] "GET / HTTP/1.1" 200 18350 "-" "check_http/v1.4.16 (nagios-plugins 1.4.16)"
107.20.133.252 - terefic [16/Apr/2014:06:38:42 -0500] "GET / HTTP/1.1" 200 18350 "-" "check_http/v1.4.16 (nagios-plugins 1.4.16)"
107.20.133.252 - terefic [16/Apr/2014:06:43:52 -0500] "GET / HTTP/1.1" 200 18350 "-" "check_http/v1.4.16 (nagios-plugins 1.4.16)"
107.20.133.252 - terefic [16/Apr/2014:06:48:54 -0500] "GET / HTTP/1.1" 200 18350 "-" "check_http/v1.4.16 (nagios-plugins 1.4.16)"
107.20.133.252 - terefic [16/Apr/2014:06:53:54 -0500] "GET / HTTP/1.1" 200 18350 "-" "check_http/v1.4.16 (nagios-plugins 1.4.16)"
107.20.133.252 - terefic [16/Apr/2014:06:58:54 -0500] "GET / HTTP/1.1" 200 18350 "-" "check_http/v1.4.16 (nagios-plugins 1.4.16)"
107.20.133.252 - terefic [16/Apr/2014:07:03:54 -0500] "GET / HTTP/1.1" 200 18350 "-" "check_http/v1.4.16 (nagios-plugins 1.4.16)"
107.20.133.252 - terefic [16/Apr/2014:07:04:32 -0500] "GET / HTTP/1.1" 200 18350 "-" "check_http/v1.4.16 (nagios-plugins 1.4.16)"
66.249.65.118 - - [16/Apr/2014:07:05:19 -0500] "GET /resources/js/jquery.easing.1.3.js HTTP/1.1" 200 8097 "-" "Mozilla/5.0 (compatible; Googlebot/2.1; +http://www.google.com/bot.html)"
66.249.65.118 - - [16/Apr/2014:07:09:24 -0500] "GET /resources/js/jquery.animate-enhanced.min.js HTTP/1.1" 200 7330 "-" "Mozilla/5.0 (compatible; Googlebot/2.1; +http://www.google.com/bot.html)"
107.20.133.252 - terefic [16/Apr/2014:07:13:54 -0500] "GET / HTTP/1.1" 200 18350 "-" "check_http/v1.4.16 (nagios-plugins 1.4.16)"
107.20.133.252 - terefic [16/Apr/2014:07:18:54 -0500] "GET / HTTP/1.1" 200 18350 "-" "check_http/v1.4.16 (nagios-plugins 1.4.16)"
107.20.133.252 - terefic [16/Apr/2014:07:23:54 -0500] "GET / HTTP/1.1" 200 18350 "-" "check_http/v1.4.16 (nagios-plugins 1.4.16)"
107.20.133.252 - terefic [16/Apr/2014:07:28:54 -0500] "GET / HTTP/1.1" 200 18350 "-" "check_http/v1.4.16 (nagios-plugins 1.4.16)"
216.137.42.96 - - [16/Apr/2014:07:30:19 -0500] "GET /resources/cache/64e143e210931423fffcb04e1fac4d0f7ecf0919-employer.css HTTP/1.1" 200 235342 "-" "Amazon CloudFront"
107.20.133.252 - terefic [16/Apr/2014:07:30:22 -0500] "GET / HTTP/1.1" 200 18350 "-" "check_http/v1.4.16 (nagios-plugins 1.4.16)"
216.137.42.96 - - [16/Apr/2014:07:30:25 -0500] "GET /resources/images/loaders/blueBig.gif HTTP/1.1" 200 3188 "-" "Amazon CloudFront"
216.137.42.96 - - [16/Apr/2014:07:30:25 -0500] "GET /resources/images/logo.png HTTP/1.1" 200 9327 "-" "Amazon CloudFront"
216.137.42.96 - - [16/Apr/2014:07:30:25 -0500] "GET /resources/images/demo_employer/phillipr.jpg HTTP/1.1" 200 36451 "-" "Amazon CloudFront"
216.137.42.96 - - [16/Apr/2014:07:30:25 -0500] "GET /resources/images/demo_employer/dianef.jpg HTTP/1.1" 200 34534 "-" "Amazon CloudFront"
107.20.133.252 - terefic [16/Apr/2014:07:33:54 -0500] "GET / HTTP/1.1" 200 18350 "-" "check_http/v1.4.16 (nagios-plugins 1.4.16)"
66.249.65.182 - - [16/Apr/2014:07:35:48 -0500] "GET /demo/reference/1001002 HTTP/1.1" 500 1 "-" "Mozilla/5.0 (compatible; Googlebot/2.1; +http://www.google.com/bot.html)"
66.249.65.118 - - [16/Apr/2014:07:36:45 -0500] "GET /demo/reference/all HTTP/1.1" 500 1 "-" "Mozilla/5.0 (compatible; Googlebot/2.1; +http://www.google.com/bot.html)"
66.249.65.118 - - [16/Apr/2014:07:37:57 -0500] "GET /demo/reference/cross HTTP/1.1" 500 1 "-" "Mozilla/5.0 (compatible; Googlebot/2.1; +http://www.google.com/bot.html)"
107.20.133.252 - terefic [16/Apr/2014:07:38:54 -0500] "GET / HTTP/1.1" 200 18350 "-" "check_http/v1.4.16 (nagios-plugins 1.4.16)"
107.20.133.252 - terefic [16/Apr/2014:07:43:54 -0500] "GET / HTTP/1.1" 200 18350 "-" "check_http/v1.4.16 (nagios-plugins 1.4.16)"
107.20.133.252 - terefic [16/Apr/2014:07:48:54 -0500] "GET / HTTP/1.1" 200 18350 "-" "check_http/v1.4.16 (nagios-plugins 1.4.16)"
107.20.133.252 - terefic [16/Apr/2014:07:53:54 -0500] "GET / HTTP/1.1" 200 18350 "-" "check_http/v1.4.16 (nagios-plugins 1.4.16)"
107.20.133.252 - terefic [16/Apr/2014:07:58:54 -0500] "GET / HTTP/1.1" 200 18350 "-" "check_http/v1.4.16 (nagios-plugins 1.4.16)"
107.20.133.252 - terefic [16/Apr/2014:08:03:54 -0500] "GET / HTTP/1.1" 200 18350 "-" "check_http/v1.4.16 (nagios-plugins 1.4.16)"
107.20.133.252 - terefic [16/Apr/2014:08:08:54 -0500] "GET / HTTP/1.1" 200 18350 "-" "check_http/v1.4.16 (nagios-plugins 1.4.16)"
64.29.40.12 - - [16/Apr/2014:08:13:48 -0500] "GET / HTTP/1.1" 200 18350 "-" "Mozilla/5.0 (Windows NT 5.1) AppleWebKit/537.36 (KHTML, like Gecko) Chrome/34.0.1847.116 Safari/537.36"
64.29.40.12 - - [16/Apr/2014:08:13:59 -0500] "GET /employer/login HTTP/1.1" 200 6816 "https://www.terefic.com/" "Mozilla/5.0 (Windows NT 5.1) AppleWebKit/537.36 (KHTML, like Gecko) Chrome/34.0.1847.116 Safari/537.36"
64.29.40.12 - - [16/Apr/2014:08:14:05 -0500] "POST /users/login/authorize/ HTTP/1.1" 302 - "https://www.terefic.com/employer/login" "Mozilla/5.0 (Windows NT 5.1) AppleWebKit/537.36 (KHTML, like Gecko) Chrome/34.0.1847.116 Safari/537.36"
64.29.40.12 - - [16/Apr/2014:08:14:05 -0500] "GET /employer/login?email=brian.hart@modis.com HTTP/1.1" 200 6860 "https://www.terefic.com/employer/login" "Mozilla/5.0 (Windows NT 5.1) AppleWebKit/537.36 (KHTML, like Gecko) Chrome/34.0.1847.116 Safari/537.36"
64.29.40.12 - - [16/Apr/2014:08:14:25 -0500] "POST /users/login/authorize/ HTTP/1.1" 302 - "https://www.terefic.com/employer/login?email=brian.hart@modis.com" "Mozilla/5.0 (Windows NT 5.1) AppleWebKit/537.36 (KHTML, like Gecko) Chrome/34.0.1847.116 Safari/537.36"
64.29.40.12 - - [16/Apr/2014:08:14:25 -0500] "GET / HTTP/1.1" 302 - "https://www.terefic.com/employer/login?email=brian.hart@modis.com" "Mozilla/5.0 (Windows NT 5.1) AppleWebKit/537.36 (KHTML, like Gecko) Chrome/34.0.1847.116 Safari/537.36"
64.29.40.12 - - [16/Apr/2014:08:14:25 -0500] "GET /home HTTP/1.1" 302 - "https://www.terefic.com/employer/login?email=brian.hart@modis.com" "Mozilla/5.0 (Windows NT 5.1) AppleWebKit/537.36 (KHTML, like Gecko) Chrome/34.0.1847.116 Safari/537.36"
64.29.40.12 - - [16/Apr/2014:08:14:25 -0500] "GET /reference HTTP/1.1" 200 34352 "https://www.terefic.com/employer/login?email=brian.hart@modis.com" "Mozilla/5.0 (Windows NT 5.1) AppleWebKit/537.36 (KHTML, like Gecko) Chrome/34.0.1847.116 Safari/537.36"
205.251.250.117 - - [16/Apr/2014:08:14:26 -0500] "GET /resources/images/sprites/main.png HTTP/1.1" 304 - "-" "Amazon CloudFront"
64.29.40.12 - - [16/Apr/2014:08:14:30 -0500] "GET /reference/asked HTTP/1.1" 200 19104 "https://www.terefic.com/reference" "Mozilla/5.0 (Windows NT 5.1) AppleWebKit/537.36 (KHTML, like Gecko) Chrome/34.0.1847.116 Safari/537.36"
64.29.40.12 - - [16/Apr/2014:08:14:37 -0500] "GET /reference/reference_request_review/a1bd0dff-206e-4e9b-82a0-4dd54841a2fd HTTP/1.1" 200 10507 "https://www.terefic.com/reference/asked" "Mozilla/5.0 (Windows NT 5.1) AppleWebKit/537.36 (KHTML, like Gecko) Chrome/34.0.1847.116 Safari/537.36"
64.29.40.12 - - [16/Apr/2014:08:14:44 -0500] "GET /reference/asked HTTP/1.1" 200 19104 "https://www.terefic.com/reference" "Mozilla/5.0 (Windows NT 5.1) AppleWebKit/537.36 (KHTML, like Gecko) Chrome/34.0.1847.116 Safari/537.36"
64.29.40.12 - - [16/Apr/2014:08:14:53 -0500] "GET /reference/reference_request_review/89e8a1c9-3a6a-495d-8d41-ce9861ff6d13 HTTP/1.1" 200 10518 "https://www.terefic.com/reference/asked" "Mozilla/5.0 (Windows NT 5.1) AppleWebKit/537.36 (KHTML, like Gecko) Chrome/34.0.1847.116 Safari/537.36"
64.29.40.12 - - [16/Apr/2014:08:15:05 -0500] "POST /users/login/authorize/ HTTP/1.1" 302 - "https://www.terefic.com/employer/login" "Mozilla/5.0 (Windows NT 5.1) AppleWebKit/537.36 (KHTML, like Gecko) Chrome/34.0.1847.116 Safari/537.36"
64.29.40.12 - - [16/Apr/2014:08:15:05 -0500] "GET /employer/login?email=brian.hart@modis.com HTTP/1.1" 200 6688 "https://www.terefic.com/employer/login" "Mozilla/5.0 (Windows NT 5.1) AppleWebKit/537.36 (KHTML, like Gecko) Chrome/34.0.1847.116 Safari/537.36"
64.29.40.12 - - [16/Apr/2014:08:15:09 -0500] "POST /users/login/authorize/ HTTP/1.1" 302 - "https://www.terefic.com/employer/login?email=brian.hart@modis.com" "Mozilla/5.0 (Windows NT 5.1) AppleWebKit/537.36 (KHTML, like Gecko) Chrome/34.0.1847.116 Safari/537.36"
64.29.40.12 - - [16/Apr/2014:08:15:09 -0500] "GET / HTTP/1.1" 302 - "https://www.terefic.com/employer/login?email=brian.hart@modis.com" "Mozilla/5.0 (Windows NT 5.1) AppleWebKit/537.36 (KHTML, like Gecko) Chrome/34.0.1847.116 Safari/537.36"
64.29.40.12 - - [16/Apr/2014:08:15:09 -0500] "GET /home HTTP/1.1" 302 - "https://www.terefic.com/employer/login?email=brian.hart@modis.com" "Mozilla/5.0 (Windows NT 5.1) AppleWebKit/537.36 (KHTML, like Gecko) Chrome/34.0.1847.116 Safari/537.36"
64.29.40.12 - - [16/Apr/2014:08:15:10 -0500] "GET /reference HTTP/1.1" 200 34352 "https://www.terefic.com/employer/login?email=brian.hart@modis.com" "Mozilla/5.0 (Windows NT 5.1) AppleWebKit/537.36 (KHTML, like Gecko) Chrome/34.0.1847.116 Safari/537.36"
64.29.40.12 - - [16/Apr/2014:08:15:13 -0500] "GET /reference/asked HTTP/1.1" 200 19104 "https://www.terefic.com/reference" "Mozilla/5.0 (Windows NT 5.1) AppleWebKit/537.36 (KHTML, like Gecko) Chrome/34.0.1847.116 Safari/537.36"
64.29.40.12 - - [16/Apr/2014:08:15:47 -0500] "GET /reference/index HTTP/1.1" 200 34352 "https://www.terefic.com/reference/asked" "Mozilla/5.0 (Windows NT 5.1) AppleWebKit/537.36 (KHTML, like Gecko) Chrome/34.0.1847.116 Safari/537.36"
64.29.40.12 - - [16/Apr/2014:08:15:52 -0500] "GET /reference/reference_request_read/515b313e-d3d1-410b-ac15-168d3f776a1f HTTP/1.1" 200 103574 "https://www.terefic.com/reference/index" "Mozilla/5.0 (Windows NT 5.1) AppleWebKit/537.36 (KHTML, like Gecko) Chrome/34.0.1847.116 Safari/537.36"
107.20.133.252 - terefic [16/Apr/2014:08:18:54 -0500] "GET / HTTP/1.1" 200 18350 "-" "check_http/v1.4.16 (nagios-plugins 1.4.16)"
216.137.42.96 - - [16/Apr/2014:08:21:56 -0500] "GET /resources/images/background/Out-of-busy-schedule_2-00.jpg HTTP/1.1" 200 245029 "-" "Amazon CloudFront"
107.20.133.252 - terefic [16/Apr/2014:08:23:54 -0500] "GET / HTTP/1.1" 200 18350 "-" "check_http/v1.4.16 (nagios-plugins 1.4.16)"
107.20.133.252 - terefic [16/Apr/2014:08:28:54 -0500] "GET / HTTP/1.1" 200 18350 "-" "check_http/v1.4.16 (nagios-plugins 1.4.16)"
216.137.42.96 - - [16/Apr/2014:08:31:31 -0500] "GET /resources/images/colorbox/loading_background.png HTTP/1.1" 200 157 "-" "Amazon CloudFront"
216.137.42.96 - - [16/Apr/2014:08:31:31 -0500] "GET /resources/images/colorbox/loading.gif HTTP/1.1" 200 9427 "-" "Amazon CloudFront"
216.137.42.96 - - [16/Apr/2014:08:31:32 -0500] "GET /resources/images/loaders/greenBig.gif HTTP/1.1" 200 3263 "-" "Amazon CloudFront"
107.20.133.252 - terefic [16/Apr/2014:08:32:22 -0500] "GET / HTTP/1.1" 200 18350 "-" "check_http/v1.4.16 (nagios-plugins 1.4.16)"
10.12.14.8 - - [16/Apr/2014:08:32:55 -0500] "GET /reference/pdf_attachment/2/9bbb1d80-8570-40ae-aca3-010eba6a0956 HTTP/1.1" 200 355089 "-" "Java/1.7.0_03"
107.20.133.252 - terefic [16/Apr/2014:08:37:32 -0500] "GET / HTTP/1.1" 200 18350 "-" "check_http/v1.4.16 (nagios-plugins 1.4.16)"
66.249.93.192 - - [16/Apr/2014:08:39:23 -0500] "GET /resources/images/misc/dana/dana_big_1.jpg HTTP/1.1" 200 140292 "-" "Mozilla/5.0 (Windows; U; Windows NT 5.1; de; rv:1.9.0.7) Gecko/2009021910 Firefox/3.0.7 (via ggpht.com GoogleImageProxy)"
107.20.133.252 - terefic [16/Apr/2014:08:42:42 -0500] "GET / HTTP/1.1" 200 18350 "-" "check_http/v1.4.16 (nagios-plugins 1.4.16)"
107.20.133.252 - terefic [16/Apr/2014:08:47:52 -0500] "GET / HTTP/1.1" 200 18350 "-" "check_http/v1.4.16 (nagios-plugins 1.4.16)"
107.20.133.252 - terefic [16/Apr/2014:08:53:02 -0500] "GET / HTTP/1.1" 200 18350 "-" "check_http/v1.4.16 (nagios-plugins 1.4.16)"
107.20.133.252 - terefic [16/Apr/2014:08:58:12 -0500] "GET / HTTP/1.1" 200 18350 "-" "check_http/v1.4.16 (nagios-plugins 1.4.16)"
216.137.42.96 - - [16/Apr/2014:09:03:02 -0500] "GET /resources/images/orange-band-sample.png HTTP/1.1" 200 5312 "-" "Amazon CloudFront"
216.137.42.96 - - [16/Apr/2014:09:03:02 -0500] "GET /resources/images/dummy/received_2.jpg HTTP/1.1" 200 24342 "-" "Amazon CloudFront"
216.137.42.96 - - [16/Apr/2014:09:03:02 -0500] "GET /resources/images/dummy/provided_3.jpg HTTP/1.1" 200 22211 "-" "Amazon CloudFront"
216.137.42.96 - - [16/Apr/2014:09:03:02 -0500] "GET /resources/images/dummy/provided_2.jpg HTTP/1.1" 200 27095 "-" "Amazon CloudFront"
107.20.133.252 - terefic [16/Apr/2014:09:03:22 -0500] "GET / HTTP/1.1" 200 18350 "-" "check_http/v1.4.16 (nagios-plugins 1.4.16)"
216.137.42.96 - - [16/Apr/2014:09:03:28 -0500] "GET /resources/images/misc/check_mark_none.png HTTP/1.1" 200 3435 "-" "Amazon CloudFront"
107.20.133.252 - terefic [16/Apr/2014:09:03:54 -0500] "GET / HTTP/1.1" 200 18350 "-" "check_http/v1.4.16 (nagios-plugins 1.4.16)"
107.20.133.252 - terefic [16/Apr/2014:09:08:54 -0500] "GET / HTTP/1.1" 200 18350 "-" "check_http/v1.4.16 (nagios-plugins 1.4.16)"
107.20.133.252 - terefic [16/Apr/2014:09:13:54 -0500] "GET / HTTP/1.1" 200 18350 "-" "check_http/v1.4.16 (nagios-plugins 1.4.16)"
107.20.133.252 - terefic [16/Apr/2014:09:18:54 -0500] "GET / HTTP/1.1" 200 18350 "-" "check_http/v1.4.16 (nagios-plugins 1.4.16)"
107.20.133.252 - terefic [16/Apr/2014:09:24:02 -0500] "GET / HTTP/1.1" 200 18350 "-" "check_http/v1.4.16 (nagios-plugins 1.4.16)"
107.20.133.252 - terefic [16/Apr/2014:09:29:12 -0500] "GET / HTTP/1.1" 200 18350 "-" "check_http/v1.4.16 (nagios-plugins 1.4.16)"
144.76.95.39 - - [16/Apr/2014:09:30:45 -0500] "GET / HTTP/1.1" 200 18350 "-" "Mozilla/5.0 (compatible; MJ12bot/v1.4.4; http://www.majestic12.co.uk/bot.php?+)"
5.10.83.26 - - [16/Apr/2014:09:34:12 -0500] "GET /demo/profile/card/41 HTTP/1.1" 200 69931 "-" "Mozilla/5.0 (compatible; AhrefsBot/5.0; +http://ahrefs.com/robot/)"
204.57.93.34 - - [16/Apr/2014:09:35:04 -0500] "GET / HTTP/1.1" 200 18350 "-" "Mozilla/5.0 (Windows NT 6.1; WOW64) AppleWebKit/537.36 (KHTML, like Gecko) Chrome/34.0.1847.116 Safari/537.36"
107.20.133.252 - terefic [16/Apr/2014:09:38:53 -0500] "GET / HTTP/1.1" 200 18350 "-" "check_http/v1.4.16 (nagios-plugins 1.4.16)"
107.20.133.252 - terefic [16/Apr/2014:09:43:54 -0500] "GET / HTTP/1.1" 200 18350 "-" "check_http/v1.4.16 (nagios-plugins 1.4.16)"
64.29.40.12 - - [16/Apr/2014:09:45:46 -0500] "GET /reference/asked HTTP/1.1" 200 19104 "https://www.terefic.com/reference/index" "Mozilla/5.0 (Windows NT 5.1) AppleWebKit/537.36 (KHTML, like Gecko) Chrome/34.0.1847.116 Safari/537.36"
64.29.40.12 - - [16/Apr/2014:09:45:49 -0500] "GET /reference/reference_request_review/a1bd0dff-206e-4e9b-82a0-4dd54841a2fd HTTP/1.1" 200 10507 "https://www.terefic.com/reference/asked" "Mozilla/5.0 (Windows NT 5.1) AppleWebKit/537.36 (KHTML, like Gecko) Chrome/34.0.1847.116 Safari/537.36"
64.29.40.12 - - [16/Apr/2014:09:45:49 -0500] "GET /reference/reference_request_review/a1bd0dff-206e-4e9b-82a0-4dd54841a2fd HTTP/1.1" 200 10507 "https://www.terefic.com/reference/asked" "Mozilla/5.0 (Windows NT 5.1) AppleWebKit/537.36 (KHTML, like Gecko) Chrome/34.0.1847.116 Safari/537.36"
107.20.133.252 - terefic [16/Apr/2014:09:49:52 -0500] "GET / HTTP/1.1" 200 18350 "-" "check_http/v1.4.16 (nagios-plugins 1.4.16)"
107.20.133.252 - terefic [16/Apr/2014:09:55:02 -0500] "GET / HTTP/1.1" 200 18350 "-" "check_http/v1.4.16 (nagios-plugins 1.4.16)"
107.20.133.252 - terefic [16/Apr/2014:10:00:12 -0500] "GET / HTTP/1.1" 200 18350 "-" "check_http/v1.4.16 (nagios-plugins 1.4.16)"
107.20.133.252 - terefic [16/Apr/2014:10:05:22 -0500] "GET / HTTP/1.1" 200 18350 "-" "check_http/v1.4.16 (nagios-plugins 1.4.16)"
107.20.133.252 - terefic [16/Apr/2014:10:10:32 -0500] "GET / HTTP/1.1" 200 18350 "-" "check_http/v1.4.16 (nagios-plugins 1.4.16)"
107.20.133.252 - terefic [16/Apr/2014:10:15:42 -0500] "GET / HTTP/1.1" 200 18350 "-" "check_http/v1.4.16 (nagios-plugins 1.4.16)"
107.20.133.252 - terefic [16/Apr/2014:10:20:52 -0500] "GET / HTTP/1.1" 200 18350 "-" "check_http/v1.4.16 (nagios-plugins 1.4.16)"
66.249.65.182 - - [16/Apr/2014:10:22:24 -0500] "GET / HTTP/1.1" 200 18350 "-" "Mozilla/5.0 (compatible; Googlebot/2.1; +http://www.google.com/bot.html)"
5.10.83.92 - - [16/Apr/2014:10:24:37 -0500] "GET /demo/profile/47 HTTP/1.1" 500 1 "-" "Mozilla/5.0 (compatible; AhrefsBot/5.0; +http://ahrefs.com/robot/)"
107.20.133.252 - terefic [16/Apr/2014:10:28:53 -0500] "GET / HTTP/1.1" 200 18350 "-" "check_http/v1.4.16 (nagios-plugins 1.4.16)"
107.20.133.252 - terefic [16/Apr/2014:10:33:54 -0500] "GET / HTTP/1.1" 200 18350 "-" "check_http/v1.4.16 (nagios-plugins 1.4.16)"
107.20.133.252 - terefic [16/Apr/2014:10:38:54 -0500] "GET / HTTP/1.1" 200 18350 "-" "check_http/v1.4.16 (nagios-plugins 1.4.16)"
5.10.83.81 - - [16/Apr/2014:10:42:02 -0500] "GET /users/login/forgotten HTTP/1.1" 200 5628 "-" "Mozilla/5.0 (compatible; AhrefsBot/5.0; +http://ahrefs.com/robot/)"
107.20.133.252 - terefic [16/Apr/2014:10:46:42 -0500] "GET / HTTP/1.1" 200 18350 "-" "check_http/v1.4.16 (nagios-plugins 1.4.16)"
107.20.133.252 - terefic [16/Apr/2014:10:51:52 -0500] "GET / HTTP/1.1" 200 18350 "-" "check_http/v1.4.16 (nagios-plugins 1.4.16)"
107.20.133.252 - terefic [16/Apr/2014:10:57:01 -0500] "GET / HTTP/1.1" 200 18350 "-" "check_http/v1.4.16 (nagios-plugins 1.4.16)"
107.20.133.252 - terefic [16/Apr/2014:11:02:12 -0500] "GET / HTTP/1.1" 200 18350 "-" "check_http/v1.4.16 (nagios-plugins 1.4.16)"
107.20.133.252 - terefic [16/Apr/2014:11:07:22 -0500] "GET / HTTP/1.1" 200 18350 "-" "check_http/v1.4.16 (nagios-plugins 1.4.16)"
107.20.133.252 - terefic [16/Apr/2014:11:08:54 -0500] "GET / HTTP/1.1" 200 18350 "-" "check_http/v1.4.16 (nagios-plugins 1.4.16)"
107.20.133.252 - terefic [16/Apr/2014:11:13:53 -0500] "GET / HTTP/1.1" 200 18350 "-" "check_http/v1.4.16 (nagios-plugins 1.4.16)"
107.20.133.252 - terefic [16/Apr/2014:11:18:54 -0500] "GET / HTTP/1.1" 200 18350 "-" "check_http/v1.4.16 (nagios-plugins 1.4.16)"
107.20.133.252 - terefic [16/Apr/2014:11:22:52 -0500] "GET / HTTP/1.1" 200 18350 "-" "check_http/v1.4.16 (nagios-plugins 1.4.16)"
107.20.133.252 - terefic [16/Apr/2014:11:28:02 -0500] "GET / HTTP/1.1" 200 18350 "-" "check_http/v1.4.16 (nagios-plugins 1.4.16)"
216.137.42.96 - - [16/Apr/2014:11:28:29 -0500] "GET /resources/images/screenshot.png HTTP/1.1" 200 45990 "-" "Amazon CloudFront"
107.20.133.252 - terefic [16/Apr/2014:11:33:12 -0500] "GET / HTTP/1.1" 200 18350 "-" "check_http/v1.4.16 (nagios-plugins 1.4.16)"
107.20.133.252 - terefic [16/Apr/2014:11:38:22 -0500] "GET / HTTP/1.1" 200 18350 "-" "check_http/v1.4.16 (nagios-plugins 1.4.16)"
107.20.133.252 - terefic [16/Apr/2014:11:43:32 -0500] "GET / HTTP/1.1" 200 18350 "-" "check_http/v1.4.16 (nagios-plugins 1.4.16)"
107.20.133.252 - terefic [16/Apr/2014:11:48:41 -0500] "GET / HTTP/1.1" 200 18350 "-" "check_http/v1.4.16 (nagios-plugins 1.4.16)"
107.20.133.252 - terefic [16/Apr/2014:11:53:52 -0500] "GET / HTTP/1.1" 200 18350 "-" "check_http/v1.4.16 (nagios-plugins 1.4.16)"
107.20.133.252 - terefic [16/Apr/2014:11:58:54 -0500] "GET / HTTP/1.1" 200 18350 "-" "check_http/v1.4.16 (nagios-plugins 1.4.16)"
5.10.83.11 - - [16/Apr/2014:11:59:23 -0500] "GET /demo/survey/edit/1261?redirectTo=www.terefic.com/demo/reference/surveys HTTP/1.1" 200 76479 "-" "Mozilla/5.0 (compatible; AhrefsBot/5.0; +http://ahrefs.com/robot/)"
107.20.133.252 - terefic [16/Apr/2014:12:04:11 -0500] "GET / HTTP/1.1" 200 18350 "-" "check_http/v1.4.16 (nagios-plugins 1.4.16)"
107.20.133.252 - terefic [16/Apr/2014:12:09:21 -0500] "GET / HTTP/1.1" 200 18350 "-" "check_http/v1.4.16 (nagios-plugins 1.4.16)"
107.20.133.252 - terefic [16/Apr/2014:12:14:32 -0500] "GET / HTTP/1.1" 200 18350 "-" "check_http/v1.4.16 (nagios-plugins 1.4.16)"
66.249.65.118 - - [16/Apr/2014:12:17:32 -0500] "GET /robots.txt HTTP/1.1" 200 5210 "-" "Mozilla/5.0 (compatible; Googlebot/2.1; +http://www.google.com/bot.html)"
107.20.133.252 - terefic [16/Apr/2014:12:18:54 -0500] "GET / HTTP/1.1" 200 18350 "-" "check_http/v1.4.16 (nagios-plugins 1.4.16)"
107.20.133.252 - terefic [16/Apr/2014:12:23:53 -0500] "GET / HTTP/1.1" 200 18350 "-" "check_http/v1.4.16 (nagios-plugins 1.4.16)"
107.20.133.252 - terefic [16/Apr/2014:12:28:54 -0500] "GET / HTTP/1.1" 200 18350 "-" "check_http/v1.4.16 (nagios-plugins 1.4.16)"
107.20.133.252 - terefic [16/Apr/2014:12:33:53 -0500] "GET / HTTP/1.1" 200 18350 "-" "check_http/v1.4.16 (nagios-plugins 1.4.16)"
66.249.73.57 - - [16/Apr/2014:12:36:05 -0500] "GET /users/feedback HTTP/1.1" 200 9065 "-" "DoCoMo/2.0 N905i(c100;TB;W24H16) (compatible; Googlebot-Mobile/2.1; +http://www.google.com/bot.html)"
107.20.133.252 - terefic [16/Apr/2014:12:40:21 -0500] "GET / HTTP/1.1" 200 18350 "-" "check_http/v1.4.16 (nagios-plugins 1.4.16)"
107.20.133.252 - terefic [16/Apr/2014:12:48:53 -0500] "GET / HTTP/1.1" 200 18350 "-" "check_http/v1.4.16 (nagios-plugins 1.4.16)"
107.20.133.252 - terefic [16/Apr/2014:12:53:53 -0500] "GET / HTTP/1.1" 200 18350 "-" "check_http/v1.4.16 (nagios-plugins 1.4.16)"
107.20.133.252 - terefic [16/Apr/2014:12:58:54 -0500] "GET / HTTP/1.1" 200 18350 "-" "check_http/v1.4.16 (nagios-plugins 1.4.16)"
107.20.133.252 - terefic [16/Apr/2014:13:03:53 -0500] "GET / HTTP/1.1" 200 18350 "-" "check_http/v1.4.16 (nagios-plugins 1.4.16)"
107.20.133.252 - terefic [16/Apr/2014:13:08:53 -0500] "GET / HTTP/1.1" 200 18350 "-" "check_http/v1.4.16 (nagios-plugins 1.4.16)"
107.20.133.252 - terefic [16/Apr/2014:13:13:54 -0500] "GET / HTTP/1.1" 200 18350 "-" "check_http/v1.4.16 (nagios-plugins 1.4.16)"
216.137.42.96 - - [16/Apr/2014:13:14:22 -0500] "GET /resources/fonts/neo_sans_medium.ttf)%20format(%22truetype%22 HTTP/1.1" 400 - "-" "Amazon CloudFront"
107.20.133.252 - terefic [16/Apr/2014:13:16:32 -0500] "GET / HTTP/1.1" 200 18350 "-" "check_http/v1.4.16 (nagios-plugins 1.4.16)"
107.20.133.252 - terefic [16/Apr/2014:13:21:42 -0500] "GET / HTTP/1.1" 200 18350 "-" "check_http/v1.4.16 (nagios-plugins 1.4.16)"
107.20.133.252 - terefic [16/Apr/2014:13:26:51 -0500] "GET / HTTP/1.1" 200 18350 "-" "check_http/v1.4.16 (nagios-plugins 1.4.16)"
107.20.133.252 - terefic [16/Apr/2014:13:32:02 -0500] "GET / HTTP/1.1" 200 18350 "-" "check_http/v1.4.16 (nagios-plugins 1.4.16)"
107.20.133.252 - terefic [16/Apr/2014:13:37:12 -0500] "GET / HTTP/1.1" 200 18350 "-" "check_http/v1.4.16 (nagios-plugins 1.4.16)"
107.20.133.252 - terefic [16/Apr/2014:13:42:21 -0500] "GET / HTTP/1.1" 200 18350 "-" "check_http/v1.4.16 (nagios-plugins 1.4.16)"
66.249.65.182 - - [16/Apr/2014:13:46:53 -0500] "GET /robots.txt HTTP/1.1" 200 5210 "-" "Mozilla/5.0 (compatible; Googlebot/2.1; +http://www.google.com/bot.html)"
66.249.65.182 - - [16/Apr/2014:13:47:04 -0500] "GET /demo/reference/followup HTTP/1.1" 500 1 "-" "Mozilla/5.0 (compatible; Googlebot/2.1; +http://www.google.com/bot.html)"
107.20.133.252 - terefic [16/Apr/2014:13:47:31 -0500] "GET / HTTP/1.1" 200 18350 "-" "check_http/v1.4.16 (nagios-plugins 1.4.16)"
66.249.65.182 - - [16/Apr/2014:13:47:52 -0500] "GET /demo/reference/1001002 HTTP/1.1" 500 1 "-" "Mozilla/5.0 (compatible; Googlebot/2.1; +http://www.google.com/bot.html)"
107.20.133.252 - terefic [16/Apr/2014:13:48:53 -0500] "GET / HTTP/1.1" 200 18350 "-" "check_http/v1.4.16 (nagios-plugins 1.4.16)"
107.20.133.252 - terefic [16/Apr/2014:13:53:53 -0500] "GET / HTTP/1.1" 200 18350 "-" "check_http/v1.4.16 (nagios-plugins 1.4.16)"
107.20.133.252 - terefic [16/Apr/2014:13:57:51 -0500] "GET / HTTP/1.1" 200 18350 "-" "check_http/v1.4.16 (nagios-plugins 1.4.16)"
107.20.133.252 - terefic [16/Apr/2014:14:03:53 -0500] "GET / HTTP/1.1" 200 18350 "-" "check_http/v1.4.16 (nagios-plugins 1.4.16)"
107.20.133.252 - terefic [16/Apr/2014:14:08:54 -0500] "GET / HTTP/1.1" 200 18350 "-" "check_http/v1.4.16 (nagios-plugins 1.4.16)"
107.20.133.252 - terefic [16/Apr/2014:14:13:53 -0500] "GET / HTTP/1.1" 200 18350 "-" "check_http/v1.4.16 (nagios-plugins 1.4.16)"
107.20.133.252 - terefic [16/Apr/2014:14:18:53 -0500] "GET / HTTP/1.1" 200 18350 "-" "check_http/v1.4.16 (nagios-plugins 1.4.16)"
107.20.133.252 - terefic [16/Apr/2014:14:23:53 -0500] "GET / HTTP/1.1" 200 18350 "-" "check_http/v1.4.16 (nagios-plugins 1.4.16)"
107.20.133.252 - terefic [16/Apr/2014:14:28:53 -0500] "GET / HTTP/1.1" 200 18350 "-" "check_http/v1.4.16 (nagios-plugins 1.4.16)"
107.20.133.252 - terefic [16/Apr/2014:14:34:01 -0500] "GET / HTTP/1.1" 200 18350 "-" "check_http/v1.4.16 (nagios-plugins 1.4.16)"
107.20.133.252 - terefic [16/Apr/2014:14:39:12 -0500] "GET / HTTP/1.1" 200 18350 "-" "check_http/v1.4.16 (nagios-plugins 1.4.16)"
64.29.40.12 - - [16/Apr/2014:14:44:02 -0500] "GET /reference/index HTTP/1.1" 200 34352 "https://www.terefic.com/reference/reference_request_review/a1bd0dff-206e-4e9b-82a0-4dd54841a2fd" "Mozilla/5.0 (Windows NT 5.1) AppleWebKit/537.36 (KHTML, like Gecko) Chrome/34.0.1847.116 Safari/537.36"
64.29.40.12 - - [16/Apr/2014:14:44:06 -0500] "GET /reference/asked HTTP/1.1" 200 19104 "https://www.terefic.com/reference/index" "Mozilla/5.0 (Windows NT 5.1) AppleWebKit/537.36 (KHTML, like Gecko) Chrome/34.0.1847.116 Safari/537.36"
107.20.133.252 - terefic [16/Apr/2014:14:48:53 -0500] "GET / HTTP/1.1" 200 18350 "-" "check_http/v1.4.16 (nagios-plugins 1.4.16)"
107.20.133.252 - terefic [16/Apr/2014:14:53:53 -0500] "GET / HTTP/1.1" 200 18350 "-" "check_http/v1.4.16 (nagios-plugins 1.4.16)"
107.20.133.252 - terefic [16/Apr/2014:14:58:53 -0500] "GET / HTTP/1.1" 200 18350 "-" "check_http/v1.4.16 (nagios-plugins 1.4.16)"
107.20.133.252 - terefic [16/Apr/2014:15:03:53 -0500] "GET / HTTP/1.1" 200 18350 "-" "check_http/v1.4.16 (nagios-plugins 1.4.16)"
107.20.133.252 - terefic [16/Apr/2014:15:08:53 -0500] "GET / HTTP/1.1" 200 18350 "-" "check_http/v1.4.16 (nagios-plugins 1.4.16)"
107.20.133.252 - terefic [16/Apr/2014:15:13:53 -0500] "GET / HTTP/1.1" 200 18350 "-" "check_http/v1.4.16 (nagios-plugins 1.4.16)"
107.20.133.252 - terefic [16/Apr/2014:15:18:53 -0500] "GET / HTTP/1.1" 200 18350 "-" "check_http/v1.4.16 (nagios-plugins 1.4.16)"
107.20.133.252 - terefic [16/Apr/2014:15:23:53 -0500] "GET / HTTP/1.1" 200 18350 "-" "check_http/v1.4.16 (nagios-plugins 1.4.16)"
107.20.133.252 - terefic [16/Apr/2014:15:28:53 -0500] "GET / HTTP/1.1" 200 18350 "-" "check_http/v1.4.16 (nagios-plugins 1.4.16)"
107.20.133.252 - terefic [16/Apr/2014:15:33:53 -0500] "GET / HTTP/1.1" 200 18350 "-" "check_http/v1.4.16 (nagios-plugins 1.4.16)"
107.20.133.252 - terefic [16/Apr/2014:15:38:53 -0500] "GET / HTTP/1.1" 200 18350 "-" "check_http/v1.4.16 (nagios-plugins 1.4.16)"
107.20.133.252 - terefic [16/Apr/2014:15:43:53 -0500] "GET / HTTP/1.1" 200 18350 "-" "check_http/v1.4.16 (nagios-plugins 1.4.16)"
107.20.133.252 - terefic [16/Apr/2014:15:48:53 -0500] "GET / HTTP/1.1" 200 18350 "-" "check_http/v1.4.16 (nagios-plugins 1.4.16)"
107.20.133.252 - terefic [16/Apr/2014:15:53:53 -0500] "GET / HTTP/1.1" 200 18350 "-" "check_http/v1.4.16 (nagios-plugins 1.4.16)"
107.20.133.252 - terefic [16/Apr/2014:15:58:53 -0500] "GET / HTTP/1.1" 200 18350 "-" "check_http/v1.4.16 (nagios-plugins 1.4.16)"
107.20.133.252 - terefic [16/Apr/2014:16:03:53 -0500] "GET / HTTP/1.1" 200 18350 "-" "check_http/v1.4.16 (nagios-plugins 1.4.16)"
107.20.133.252 - terefic [16/Apr/2014:16:08:53 -0500] "GET / HTTP/1.1" 200 18350 "-" "check_http/v1.4.16 (nagios-plugins 1.4.16)"
107.20.133.252 - terefic [16/Apr/2014:16:13:53 -0500] "GET / HTTP/1.1" 200 18350 "-" "check_http/v1.4.16 (nagios-plugins 1.4.16)"
107.20.133.252 - terefic [16/Apr/2014:16:18:53 -0500] "GET / HTTP/1.1" 200 18350 "-" "check_http/v1.4.16 (nagios-plugins 1.4.16)"
107.20.133.252 - terefic [16/Apr/2014:16:23:53 -0500] "GET / HTTP/1.1" 200 18350 "-" "check_http/v1.4.16 (nagios-plugins 1.4.16)"
107.20.133.252 - terefic [16/Apr/2014:16:27:41 -0500] "GET / HTTP/1.1" 200 18350 "-" "check_http/v1.4.16 (nagios-plugins 1.4.16)"
107.20.133.252 - terefic [16/Apr/2014:16:32:51 -0500] "GET / HTTP/1.1" 200 18350 "-" "check_http/v1.4.16 (nagios-plugins 1.4.16)"
205.207.104.238 - - [16/Apr/2014:16:34:50 -0500] "GET / HTTP/1.1" 200 18350 "-" "Mozilla/5.0 (Windows NT 6.1; WOW64) AppleWebKit/537.17 (KHTML, like Gecko) Chrome/24.0.1312.52 Safari/537.17"
107.20.133.252 - terefic [16/Apr/2014:16:38:53 -0500] "GET / HTTP/1.1" 200 18350 "-" "check_http/v1.4.16 (nagios-plugins 1.4.16)"
107.20.133.252 - terefic [16/Apr/2014:16:43:53 -0500] "GET / HTTP/1.1" 200 18350 "-" "check_http/v1.4.16 (nagios-plugins 1.4.16)"
107.20.133.252 - terefic [16/Apr/2014:16:48:53 -0500] "GET / HTTP/1.1" 200 18350 "-" "check_http/v1.4.16 (nagios-plugins 1.4.16)"
107.20.133.252 - terefic [16/Apr/2014:16:53:53 -0500] "GET / HTTP/1.1" 200 18350 "-" "check_http/v1.4.16 (nagios-plugins 1.4.16)"
107.20.133.252 - terefic [16/Apr/2014:16:58:53 -0500] "GET / HTTP/1.1" 200 18350 "-" "check_http/v1.4.16 (nagios-plugins 1.4.16)"
107.20.133.252 - terefic [16/Apr/2014:17:03:53 -0500] "GET / HTTP/1.1" 200 18350 "-" "check_http/v1.4.16 (nagios-plugins 1.4.16)"
66.249.65.182 - - [16/Apr/2014:17:08:25 -0500] "GET /robots.txt HTTP/1.1" 200 5210 "-" "Mozilla/5.0 (compatible; Googlebot/2.1; +http://www.google.com/bot.html)"
107.20.133.252 - terefic [16/Apr/2014:17:09:01 -0500] "GET / HTTP/1.1" 200 18350 "-" "check_http/v1.4.16 (nagios-plugins 1.4.16)"
107.20.133.252 - terefic [16/Apr/2014:17:14:11 -0500] "GET / HTTP/1.1" 200 18350 "-" "check_http/v1.4.16 (nagios-plugins 1.4.16)"
178.255.215.66 - - [16/Apr/2014:17:19:19 -0500] "GET /robots.txt HTTP/1.1" 200 5210 "-" "Mozilla/5.0 (compatible; Exabot/3.0; +http://www.exabot.com/go/robot)"
107.20.133.252 - terefic [16/Apr/2014:17:19:21 -0500] "GET / HTTP/1.1" 200 18350 "-" "check_http/v1.4.16 (nagios-plugins 1.4.16)"
107.20.133.252 - terefic [16/Apr/2014:17:23:53 -0500] "GET / HTTP/1.1" 200 18350 "-" "check_http/v1.4.16 (nagios-plugins 1.4.16)"
107.20.133.252 - terefic [16/Apr/2014:17:28:53 -0500] "GET / HTTP/1.1" 200 18350 "-" "check_http/v1.4.16 (nagios-plugins 1.4.16)"
107.20.133.252 - terefic [16/Apr/2014:17:33:53 -0500] "GET / HTTP/1.1" 200 18350 "-" "check_http/v1.4.16 (nagios-plugins 1.4.16)"
107.20.133.252 - terefic [16/Apr/2014:17:38:53 -0500] "GET / HTTP/1.1" 200 18350 "-" "check_http/v1.4.16 (nagios-plugins 1.4.16)"
107.20.133.252 - terefic [16/Apr/2014:17:43:53 -0500] "GET / HTTP/1.1" 200 18350 "-" "check_http/v1.4.16 (nagios-plugins 1.4.16)"
107.20.133.252 - terefic [16/Apr/2014:17:48:53 -0500] "GET / HTTP/1.1" 200 18350 "-" "check_http/v1.4.16 (nagios-plugins 1.4.16)"
107.20.133.252 - terefic [16/Apr/2014:17:53:53 -0500] "GET / HTTP/1.1" 200 18350 "-" "check_http/v1.4.16 (nagios-plugins 1.4.16)"
107.20.133.252 - terefic [16/Apr/2014:17:58:53 -0500] "GET / HTTP/1.1" 200 18350 "-" "check_http/v1.4.16 (nagios-plugins 1.4.16)"
107.20.133.252 - terefic [16/Apr/2014:18:03:53 -0500] "GET / HTTP/1.1" 200 18350 "-" "check_http/v1.4.16 (nagios-plugins 1.4.16)"
107.20.133.252 - terefic [16/Apr/2014:18:08:53 -0500] "GET / HTTP/1.1" 200 18350 "-" "check_http/v1.4.16 (nagios-plugins 1.4.16)"
107.20.133.252 - terefic [16/Apr/2014:18:13:53 -0500] "GET / HTTP/1.1" 200 18350 "-" "check_http/v1.4.16 (nagios-plugins 1.4.16)"
107.20.133.252 - terefic [16/Apr/2014:18:18:53 -0500] "GET / HTTP/1.1" 200 18350 "-" "check_http/v1.4.16 (nagios-plugins 1.4.16)"
107.20.133.252 - terefic [16/Apr/2014:18:23:53 -0500] "GET / HTTP/1.1" 200 18350 "-" "check_http/v1.4.16 (nagios-plugins 1.4.16)"
107.20.133.252 - terefic [16/Apr/2014:18:28:53 -0500] "GET / HTTP/1.1" 200 18350 "-" "check_http/v1.4.16 (nagios-plugins 1.4.16)"
107.20.133.252 - terefic [16/Apr/2014:18:33:53 -0500] "GET / HTTP/1.1" 200 18350 "-" "check_http/v1.4.16 (nagios-plugins 1.4.16)"
107.20.133.252 - terefic [16/Apr/2014:18:36:51 -0500] "GET / HTTP/1.1" 200 18350 "-" "check_http/v1.4.16 (nagios-plugins 1.4.16)"
107.20.133.252 - terefic [16/Apr/2014:18:42:01 -0500] "GET / HTTP/1.1" 200 18350 "-" "check_http/v1.4.16 (nagios-plugins 1.4.16)"
107.20.133.252 - terefic [16/Apr/2014:18:47:11 -0500] "GET / HTTP/1.1" 200 18350 "-" "check_http/v1.4.16 (nagios-plugins 1.4.16)"
66.249.65.118 - - [16/Apr/2014:18:50:55 -0500] "GET /resources/images/misc/dana/dana_big_2.jpg HTTP/1.1" 200 221697 "-" "Googlebot-Image/1.0"
107.20.133.252 - terefic [16/Apr/2014:18:52:21 -0500] "GET / HTTP/1.1" 200 18350 "-" "check_http/v1.4.16 (nagios-plugins 1.4.16)"
107.20.133.252 - terefic [16/Apr/2014:18:53:53 -0500] "GET / HTTP/1.1" 200 18350 "-" "check_http/v1.4.16 (nagios-plugins 1.4.16)"
107.20.133.252 - terefic [16/Apr/2014:18:58:53 -0500] "GET / HTTP/1.1" 200 18350 "-" "check_http/v1.4.16 (nagios-plugins 1.4.16)"
107.20.133.252 - terefic [16/Apr/2014:19:03:53 -0500] "GET / HTTP/1.1" 200 18350 "-" "check_http/v1.4.16 (nagios-plugins 1.4.16)"
107.20.133.252 - terefic [16/Apr/2014:19:08:53 -0500] "GET / HTTP/1.1" 200 18350 "-" "check_http/v1.4.16 (nagios-plugins 1.4.16)"
180.76.5.80 - - [16/Apr/2014:19:13:33 -0500] "GET /demo/profile/card/10 HTTP/1.1" 200 69931 "-" "Mozilla/5.0 (compatible; Baiduspider/2.0; +http://www.baidu.com/search/spider.html)"
180.76.5.80 - - [16/Apr/2014:19:13:37 -0500] "GET /demo/media_upload/ajaxUploader/photo/0/ HTTP/1.1" 200 1559 "https://www.terefic.com/demo/profile/card/10" "Mozilla/5.0 (compatible; Baiduspider/2.0; +http://www.baidu.com/search/spider.html)"
180.76.6.143 - - [16/Apr/2014:19:13:38 -0500] "GET /demo/media_upload/ajaxUploader/logo/0/ HTTP/1.1" 200 1558 "https://www.terefic.com/demo/profile/card/10" "Mozilla/5.0 (compatible; Baiduspider/2.0; +http://www.baidu.com/search/spider.html)"
107.20.133.252 - terefic [16/Apr/2014:19:18:11 -0500] "GET / HTTP/1.1" 200 18350 "-" "check_http/v1.4.16 (nagios-plugins 1.4.16)"
107.20.133.252 - terefic [16/Apr/2014:19:23:21 -0500] "GET / HTTP/1.1" 200 18350 "-" "check_http/v1.4.16 (nagios-plugins 1.4.16)"
107.20.133.252 - terefic [16/Apr/2014:19:28:31 -0500] "GET / HTTP/1.1" 200 18350 "-" "check_http/v1.4.16 (nagios-plugins 1.4.16)"
107.20.133.252 - terefic [16/Apr/2014:19:33:41 -0500] "GET / HTTP/1.1" 200 18350 "-" "check_http/v1.4.16 (nagios-plugins 1.4.16)"
66.249.65.150 - - [16/Apr/2014:19:38:27 -0500] "GET /demo/reference/followup HTTP/1.1" 500 1 "-" "Mozilla/5.0 (compatible; Googlebot/2.1; +http://www.google.com/bot.html)"
66.249.65.182 - - [16/Apr/2014:19:38:48 -0500] "GET /demo/reference/1001002 HTTP/1.1" 500 1 "-" "Mozilla/5.0 (compatible; Googlebot/2.1; +http://www.google.com/bot.html)"
107.20.133.252 - terefic [16/Apr/2014:19:38:53 -0500] "GET / HTTP/1.1" 200 18350 "-" "check_http/v1.4.16 (nagios-plugins 1.4.16)"
66.249.65.182 - - [16/Apr/2014:19:39:09 -0500] "GET /demo/reference/desc HTTP/1.1" 500 1 "-" "Mozilla/5.0 (compatible; Googlebot/2.1; +http://www.google.com/bot.html)"
107.20.133.252 - terefic [16/Apr/2014:19:43:53 -0500] "GET / HTTP/1.1" 200 18350 "-" "check_http/v1.4.16 (nagios-plugins 1.4.16)"
5.10.83.11 - - [16/Apr/2014:19:46:51 -0500] "GET /demo/profile/28 HTTP/1.1" 500 1 "-" "Mozilla/5.0 (compatible; AhrefsBot/5.0; +http://ahrefs.com/robot/)"
107.20.133.252 - terefic [16/Apr/2014:19:49:11 -0500] "GET / HTTP/1.1" 200 18350 "-" "check_http/v1.4.16 (nagios-plugins 1.4.16)"
66.249.83.197 - - [16/Apr/2014:19:52:31 -0500] "GET / HTTP/1.1" 200 18350 "-" "Mozilla/5.0 (Windows NT 6.1; rv:6.0) Gecko/20110814 Firefox/6.0 Google favicon"
107.20.133.252 - terefic [16/Apr/2014:19:53:53 -0500] "GET / HTTP/1.1" 200 18350 "-" "check_http/v1.4.16 (nagios-plugins 1.4.16)"
107.20.133.252 - terefic [16/Apr/2014:19:59:31 -0500] "GET / HTTP/1.1" 200 18350 "-" "check_http/v1.4.16 (nagios-plugins 1.4.16)"
107.20.133.252 - terefic [16/Apr/2014:20:03:53 -0500] "GET / HTTP/1.1" 200 18350 "-" "check_http/v1.4.16 (nagios-plugins 1.4.16)"
107.20.133.252 - terefic [16/Apr/2014:20:04:41 -0500] "GET / HTTP/1.1" 200 18350 "-" "check_http/v1.4.16 (nagios-plugins 1.4.16)"
107.20.133.252 - terefic [16/Apr/2014:20:09:51 -0500] "GET / HTTP/1.1" 200 18350 "-" "check_http/v1.4.16 (nagios-plugins 1.4.16)"
107.20.133.252 - terefic [16/Apr/2014:20:15:01 -0500] "GET / HTTP/1.1" 200 18350 "-" "check_http/v1.4.16 (nagios-plugins 1.4.16)"
66.249.65.118 - - [16/Apr/2014:20:15:37 -0500] "GET /employer/aboutus HTTP/1.1" 200 11889 "-" "Mozilla/5.0 (iPhone; CPU iPhone OS 6_0 like Mac OS X) AppleWebKit/536.26 (KHTML, like Gecko) Version/6.0 Mobile/10A5376e Safari/8536.25 (compatible; Googlebot/2.1; +http://www.google.com/bot.html)"
107.20.133.252 - terefic [16/Apr/2014:20:20:11 -0500] "GET / HTTP/1.1" 200 18350 "-" "check_http/v1.4.16 (nagios-plugins 1.4.16)"
54.239.170.123 - - [16/Apr/2014:20:21:35 -0500] "GET /resources/images/logo.png HTTP/1.1" 200 9327 "-" "Amazon CloudFront"
54.239.170.123 - - [16/Apr/2014:20:21:35 -0500] "GET /resources/cache/64e143e210931423fffcb04e1fac4d0f7ecf0919-professional.js HTTP/1.1" 200 725463 "-" "Amazon CloudFront"
54.239.170.123 - - [16/Apr/2014:20:21:41 -0500] "GET /resources/images/background/small/Out-of-busy-schedule_2-00.jpg HTTP/1.1" 200 3448 "-" "Amazon CloudFront"
54.239.170.11 - - [16/Apr/2014:20:22:28 -0500] "GET /resources/images/sprites/form_sprite.png HTTP/1.1" 200 12934 "-" "Amazon CloudFront"
107.20.133.252 - terefic [16/Apr/2014:20:25:21 -0500] "GET / HTTP/1.1" 200 18350 "-" "check_http/v1.4.16 (nagios-plugins 1.4.16)"
107.20.133.252 - terefic [16/Apr/2014:20:30:31 -0500] "GET / HTTP/1.1" 200 18350 "-" "check_http/v1.4.16 (nagios-plugins 1.4.16)"
54.239.170.11 - - [16/Apr/2014:20:31:47 -0500] "GET /resources/images/sprites/main.png HTTP/1.1" 200 115757 "-" "Amazon CloudFront"
54.239.170.123 - - [16/Apr/2014:20:33:09 -0500] "GET /resources/images/background/small/Levitating.jpg HTTP/1.1" 200 4571 "-" "Amazon CloudFront"
10.12.14.8 - - [16/Apr/2014:20:33:10 -0500] "GET /reference/pdf_attachment/2/ae8a3aa6-a87c-4ad1-bcd0-cf9a31470358 HTTP/1.1" 200 192950 "-" "Java/1.7.0_03"
107.20.133.252 - terefic [16/Apr/2014:20:35:41 -0500] "GET / HTTP/1.1" 200 18350 "-" "check_http/v1.4.16 (nagios-plugins 1.4.16)"
107.20.133.252 - terefic [16/Apr/2014:20:40:51 -0500] "GET / HTTP/1.1" 200 18350 "-" "check_http/v1.4.16 (nagios-plugins 1.4.16)"
