107.20.133.252 - terefic [15/Apr/2014:00:04:36 -0500] "GET / HTTP/1.1" 200 18350 "-" "check_http/v1.4.16 (nagios-plugins 1.4.16)"
107.20.133.252 - terefic [15/Apr/2014:00:13:53 -0500] "GET / HTTP/1.1" 200 18350 "-" "check_http/v1.4.16 (nagios-plugins 1.4.16)"
107.20.133.252 - terefic [15/Apr/2014:00:18:53 -0500] "GET / HTTP/1.1" 200 18350 "-" "check_http/v1.4.16 (nagios-plugins 1.4.16)"
107.20.133.252 - terefic [15/Apr/2014:00:23:53 -0500] "GET / HTTP/1.1" 200 18350 "-" "check_http/v1.4.16 (nagios-plugins 1.4.16)"
107.20.133.252 - terefic [15/Apr/2014:00:28:53 -0500] "GET / HTTP/1.1" 200 18350 "-" "check_http/v1.4.16 (nagios-plugins 1.4.16)"
107.20.133.252 - terefic [15/Apr/2014:00:33:53 -0500] "GET / HTTP/1.1" 200 18350 "-" "check_http/v1.4.16 (nagios-plugins 1.4.16)"
81.209.177.189 - - [15/Apr/2014:00:38:27 -0500] "GET / HTTP/1.1" 200 18350 "-" "netEstate NE Crawler (+http://www.website-datenbank.de/)"
81.209.177.189 - - [15/Apr/2014:00:38:56 -0500] "GET /employer/contactus HTTP/1.1" 200 9050 "-" "netEstate NE Crawler (+http://www.website-datenbank.de/)"
81.209.177.189 - - [15/Apr/2014:00:39:24 -0500] "GET / HTTP/1.1" 200 18350 "-" "netEstate NE Crawler (+http://www.website-datenbank.de/)"
81.209.177.189 - - [15/Apr/2014:00:39:50 -0500] "GET / HTTP/1.1" 200 18350 "-" "netEstate NE Crawler (+http://www.website-datenbank.de/)"
81.209.177.189 - - [15/Apr/2014:00:40:16 -0500] "GET /employer/aboutus HTTP/1.1" 200 11889 "-" "netEstate NE Crawler (+http://www.website-datenbank.de/)"
107.20.133.252 - terefic [15/Apr/2014:00:40:46 -0500] "GET / HTTP/1.1" 200 18350 "-" "check_http/v1.4.16 (nagios-plugins 1.4.16)"
107.20.133.252 - terefic [15/Apr/2014:00:45:56 -0500] "GET / HTTP/1.1" 200 18350 "-" "check_http/v1.4.16 (nagios-plugins 1.4.16)"
217.69.133.6 - - [15/Apr/2014:00:48:40 -0500] "GET /demo/reference/1001001 HTTP/1.1" 500 1 "-" "Mozilla/5.0 (compatible; Linux x86_64; Mail.RU_Bot/2.0; +http://go.mail.ru/help/robots)"
107.20.133.252 - terefic [15/Apr/2014:00:48:53 -0500] "GET / HTTP/1.1" 200 18350 "-" "check_http/v1.4.16 (nagios-plugins 1.4.16)"
107.20.133.252 - terefic [15/Apr/2014:00:53:53 -0500] "GET / HTTP/1.1" 200 18350 "-" "check_http/v1.4.16 (nagios-plugins 1.4.16)"
107.20.133.252 - terefic [15/Apr/2014:00:58:53 -0500] "GET / HTTP/1.1" 200 18350 "-" "check_http/v1.4.16 (nagios-plugins 1.4.16)"
107.20.133.252 - terefic [15/Apr/2014:01:03:53 -0500] "GET / HTTP/1.1" 200 18350 "-" "check_http/v1.4.16 (nagios-plugins 1.4.16)"
107.20.133.252 - terefic [15/Apr/2014:01:08:53 -0500] "GET / HTTP/1.1" 200 18350 "-" "check_http/v1.4.16 (nagios-plugins 1.4.16)"
107.20.133.252 - terefic [15/Apr/2014:01:13:53 -0500] "GET / HTTP/1.1" 200 18350 "-" "check_http/v1.4.16 (nagios-plugins 1.4.16)"
107.20.133.252 - terefic [15/Apr/2014:01:18:53 -0500] "GET / HTTP/1.1" 200 18350 "-" "check_http/v1.4.16 (nagios-plugins 1.4.16)"
107.20.133.252 - terefic [15/Apr/2014:01:23:53 -0500] "GET / HTTP/1.1" 200 18350 "-" "check_http/v1.4.16 (nagios-plugins 1.4.16)"
107.20.133.252 - terefic [15/Apr/2014:01:28:53 -0500] "GET / HTTP/1.1" 200 18350 "-" "check_http/v1.4.16 (nagios-plugins 1.4.16)"
107.20.133.252 - terefic [15/Apr/2014:01:33:53 -0500] "GET / HTTP/1.1" 200 18350 "-" "check_http/v1.4.16 (nagios-plugins 1.4.16)"
107.20.133.252 - terefic [15/Apr/2014:01:38:53 -0500] "GET / HTTP/1.1" 200 18350 "-" "check_http/v1.4.16 (nagios-plugins 1.4.16)"
107.20.133.252 - terefic [15/Apr/2014:01:43:53 -0500] "GET / HTTP/1.1" 200 18350 "-" "check_http/v1.4.16 (nagios-plugins 1.4.16)"
107.20.133.252 - terefic [15/Apr/2014:01:48:53 -0500] "GET / HTTP/1.1" 200 18350 "-" "check_http/v1.4.16 (nagios-plugins 1.4.16)"
107.20.133.252 - terefic [15/Apr/2014:01:53:53 -0500] "GET / HTTP/1.1" 200 18350 "-" "check_http/v1.4.16 (nagios-plugins 1.4.16)"
107.20.133.252 - terefic [15/Apr/2014:01:58:53 -0500] "GET / HTTP/1.1" 200 18350 "-" "check_http/v1.4.16 (nagios-plugins 1.4.16)"
107.20.133.252 - terefic [15/Apr/2014:02:03:53 -0500] "GET / HTTP/1.1" 200 18350 "-" "check_http/v1.4.16 (nagios-plugins 1.4.16)"
107.20.133.252 - terefic [15/Apr/2014:02:08:53 -0500] "GET / HTTP/1.1" 200 18350 "-" "check_http/v1.4.16 (nagios-plugins 1.4.16)"
107.20.133.252 - terefic [15/Apr/2014:02:13:53 -0500] "GET / HTTP/1.1" 200 18350 "-" "check_http/v1.4.16 (nagios-plugins 1.4.16)"
107.20.133.252 - terefic [15/Apr/2014:02:18:56 -0500] "GET / HTTP/1.1" 200 18350 "-" "check_http/v1.4.16 (nagios-plugins 1.4.16)"
217.69.133.2 - - [15/Apr/2014:02:20:44 -0500] "GET /demo/reference/read HTTP/1.1" 500 1 "-" "Mozilla/5.0 (compatible; Linux x86_64; Mail.RU_Bot/2.0; +http://go.mail.ru/help/robots)"
217.69.133.4 - - [15/Apr/2014:02:22:55 -0500] "GET /reference/index HTTP/1.1" 302 - "-" "Mozilla/5.0 (compatible; Linux x86_64; Mail.RU_Bot/2.0; +http://go.mail.ru/help/robots)"
107.20.133.252 - terefic [15/Apr/2014:02:23:53 -0500] "GET / HTTP/1.1" 200 18350 "-" "check_http/v1.4.16 (nagios-plugins 1.4.16)"
107.20.133.252 - terefic [15/Apr/2014:02:28:53 -0500] "GET / HTTP/1.1" 200 18350 "-" "check_http/v1.4.16 (nagios-plugins 1.4.16)"
107.20.133.252 - terefic [15/Apr/2014:02:33:53 -0500] "GET / HTTP/1.1" 200 18350 "-" "check_http/v1.4.16 (nagios-plugins 1.4.16)"
107.20.133.252 - terefic [15/Apr/2014:02:38:53 -0500] "GET / HTTP/1.1" 200 18350 "-" "check_http/v1.4.16 (nagios-plugins 1.4.16)"
107.20.133.252 - terefic [15/Apr/2014:02:43:53 -0500] "GET / HTTP/1.1" 200 18350 "-" "check_http/v1.4.16 (nagios-plugins 1.4.16)"
107.20.133.252 - terefic [15/Apr/2014:02:48:53 -0500] "GET / HTTP/1.1" 200 18350 "-" "check_http/v1.4.16 (nagios-plugins 1.4.16)"
107.20.133.252 - terefic [15/Apr/2014:02:53:53 -0500] "GET / HTTP/1.1" 200 18350 "-" "check_http/v1.4.16 (nagios-plugins 1.4.16)"
107.20.133.252 - terefic [15/Apr/2014:02:58:53 -0500] "GET / HTTP/1.1" 200 18350 "-" "check_http/v1.4.16 (nagios-plugins 1.4.16)"
183.60.214.62 - - [15/Apr/2014:03:02:09 -0500] "GET /demo/reference/asked HTTP/1.1" 200 19659 "-" "Mozilla/5.0 (compatible; EasouSpider; +http://www.easou.com/search/spider.html)"
107.20.133.252 - terefic [15/Apr/2014:03:03:53 -0500] "GET / HTTP/1.1" 200 18350 "-" "check_http/v1.4.16 (nagios-plugins 1.4.16)"
107.20.133.252 - terefic [15/Apr/2014:03:08:53 -0500] "GET / HTTP/1.1" 200 18350 "-" "check_http/v1.4.16 (nagios-plugins 1.4.16)"
107.20.133.252 - terefic [15/Apr/2014:03:13:53 -0500] "GET / HTTP/1.1" 200 18350 "-" "check_http/v1.4.16 (nagios-plugins 1.4.16)"
107.20.133.252 - terefic [15/Apr/2014:03:18:53 -0500] "GET / HTTP/1.1" 200 18350 "-" "check_http/v1.4.16 (nagios-plugins 1.4.16)"
107.20.133.252 - terefic [15/Apr/2014:03:20:56 -0500] "GET / HTTP/1.1" 200 18350 "-" "check_http/v1.4.16 (nagios-plugins 1.4.16)"
66.249.70.197 - - [15/Apr/2014:03:21:06 -0500] "GET /robots.txt HTTP/1.1" 200 5210 "-" "Mozilla/5.0 (compatible; Googlebot/2.1; +http://www.google.com/bot.html)"
107.20.133.252 - terefic [15/Apr/2014:03:26:06 -0500] "GET / HTTP/1.1" 200 18350 "-" "check_http/v1.4.16 (nagios-plugins 1.4.16)"
107.20.133.252 - terefic [15/Apr/2014:03:31:16 -0500] "GET / HTTP/1.1" 200 18350 "-" "check_http/v1.4.16 (nagios-plugins 1.4.16)"
107.20.133.252 - terefic [15/Apr/2014:03:36:26 -0500] "GET / HTTP/1.1" 200 18350 "-" "check_http/v1.4.16 (nagios-plugins 1.4.16)"
183.60.213.27 - - [15/Apr/2014:03:39:17 -0500] "GET /demo/profile/card/ HTTP/1.1" 200 69931 "-" "Mozilla/5.0 (compatible; EasouSpider; +http://www.easou.com/search/spider.html)"
107.20.133.252 - terefic [15/Apr/2014:03:43:53 -0500] "GET / HTTP/1.1" 200 18350 "-" "check_http/v1.4.16 (nagios-plugins 1.4.16)"
107.20.133.252 - terefic [15/Apr/2014:03:48:53 -0500] "GET / HTTP/1.1" 200 18350 "-" "check_http/v1.4.16 (nagios-plugins 1.4.16)"
217.69.133.4 - - [15/Apr/2014:03:52:40 -0500] "GET /robots.txt HTTP/1.1" 200 5210 "-" "Mozilla/5.0 (compatible; Linux x86_64; Mail.RU_Bot/2.0; +http://go.mail.ru/help/robots)"
107.20.133.252 - terefic [15/Apr/2014:03:53:53 -0500] "GET / HTTP/1.1" 200 18350 "-" "check_http/v1.4.16 (nagios-plugins 1.4.16)"
107.20.133.252 - terefic [15/Apr/2014:03:58:53 -0500] "GET / HTTP/1.1" 200 18350 "-" "check_http/v1.4.16 (nagios-plugins 1.4.16)"
107.20.133.252 - terefic [15/Apr/2014:04:03:53 -0500] "GET / HTTP/1.1" 200 18350 "-" "check_http/v1.4.16 (nagios-plugins 1.4.16)"
107.20.133.252 - terefic [15/Apr/2014:04:08:53 -0500] "GET / HTTP/1.1" 200 18350 "-" "check_http/v1.4.16 (nagios-plugins 1.4.16)"
107.20.133.252 - terefic [15/Apr/2014:04:13:53 -0500] "GET / HTTP/1.1" 200 18350 "-" "check_http/v1.4.16 (nagios-plugins 1.4.16)"
107.20.133.252 - terefic [15/Apr/2014:04:18:53 -0500] "GET / HTTP/1.1" 200 18350 "-" "check_http/v1.4.16 (nagios-plugins 1.4.16)"
107.20.133.252 - terefic [15/Apr/2014:04:23:53 -0500] "GET / HTTP/1.1" 200 18350 "-" "check_http/v1.4.16 (nagios-plugins 1.4.16)"
107.20.133.252 - terefic [15/Apr/2014:04:28:53 -0500] "GET / HTTP/1.1" 200 18350 "-" "check_http/v1.4.16 (nagios-plugins 1.4.16)"
107.20.133.252 - terefic [15/Apr/2014:04:33:53 -0500] "GET / HTTP/1.1" 200 18350 "-" "check_http/v1.4.16 (nagios-plugins 1.4.16)"
107.20.133.252 - terefic [15/Apr/2014:04:38:53 -0500] "GET / HTTP/1.1" 200 18350 "-" "check_http/v1.4.16 (nagios-plugins 1.4.16)"
107.20.133.252 - terefic [15/Apr/2014:04:43:53 -0500] "GET / HTTP/1.1" 200 18350 "-" "check_http/v1.4.16 (nagios-plugins 1.4.16)"
107.20.133.252 - terefic [15/Apr/2014:04:48:53 -0500] "GET / HTTP/1.1" 200 18350 "-" "check_http/v1.4.16 (nagios-plugins 1.4.16)"
107.20.133.252 - terefic [15/Apr/2014:04:53:53 -0500] "GET / HTTP/1.1" 200 18350 "-" "check_http/v1.4.16 (nagios-plugins 1.4.16)"
216.137.42.96 - - [15/Apr/2014:04:55:22 -0500] "GET /resources/images/background/small/Classy-Professional.jpg HTTP/1.1" 200 7054 "-" "Amazon CloudFront"
216.137.42.96 - - [15/Apr/2014:04:55:22 -0500] "GET /resources/images/loading.gif HTTP/1.1" 200 3188 "-" "Amazon CloudFront"
107.20.133.252 - terefic [15/Apr/2014:04:59:06 -0500] "GET / HTTP/1.1" 200 18350 "-" "check_http/v1.4.16 (nagios-plugins 1.4.16)"
107.20.133.252 - terefic [15/Apr/2014:05:04:16 -0500] "GET / HTTP/1.1" 200 18350 "-" "check_http/v1.4.16 (nagios-plugins 1.4.16)"
107.20.133.252 - terefic [15/Apr/2014:05:09:26 -0500] "GET / HTTP/1.1" 200 18350 "-" "check_http/v1.4.16 (nagios-plugins 1.4.16)"
54.240.145.13 - - [15/Apr/2014:05:10:48 -0500] "GET /resources/cache/e09fe7a6bdec2ea5644dfecbb113eb0e95853af1-professional.js HTTP/1.1" 200 725762 "-" "Amazon CloudFront"
54.240.145.13 - - [15/Apr/2014:05:10:49 -0500] "GET /resources/images/silhouette.jpg HTTP/1.1" 200 4372 "-" "Amazon CloudFront"
107.20.133.252 - terefic [15/Apr/2014:05:13:53 -0500] "GET / HTTP/1.1" 200 18350 "-" "check_http/v1.4.16 (nagios-plugins 1.4.16)"
107.20.133.252 - terefic [15/Apr/2014:05:18:53 -0500] "GET / HTTP/1.1" 200 18350 "-" "check_http/v1.4.16 (nagios-plugins 1.4.16)"
107.20.133.252 - terefic [15/Apr/2014:05:23:53 -0500] "GET / HTTP/1.1" 200 18350 "-" "check_http/v1.4.16 (nagios-plugins 1.4.16)"
107.20.133.252 - terefic [15/Apr/2014:05:28:53 -0500] "GET / HTTP/1.1" 200 18350 "-" "check_http/v1.4.16 (nagios-plugins 1.4.16)"
198.74.231.31 - - [15/Apr/2014:05:30:22 -0500] "GET /robots.txt HTTP/1.0" 200 5210 "-" "Mozilla/5.0 (compatible; MJ12bot/v1.4.4; http://www.majestic12.co.uk/bot.php?+)"
217.69.133.4 - - [15/Apr/2014:05:33:12 -0500] "GET /robots.txt HTTP/1.1" 200 5210 "-" "Mozilla/5.0 (compatible; Linux x86_64; Mail.RU_Bot/2.0; +http://go.mail.ru/help/robots)"
107.20.133.252 - terefic [15/Apr/2014:05:33:53 -0500] "GET / HTTP/1.1" 200 18350 "-" "check_http/v1.4.16 (nagios-plugins 1.4.16)"
107.20.133.252 - terefic [15/Apr/2014:05:38:53 -0500] "GET / HTTP/1.1" 200 18350 "-" "check_http/v1.4.16 (nagios-plugins 1.4.16)"
216.137.60.8 - - [15/Apr/2014:05:43:31 -0500] "GET /resources/cache/64e143e210931423fffcb04e1fac4d0f7ecf0919-professional.css HTTP/1.1" 200 182620 "-" "Amazon CloudFront"
216.137.60.8 - - [15/Apr/2014:05:43:39 -0500] "GET /resources/images/logo138.png HTTP/1.1" 200 5496 "-" "Amazon CloudFront"
216.137.60.8 - - [15/Apr/2014:05:43:39 -0500] "GET /resources/images/blue-logo.jpg HTTP/1.1" 200 45994 "-" "Amazon CloudFront"
216.137.60.8 - - [15/Apr/2014:05:43:39 -0500] "GET /resources/images/marketing/howitworks/vet_how_image_2.jpg HTTP/1.1" 200 14650 "-" "Amazon CloudFront"
216.137.60.8 - - [15/Apr/2014:05:43:39 -0500] "GET /resources/images/sprites/pro_sprite.v7.jpg HTTP/1.1" 200 701823 "-" "Amazon CloudFront"
216.137.60.8 - - [15/Apr/2014:05:44:47 -0500] "GET /resources/images/misc/why_thumbnails.jpg HTTP/1.1" 200 19302 "-" "Amazon CloudFront"
216.137.60.8 - - [15/Apr/2014:05:44:47 -0500] "GET /resources/images/why-waiting.jpg HTTP/1.1" 200 35013 "-" "Amazon CloudFront"
66.249.70.197 - - [15/Apr/2014:05:47:22 -0500] "GET /robots.txt HTTP/1.1" 200 5210 "-" "Mozilla/5.0 (compatible; Googlebot/2.1; +http://www.google.com/bot.html)"
216.137.60.8 - - [15/Apr/2014:05:47:57 -0500] "GET /resources/cache/64e143e210931423fffcb04e1fac4d0f7ecf0919-employer.css HTTP/1.1" 404 5006 "-" "Amazon CloudFront"
216.137.60.8 - - [15/Apr/2014:05:48:04 -0500] "GET /resources/js/savingsCalculator.js HTTP/1.1" 200 6452 "-" "Amazon CloudFront"
216.137.60.8 - - [15/Apr/2014:05:48:05 -0500] "GET /resources/images/loading.gif HTTP/1.1" 200 3188 "-" "Amazon CloudFront"
216.137.60.8 - - [15/Apr/2014:05:48:05 -0500] "GET /resources/images/background/Interview.jpg HTTP/1.1" 200 565331 "-" "Amazon CloudFront"
188.2.48.140 - - [15/Apr/2014:05:48:46 -0500] "GET / HTTP/1.1" 200 18350 "-" "Mozilla/5.0 (Macintosh; Intel Mac OS X 10_9_2) AppleWebKit/537.36 (KHTML, like Gecko) Chrome/34.0.1847.116 Safari/537.36"
54.240.145.13 - - [15/Apr/2014:05:48:47 -0500] "GET /resources/cache/64e143e210931423fffcb04e1fac4d0f7ecf0919-employer.js HTTP/1.1" 200 851484 "-" "Amazon CloudFront"
188.2.48.140 - - [15/Apr/2014:05:48:52 -0500] "GET /employer/login HTTP/1.1" 200 6816 "https://www.terefic.com/" "Mozilla/5.0 (Macintosh; Intel Mac OS X 10_9_2) AppleWebKit/537.36 (KHTML, like Gecko) Chrome/34.0.1847.116 Safari/537.36"
188.2.48.140 - - [15/Apr/2014:05:49:01 -0500] "POST /users/login/authorize/ HTTP/1.1" 302 - "https://www.terefic.com/employer/login" "Mozilla/5.0 (Macintosh; Intel Mac OS X 10_9_2) AppleWebKit/537.36 (KHTML, like Gecko) Chrome/34.0.1847.116 Safari/537.36"
188.2.48.140 - - [15/Apr/2014:05:49:02 -0500] "GET /employer/login?email=sdjukic@deployinc.com HTTP/1.1" 200 6861 "https://www.terefic.com/employer/login" "Mozilla/5.0 (Macintosh; Intel Mac OS X 10_9_2) AppleWebKit/537.36 (KHTML, like Gecko) Chrome/34.0.1847.116 Safari/537.36"
188.2.48.140 - - [15/Apr/2014:05:49:20 -0500] "POST /users/login/authorize/ HTTP/1.1" 302 - "https://www.terefic.com/employer/login?email=sdjukic@deployinc.com" "Mozilla/5.0 (Macintosh; Intel Mac OS X 10_9_2) AppleWebKit/537.36 (KHTML, like Gecko) Chrome/34.0.1847.116 Safari/537.36"
188.2.48.140 - - [15/Apr/2014:05:49:20 -0500] "GET / HTTP/1.1" 302 - "https://www.terefic.com/employer/login?email=sdjukic@deployinc.com" "Mozilla/5.0 (Macintosh; Intel Mac OS X 10_9_2) AppleWebKit/537.36 (KHTML, like Gecko) Chrome/34.0.1847.116 Safari/537.36"
188.2.48.140 - - [15/Apr/2014:05:49:20 -0500] "GET /home HTTP/1.1" 302 - "https://www.terefic.com/employer/login?email=sdjukic@deployinc.com" "Mozilla/5.0 (Macintosh; Intel Mac OS X 10_9_2) AppleWebKit/537.36 (KHTML, like Gecko) Chrome/34.0.1847.116 Safari/537.36"
188.2.48.140 - - [15/Apr/2014:05:49:21 -0500] "GET /reference HTTP/1.1" 200 107918 "https://www.terefic.com/employer/login?email=sdjukic@deployinc.com" "Mozilla/5.0 (Macintosh; Intel Mac OS X 10_9_2) AppleWebKit/537.36 (KHTML, like Gecko) Chrome/34.0.1847.116 Safari/537.36"
54.240.145.13 - - [15/Apr/2014:05:49:22 -0500] "GET /resources/images/sprites/search_box_sprite.png HTTP/1.1" 200 1619 "-" "Amazon CloudFront"
54.240.145.13 - - [15/Apr/2014:05:49:22 -0500] "GET /resources/images/silhouette.jpg HTTP/1.1" 200 4372 "-" "Amazon CloudFront"
66.249.70.197 - - [15/Apr/2014:05:49:48 -0500] "GET /resources/css/main.css HTTP/1.1" 200 21770 "-" "Mozilla/5.0 (compatible; Googlebot/2.1; +http://www.google.com/bot.html)"
82.117.205.70 - - [15/Apr/2014:05:51:58 -0500] "GET / HTTP/1.1" 200 18350 "https://pro.terefic.com/veteran" "Mozilla/5.0 (X11; Linux x86_64; rv:28.0) Gecko/20100101 Firefox/28.0"
216.137.60.8 - - [15/Apr/2014:05:52:01 -0500] "GET /resources/images/menu_selected.gif HTTP/1.1" 200 372 "-" "Amazon CloudFront"
216.137.60.8 - - [15/Apr/2014:05:52:02 -0500] "GET /resources/images/sprites/calc_sprite.png HTTP/1.1" 200 12301 "-" "Amazon CloudFront"
216.137.60.8 - - [15/Apr/2014:05:52:02 -0500] "GET /resources/images/checked-box.jpg HTTP/1.1" 200 13513 "-" "Amazon CloudFront"
216.137.60.8 - - [15/Apr/2014:05:52:02 -0500] "GET /resources/images/how-it-works-tree.jpg HTTP/1.1" 200 28218 "-" "Amazon CloudFront"
216.137.60.8 - - [15/Apr/2014:05:52:03 -0500] "GET /resources/images/marketing/howitworks/How%20it%20works%202.jpg HTTP/1.1" 200 13245 "-" "Amazon CloudFront"
216.137.60.8 - - [15/Apr/2014:05:52:03 -0500] "GET /resources/images/marketing/howitworks/How%20it%20works%204.jpg HTTP/1.1" 200 9042 "-" "Amazon CloudFront"
216.137.60.8 - - [15/Apr/2014:05:52:06 -0500] "GET /resources/cache/64e143e210931423fffcb04e1fac4d0f7ecf0919-professional.js HTTP/1.1" 200 725463 "-" "Amazon CloudFront"
216.137.60.8 - - [15/Apr/2014:05:52:10 -0500] "GET /resources/images/background/Classy-Professional.jpg HTTP/1.1" 200 923866 "-" "Amazon CloudFront"
107.20.133.252 - terefic [15/Apr/2014:05:53:53 -0500] "GET / HTTP/1.1" 200 18350 "-" "check_http/v1.4.16 (nagios-plugins 1.4.16)"
107.20.133.252 - terefic [15/Apr/2014:05:55:56 -0500] "GET / HTTP/1.1" 200 18350 "-" "check_http/v1.4.16 (nagios-plugins 1.4.16)"
54.240.145.13 - - [15/Apr/2014:05:56:17 -0500] "GET /resources/images/lead_generation.jpg HTTP/1.1" 200 35936 "-" "Amazon CloudFront"
54.240.145.13 - - [15/Apr/2014:05:56:50 -0500] "GET /resources/css/lead-generation-widget/images/baloon_tip.png HTTP/1.1" 200 307 "-" "Amazon CloudFront"
54.240.145.13 - - [15/Apr/2014:05:57:57 -0500] "GET /resources/cache/64e143e210931423fffcb04e1fac4d0f7ecf0919-professional.js HTTP/1.1" 200 725463 "-" "Amazon CloudFront"
54.240.145.13 - - [15/Apr/2014:05:58:12 -0500] "GET /resources/images/background/Out-of-busy-schedule_2-00.jpg HTTP/1.1" 200 245029 "-" "Amazon CloudFront"
107.20.133.252 - terefic [15/Apr/2014:06:03:53 -0500] "GET / HTTP/1.1" 200 18350 "-" "check_http/v1.4.16 (nagios-plugins 1.4.16)"
54.240.145.13 - - [15/Apr/2014:06:04:03 -0500] "GET /resources/cache/64e143e210931423fffcb04e1fac4d0f7ecf0919-professional.css HTTP/1.1" 200 182620 "-" "Amazon CloudFront"
54.240.145.13 - - [15/Apr/2014:06:04:55 -0500] "GET /resources/images/sprites/main.png HTTP/1.1" 200 115757 "-" "Amazon CloudFront"
54.240.145.13 - - [15/Apr/2014:06:05:21 -0500] "GET /resources/images/loaders/greenBig.gif HTTP/1.1" 200 3263 "-" "Amazon CloudFront"
54.240.145.13 - - [15/Apr/2014:06:05:47 -0500] "GET /resources/images/background/Levitating.jpg HTTP/1.1" 200 840279 "-" "Amazon CloudFront"
216.137.42.96 - - [15/Apr/2014:06:05:56 -0500] "GET /resources/css/grid.css HTTP/1.1" 200 4270 "-" "Amazon CloudFront"
216.137.42.96 - - [15/Apr/2014:06:05:56 -0500] "GET /resources/css/answer.css HTTP/1.1" 200 19263 "-" "Amazon CloudFront"
216.137.42.96 - - [15/Apr/2014:06:05:56 -0500] "GET /resources/css/typography.css HTTP/1.1" 200 2565 "-" "Amazon CloudFront"
216.137.42.96 - - [15/Apr/2014:06:05:56 -0500] "GET /resources/css/main.css HTTP/1.1" 200 21770 "-" "Amazon CloudFront"
216.137.42.96 - - [15/Apr/2014:06:05:56 -0500] "GET /resources/css/profile.css HTTP/1.1" 200 6593 "-" "Amazon CloudFront"
216.137.42.96 - - [15/Apr/2014:06:05:56 -0500] "GET /resources/css/jcrop.css HTTP/1.1" 200 839 "-" "Amazon CloudFront"
216.137.42.96 - - [15/Apr/2014:06:05:56 -0500] "GET /resources/css/colorbox.css HTTP/1.1" 200 4986 "-" "Amazon CloudFront"
216.137.42.96 - - [15/Apr/2014:06:05:56 -0500] "GET /resources/css/print.css HTTP/1.1" 200 391 "-" "Amazon CloudFront"
216.137.42.96 - - [15/Apr/2014:06:05:56 -0500] "GET /resources/css/dummy.css HTTP/1.1" 200 4548 "-" "Amazon CloudFront"
216.137.42.96 - - [15/Apr/2014:06:05:56 -0500] "GET /resources/css/libraries/dataTables.css HTTP/1.1" 200 12242 "-" "Amazon CloudFront"
216.137.42.96 - - [15/Apr/2014:06:05:56 -0500] "GET /resources/css/print_to_PDF.css HTTP/1.1" 200 5667 "-" "Amazon CloudFront"
216.137.42.96 - - [15/Apr/2014:06:05:56 -0500] "GET /resources/images/logo_print.png HTTP/1.1" 200 29269 "-" "Amazon CloudFront"
216.137.42.96 - - [15/Apr/2014:06:05:57 -0500] "GET /resources/pdf_footer.html HTTP/1.1" 200 1098 "-" "Amazon CloudFront"
107.20.133.252 - terefic [15/Apr/2014:06:06:16 -0500] "GET / HTTP/1.1" 200 18350 "-" "check_http/v1.4.16 (nagios-plugins 1.4.16)"
107.20.133.252 - terefic [15/Apr/2014:06:08:53 -0500] "GET / HTTP/1.1" 200 18350 "-" "check_http/v1.4.16 (nagios-plugins 1.4.16)"
216.137.42.96 - - [15/Apr/2014:06:09:27 -0500] "GET /resources/cache/64e143e210931423fffcb04e1fac4d0f7ecf0919-professional.css HTTP/1.1" 200 182620 "-" "Amazon CloudFront"
216.137.42.96 - - [15/Apr/2014:06:12:36 -0500] "GET /resources/pdf_footer.html HTTP/1.1" 304 - "-" "Amazon CloudFront"
188.2.48.140 - - [15/Apr/2014:06:12:58 -0500] "GET /reference/request_references HTTP/1.1" 302 - "-" "Mozilla/5.0 (Windows NT 6.1; WOW64) AppleWebKit/537.36 (KHTML, like Gecko) Chrome/34.0.1847.116 Safari/537.36"
188.2.48.140 - - [15/Apr/2014:06:12:58 -0500] "GET /employer/login HTTP/1.1" 200 6816 "-" "Mozilla/5.0 (Windows NT 6.1; WOW64) AppleWebKit/537.36 (KHTML, like Gecko) Chrome/34.0.1847.116 Safari/537.36"
54.240.145.13 - - [15/Apr/2014:06:12:59 -0500] "GET /resources/images/menu_selected.gif HTTP/1.1" 200 372 "-" "Amazon CloudFront"
54.240.145.13 - - [15/Apr/2014:06:12:59 -0500] "GET /resources/images/background/small/Interview.jpg HTTP/1.1" 200 27222 "-" "Amazon CloudFront"
54.240.145.13 - - [15/Apr/2014:06:13:00 -0500] "GET /resources/images/sprites/form_sprite.png HTTP/1.1" 200 12934 "-" "Amazon CloudFront"
188.2.48.140 - - [15/Apr/2014:06:13:01 -0500] "GET /favicon.png HTTP/1.1" 200 946 "-" "Mozilla/5.0 (Windows NT 6.1; WOW64) AppleWebKit/537.36 (KHTML, like Gecko) Chrome/34.0.1847.116 Safari/537.36"
107.20.133.252 - terefic [15/Apr/2014:06:13:53 -0500] "GET / HTTP/1.1" 200 18350 "-" "check_http/v1.4.16 (nagios-plugins 1.4.16)"
107.20.133.252 - terefic [15/Apr/2014:06:16:36 -0500] "GET / HTTP/1.1" 200 18350 "-" "check_http/v1.4.16 (nagios-plugins 1.4.16)"
107.20.133.252 - terefic [15/Apr/2014:06:21:46 -0500] "GET / HTTP/1.1" 200 18350 "-" "check_http/v1.4.16 (nagios-plugins 1.4.16)"
180.76.5.71 - - [15/Apr/2014:06:26:36 -0500] "GET /demo/account/account HTTP/1.1" 200 55912 "-" "Mozilla/5.0 (compatible; Baiduspider/2.0; +http://www.baidu.com/search/spider.html)"
107.20.133.252 - terefic [15/Apr/2014:06:26:56 -0500] "GET / HTTP/1.1" 200 18350 "-" "check_http/v1.4.16 (nagios-plugins 1.4.16)"
183.60.214.62 - - [15/Apr/2014:06:31:57 -0500] "GET /demo/profile/22 HTTP/1.1" 500 1 "-" "Mozilla/5.0 (compatible; EasouSpider; +http://www.easou.com/search/spider.html)"
107.20.133.252 - terefic [15/Apr/2014:06:33:53 -0500] "GET / HTTP/1.1" 200 18350 "-" "check_http/v1.4.16 (nagios-plugins 1.4.16)"
107.20.133.252 - terefic [15/Apr/2014:06:38:53 -0500] "GET / HTTP/1.1" 200 18350 "-" "check_http/v1.4.16 (nagios-plugins 1.4.16)"
107.20.133.252 - terefic [15/Apr/2014:06:43:53 -0500] "GET / HTTP/1.1" 200 18350 "-" "check_http/v1.4.16 (nagios-plugins 1.4.16)"
107.20.133.252 - terefic [15/Apr/2014:06:48:53 -0500] "GET / HTTP/1.1" 200 18350 "-" "check_http/v1.4.16 (nagios-plugins 1.4.16)"
107.20.133.252 - terefic [15/Apr/2014:06:53:53 -0500] "GET / HTTP/1.1" 200 18350 "-" "check_http/v1.4.16 (nagios-plugins 1.4.16)"
107.20.133.252 - terefic [15/Apr/2014:06:57:56 -0500] "GET / HTTP/1.1" 200 18350 "-" "check_http/v1.4.16 (nagios-plugins 1.4.16)"
107.20.133.252 - terefic [15/Apr/2014:07:03:06 -0500] "GET / HTTP/1.1" 200 18350 "-" "check_http/v1.4.16 (nagios-plugins 1.4.16)"
107.20.133.252 - terefic [15/Apr/2014:07:08:16 -0500] "GET / HTTP/1.1" 200 18350 "-" "check_http/v1.4.16 (nagios-plugins 1.4.16)"
107.20.133.252 - terefic [15/Apr/2014:07:13:26 -0500] "GET / HTTP/1.1" 200 18350 "-" "check_http/v1.4.16 (nagios-plugins 1.4.16)"
66.249.64.202 - - [15/Apr/2014:07:14:55 -0500] "GET /robots.txt HTTP/1.1" 200 5210 "-" "Mozilla/5.0 (compatible; Googlebot/2.1; +http://www.google.com/bot.html)"
107.20.133.252 - terefic [15/Apr/2014:07:18:36 -0500] "GET / HTTP/1.1" 200 18350 "-" "check_http/v1.4.16 (nagios-plugins 1.4.16)"
107.20.133.252 - terefic [15/Apr/2014:07:23:46 -0500] "GET / HTTP/1.1" 200 18350 "-" "check_http/v1.4.16 (nagios-plugins 1.4.16)"
107.20.133.252 - terefic [15/Apr/2014:07:28:53 -0500] "GET / HTTP/1.1" 200 18350 "-" "check_http/v1.4.16 (nagios-plugins 1.4.16)"
107.20.133.252 - terefic [15/Apr/2014:07:33:53 -0500] "GET / HTTP/1.1" 200 18350 "-" "check_http/v1.4.16 (nagios-plugins 1.4.16)"
107.20.133.252 - terefic [15/Apr/2014:07:38:53 -0500] "GET / HTTP/1.1" 200 18350 "-" "check_http/v1.4.16 (nagios-plugins 1.4.16)"
107.20.133.252 - terefic [15/Apr/2014:07:43:53 -0500] "GET / HTTP/1.1" 200 18350 "-" "check_http/v1.4.16 (nagios-plugins 1.4.16)"
66.249.81.192 - - [15/Apr/2014:07:44:46 -0500] "GET / HTTP/1.1" 200 18350 "-" "Mozilla/5.0 (Windows NT 6.1; rv:6.0) Gecko/20110814 Firefox/6.0 Google favicon"
107.20.133.252 - terefic [15/Apr/2014:07:48:53 -0500] "GET / HTTP/1.1" 200 18350 "-" "check_http/v1.4.16 (nagios-plugins 1.4.16)"
107.20.133.252 - terefic [15/Apr/2014:07:53:53 -0500] "GET / HTTP/1.1" 200 18350 "-" "check_http/v1.4.16 (nagios-plugins 1.4.16)"
217.69.133.6 - - [15/Apr/2014:07:55:46 -0500] "GET /robots.txt HTTP/1.1" 200 5210 "-" "Mozilla/5.0 (compatible; Linux x86_64; Mail.RU_Bot/2.0; +http://go.mail.ru/help/robots)"
217.69.133.4 - - [15/Apr/2014:07:55:50 -0500] "GET /reference/index HTTP/1.1" 302 - "-" "Mozilla/5.0 (compatible; Linux x86_64; Mail.RU_Bot/2.0; +http://go.mail.ru/help/robots)"
217.69.133.194 - - [15/Apr/2014:07:57:59 -0500] "GET /demo/reference/date HTTP/1.1" 500 1 "-" "Mozilla/5.0 (compatible; Linux x86_64; Mail.RU_Bot/2.0; +http://go.mail.ru/help/robots)"
216.137.42.96 - - [15/Apr/2014:07:58:35 -0500] "GET /resources/cache/64e143e210931423fffcb04e1fac4d0f7ecf0919-employer.css HTTP/1.1" 200 235342 "-" "Amazon CloudFront"
107.20.133.252 - terefic [15/Apr/2014:07:58:53 -0500] "GET / HTTP/1.1" 200 18350 "-" "check_http/v1.4.16 (nagios-plugins 1.4.16)"
204.246.168.13 - - [15/Apr/2014:07:59:06 -0500] "GET /resources/cache/64e143e210931423fffcb04e1fac4d0f7ecf0919-employer.css HTTP/1.1" 200 235342 "-" "Amazon CloudFront"
107.20.133.252 - terefic [15/Apr/2014:07:59:56 -0500] "GET / HTTP/1.1" 200 18350 "-" "check_http/v1.4.16 (nagios-plugins 1.4.16)"
204.246.168.13 - - [15/Apr/2014:08:00:23 -0500] "GET /resources/images/logo.png HTTP/1.1" 200 9327 "-" "Amazon CloudFront"
204.246.168.13 - - [15/Apr/2014:08:00:23 -0500] "GET /resources/images/sprites/main.png HTTP/1.1" 200 115757 "-" "Amazon CloudFront"
66.69.250.232 - - [15/Apr/2014:08:01:12 -0500] "GET /employer/login HTTP/1.1" 200 6816 "https://www.terefic.com/reference/index" "Mozilla/5.0 (Macintosh; Intel Mac OS X 10_9_2) AppleWebKit/537.75.14 (KHTML, like Gecko) Version/7.0.3 Safari/537.75.14"
66.249.76.57 - - [15/Apr/2014:08:04:40 -0500] "GET / HTTP/1.1" 200 18350 "-" "DoCoMo/2.0 N905i(c100;TB;W24H16) (compatible; Googlebot-Mobile/2.1; +http://www.google.com/bot.html)"
107.20.133.252 - terefic [15/Apr/2014:08:08:53 -0500] "GET / HTTP/1.1" 200 18350 "-" "check_http/v1.4.16 (nagios-plugins 1.4.16)"
107.20.133.252 - terefic [15/Apr/2014:08:13:53 -0500] "GET / HTTP/1.1" 200 18350 "-" "check_http/v1.4.16 (nagios-plugins 1.4.16)"
107.20.133.252 - terefic [15/Apr/2014:08:18:53 -0500] "GET / HTTP/1.1" 200 18350 "-" "check_http/v1.4.16 (nagios-plugins 1.4.16)"
107.20.133.252 - terefic [15/Apr/2014:08:23:53 -0500] "GET / HTTP/1.1" 200 18350 "-" "check_http/v1.4.16 (nagios-plugins 1.4.16)"
107.20.133.252 - terefic [15/Apr/2014:08:28:53 -0500] "GET / HTTP/1.1" 200 18350 "-" "check_http/v1.4.16 (nagios-plugins 1.4.16)"
107.20.133.252 - terefic [15/Apr/2014:08:33:53 -0500] "GET / HTTP/1.1" 200 18350 "-" "check_http/v1.4.16 (nagios-plugins 1.4.16)"
107.20.133.252 - terefic [15/Apr/2014:08:38:53 -0500] "GET / HTTP/1.1" 200 18350 "-" "check_http/v1.4.16 (nagios-plugins 1.4.16)"
107.20.133.252 - terefic [15/Apr/2014:08:43:53 -0500] "GET / HTTP/1.1" 200 18350 "-" "check_http/v1.4.16 (nagios-plugins 1.4.16)"
54.239.170.11 - - [15/Apr/2014:08:49:28 -0500] "GET /resources/cache/64e143e210931423fffcb04e1fac4d0f7ecf0919-professional.js HTTP/1.1" 200 725463 "-" "Amazon CloudFront"
54.239.170.11 - - [15/Apr/2014:08:49:29 -0500] "GET /resources/images/loaders/blueBig.gif HTTP/1.1" 200 3188 "-" "Amazon CloudFront"
54.239.170.11 - - [15/Apr/2014:08:49:30 -0500] "GET /resources/images/background/Out-of-busy-schedule_2-00.jpg HTTP/1.1" 200 245029 "-" "Amazon CloudFront"
54.239.170.123 - - [15/Apr/2014:08:51:58 -0500] "GET /resources/images/sprites/form_sprite.png HTTP/1.1" 200 12934 "-" "Amazon CloudFront"
107.20.133.252 - terefic [15/Apr/2014:09:07:06 -0500] "GET / HTTP/1.1" 200 18350 "-" "check_http/v1.4.16 (nagios-plugins 1.4.16)"
107.20.133.252 - terefic [15/Apr/2014:09:12:16 -0500] "GET / HTTP/1.1" 200 18350 "-" "check_http/v1.4.16 (nagios-plugins 1.4.16)"
107.20.133.252 - terefic [15/Apr/2014:09:17:26 -0500] "GET / HTTP/1.1" 200 18350 "-" "check_http/v1.4.16 (nagios-plugins 1.4.16)"
107.20.133.252 - terefic [15/Apr/2014:09:22:36 -0500] "GET / HTTP/1.1" 200 18350 "-" "check_http/v1.4.16 (nagios-plugins 1.4.16)"
107.20.133.252 - terefic [15/Apr/2014:09:27:46 -0500] "GET / HTTP/1.1" 200 18350 "-" "check_http/v1.4.16 (nagios-plugins 1.4.16)"
107.20.133.252 - terefic [15/Apr/2014:09:32:56 -0500] "GET / HTTP/1.1" 200 18350 "-" "check_http/v1.4.16 (nagios-plugins 1.4.16)"
54.239.138.232 - - [15/Apr/2014:09:36:51 -0500] "GET /resources/cache/64e143e210931423fffcb04e1fac4d0f7ecf0919-professional.js HTTP/1.1" 200 725463 "-" "Amazon CloudFront"
54.239.138.232 - - [15/Apr/2014:09:36:54 -0500] "GET /resources/images/logo.png HTTP/1.1" 200 9327 "-" "Amazon CloudFront"
54.239.138.232 - - [15/Apr/2014:09:36:54 -0500] "GET /resources/images/background/Out-of-busy-schedule_2-00.jpg HTTP/1.1" 200 245029 "-" "Amazon CloudFront"
64.29.40.12 - - [15/Apr/2014:09:37:32 -0500] "GET /reference HTTP/1.1" 200 34352 "https://www.terefic.com/employer/login" "Mozilla/5.0 (Windows NT 5.1) AppleWebKit/537.36 (KHTML, like Gecko) Chrome/34.0.1847.116 Safari/537.36"
64.29.40.12 - - [15/Apr/2014:09:37:35 -0500] "GET /reference/asked HTTP/1.1" 200 19104 "https://www.terefic.com/reference" "Mozilla/5.0 (Windows NT 5.1) AppleWebKit/537.36 (KHTML, like Gecko) Chrome/34.0.1847.116 Safari/537.36"
64.29.40.12 - - [15/Apr/2014:09:37:38 -0500] "GET /reference/reference_request_review/a1bd0dff-206e-4e9b-82a0-4dd54841a2fd HTTP/1.1" 200 10507 "https://www.terefic.com/reference/asked" "Mozilla/5.0 (Windows NT 5.1) AppleWebKit/537.36 (KHTML, like Gecko) Chrome/34.0.1847.116 Safari/537.36"
107.20.133.252 - terefic [15/Apr/2014:09:38:53 -0500] "GET / HTTP/1.1" 200 18350 "-" "check_http/v1.4.16 (nagios-plugins 1.4.16)"
107.20.133.252 - terefic [15/Apr/2014:09:43:53 -0500] "GET / HTTP/1.1" 200 18350 "-" "check_http/v1.4.16 (nagios-plugins 1.4.16)"
54.239.138.232 - - [15/Apr/2014:09:47:20 -0500] "GET /resources/images/loaders/blueBig.gif HTTP/1.1" 200 3188 "-" "Amazon CloudFront"
107.20.133.252 - terefic [15/Apr/2014:09:48:26 -0500] "GET / HTTP/1.1" 200 18350 "-" "check_http/v1.4.16 (nagios-plugins 1.4.16)"
54.239.138.232 - - [15/Apr/2014:09:48:38 -0500] "GET /resources/images/background/small/Levitating.jpg HTTP/1.1" 200 4571 "-" "Amazon CloudFront"
10.12.14.8 - - [15/Apr/2014:09:48:40 -0500] "GET /reference/pdf_attachment/2/9bbb1d80-8570-40ae-aca3-010eba6a0956 HTTP/1.1" 200 174631 "-" "Java/1.7.0_03"
107.20.133.252 - terefic [15/Apr/2014:09:53:36 -0500] "GET / HTTP/1.1" 200 18350 "-" "check_http/v1.4.16 (nagios-plugins 1.4.16)"
107.20.133.252 - terefic [15/Apr/2014:09:53:53 -0500] "GET / HTTP/1.1" 200 18350 "-" "check_http/v1.4.16 (nagios-plugins 1.4.16)"
218.30.103.51 - - [15/Apr/2014:09:55:30 -0500] "GET / HTTP/1.1" 200 18350 "-" "Sogou web spider/4.0(+http://www.sogou.com/docs/help/webmasters.htm#07)"
107.20.133.252 - terefic [15/Apr/2014:09:58:53 -0500] "GET / HTTP/1.1" 200 18350 "-" "check_http/v1.4.16 (nagios-plugins 1.4.16)"
107.20.133.252 - terefic [15/Apr/2014:10:03:56 -0500] "GET / HTTP/1.1" 200 18350 "-" "check_http/v1.4.16 (nagios-plugins 1.4.16)"
107.20.133.252 - terefic [15/Apr/2014:10:09:06 -0500] "GET / HTTP/1.1" 200 18350 "-" "check_http/v1.4.16 (nagios-plugins 1.4.16)"
107.20.133.252 - terefic [15/Apr/2014:10:14:16 -0500] "GET / HTTP/1.1" 200 18350 "-" "check_http/v1.4.16 (nagios-plugins 1.4.16)"
107.20.133.252 - terefic [15/Apr/2014:10:19:26 -0500] "GET / HTTP/1.1" 200 18350 "-" "check_http/v1.4.16 (nagios-plugins 1.4.16)"
107.20.133.252 - terefic [15/Apr/2014:10:24:36 -0500] "GET / HTTP/1.1" 200 18350 "-" "check_http/v1.4.16 (nagios-plugins 1.4.16)"
107.20.133.252 - terefic [15/Apr/2014:10:28:53 -0500] "GET / HTTP/1.1" 200 18350 "-" "check_http/v1.4.16 (nagios-plugins 1.4.16)"
107.20.133.252 - terefic [15/Apr/2014:10:33:53 -0500] "GET / HTTP/1.1" 200 18350 "-" "check_http/v1.4.16 (nagios-plugins 1.4.16)"
107.20.133.252 - terefic [15/Apr/2014:10:38:53 -0500] "GET / HTTP/1.1" 200 18350 "-" "check_http/v1.4.16 (nagios-plugins 1.4.16)"
107.20.133.252 - terefic [15/Apr/2014:10:43:53 -0500] "GET / HTTP/1.1" 200 18350 "-" "check_http/v1.4.16 (nagios-plugins 1.4.16)"
69.56.37.254 - - [15/Apr/2014:10:46:34 -0500] "GET / HTTP/1.1" 200 18350 "-" "Mozilla/5.0 (Windows NT 6.1; WOW64; Trident/7.0; rv:11.0) like Gecko"
54.240.149.68 - - [15/Apr/2014:10:46:35 -0500] "GET /resources/images/logo138.png HTTP/1.1" 200 5496 "-" "Amazon CloudFront"
54.240.149.68 - - [15/Apr/2014:10:46:35 -0500] "GET /resources/images/loading.gif HTTP/1.1" 200 3188 "-" "Amazon CloudFront"
54.240.149.68 - - [15/Apr/2014:10:46:35 -0500] "GET /resources/js/savingsCalculator.js HTTP/1.1" 200 6452 "-" "Amazon CloudFront"
54.240.149.68 - - [15/Apr/2014:10:46:35 -0500] "GET /resources/cache/64e143e210931423fffcb04e1fac4d0f7ecf0919-employer.js HTTP/1.1" 200 851484 "-" "Amazon CloudFront"
54.240.149.68 - - [15/Apr/2014:10:46:36 -0500] "GET /resources/images/background/small/Interview.jpg HTTP/1.1" 200 27222 "-" "Amazon CloudFront"
54.240.149.68 - - [15/Apr/2014:10:46:36 -0500] "GET /resources/images/menu_selected.gif HTTP/1.1" 200 372 "-" "Amazon CloudFront"
54.240.149.68 - - [15/Apr/2014:10:46:36 -0500] "GET /resources/images/home-stars.jpg HTTP/1.1" 200 18530 "-" "Amazon CloudFront"
54.240.149.68 - - [15/Apr/2014:10:46:36 -0500] "GET /resources/images/sprites/calc_sprite.png HTTP/1.1" 200 12301 "-" "Amazon CloudFront"
54.240.149.68 - - [15/Apr/2014:10:46:36 -0500] "GET /resources/images/checked-box.jpg HTTP/1.1" 200 13513 "-" "Amazon CloudFront"
54.240.149.68 - - [15/Apr/2014:10:46:36 -0500] "GET /resources/images/how-it-works-tree.jpg HTTP/1.1" 200 28218 "-" "Amazon CloudFront"
54.240.149.68 - - [15/Apr/2014:10:46:36 -0500] "GET /resources/images/marketing/howitworks/How%20it%20works%201.jpg HTTP/1.1" 200 14092 "-" "Amazon CloudFront"
54.240.149.68 - - [15/Apr/2014:10:46:36 -0500] "GET /resources/images/marketing/howitworks/How%20it%20works%203.jpg HTTP/1.1" 200 18992 "-" "Amazon CloudFront"
54.240.149.68 - - [15/Apr/2014:10:46:36 -0500] "GET /resources/images/social-icons.png HTTP/1.1" 200 6014 "-" "Amazon CloudFront"
69.56.37.254 - - [15/Apr/2014:10:46:37 -0500] "GET /favicon.png HTTP/1.1" 200 946 "-" "Mozilla/5.0 (Windows NT 6.1; WOW64; Trident/7.0; rv:11.0) like Gecko"
69.56.37.254 - - [15/Apr/2014:10:46:44 -0500] "GET /employer/login HTTP/1.1" 200 6816 "https://www.terefic.com/" "Mozilla/5.0 (Windows NT 6.1; WOW64; Trident/7.0; rv:11.0) like Gecko"
69.56.37.254 - - [15/Apr/2014:10:46:57 -0500] "POST /users/login/authorize/ HTTP/1.1" 302 - "https://www.terefic.com/employer/login" "Mozilla/5.0 (Windows NT 6.1; WOW64; Trident/7.0; rv:11.0) like Gecko"
69.56.37.254 - - [15/Apr/2014:10:46:57 -0500] "GET / HTTP/1.1" 302 - "https://www.terefic.com/employer/login" "Mozilla/5.0 (Windows NT 6.1; WOW64; Trident/7.0; rv:11.0) like Gecko"
69.56.37.254 - - [15/Apr/2014:10:46:57 -0500] "GET /home HTTP/1.1" 302 - "https://www.terefic.com/employer/login" "Mozilla/5.0 (Windows NT 6.1; WOW64; Trident/7.0; rv:11.0) like Gecko"
69.56.37.254 - - [15/Apr/2014:10:46:57 -0500] "GET /reference HTTP/1.1" 200 29024 "https://www.terefic.com/employer/login" "Mozilla/5.0 (Windows NT 6.1; WOW64; Trident/7.0; rv:11.0) like Gecko"
54.240.149.68 - - [15/Apr/2014:10:46:57 -0500] "GET /resources/images/orange-band.png HTTP/1.1" 200 7169 "-" "Amazon CloudFront"
54.240.149.68 - - [15/Apr/2014:10:46:58 -0500] "GET /resources/images/sprites/search_box_sprite.png HTTP/1.1" 200 1619 "-" "Amazon CloudFront"
54.240.149.68 - - [15/Apr/2014:10:46:58 -0500] "GET /resources/images/sprites/dummyV7.jpg HTTP/1.1" 200 133657 "-" "Amazon CloudFront"
69.56.37.254 - - [15/Apr/2014:10:48:47 -0500] "GET /reference/index?view=0 HTTP/1.1" 200 29024 "https://www.terefic.com/reference" "Mozilla/5.0 (Windows NT 6.1; WOW64; Trident/7.0; rv:11.0) like Gecko"
69.56.37.254 - - [15/Apr/2014:10:48:56 -0500] "GET /dummy/read_references HTTP/1.1" 200 57366 "-" "Mozilla/5.0 (Windows NT 6.1; WOW64; Trident/7.0; rv:11.0) like Gecko"
69.56.37.254 - - [15/Apr/2014:10:49:47 -0500] "GET /reference/surveys HTTP/1.1" 200 15982 "https://www.terefic.com/reference/index?view=0" "Mozilla/5.0 (Windows NT 6.1; WOW64; Trident/7.0; rv:11.0) like Gecko"
69.56.37.254 - - [15/Apr/2014:10:49:57 -0500] "GET /reference/index HTTP/1.1" 200 29024 "https://www.terefic.com/reference/surveys" "Mozilla/5.0 (Windows NT 6.1; WOW64; Trident/7.0; rv:11.0) like Gecko"
69.56.37.254 - - [15/Apr/2014:10:50:01 -0500] "GET /reference/request_references HTTP/1.1" 200 44750 "https://www.terefic.com/reference/index" "Mozilla/5.0 (Windows NT 6.1; WOW64; Trident/7.0; rv:11.0) like Gecko"
69.56.37.254 - - [15/Apr/2014:10:50:02 -0500] "GET /resources/js/tinymce//themes/modern/theme.js HTTP/1.1" 200 14725 "https://www.terefic.com/reference/request_references" "Mozilla/5.0 (Windows NT 6.1; WOW64; Trident/7.0; rv:11.0) like Gecko"
69.56.37.254 - - [15/Apr/2014:10:50:02 -0500] "GET /resources/js/tinymce//skins/lightgray/skin.min.css HTTP/1.1" 200 32971 "https://www.terefic.com/reference/request_references" "Mozilla/5.0 (Windows NT 6.1; WOW64; Trident/7.0; rv:11.0) like Gecko"
69.56.37.254 - - [15/Apr/2014:10:50:02 -0500] "GET /resources/js/tinymce//skins/lightgray/content.min.css HTTP/1.1" 200 1559 "https://www.terefic.com/reference/request_references" "Mozilla/5.0 (Windows NT 6.1; WOW64; Trident/7.0; rv:11.0) like Gecko"
69.56.37.254 - - [15/Apr/2014:10:50:18 -0500] "GET /survey/edit/255/1/?redirectTo=https://www.terefic.com/reference/request_references HTTP/1.1" 200 75173 "https://www.terefic.com/reference/request_references" "Mozilla/5.0 (Windows NT 6.1; WOW64; Trident/7.0; rv:11.0) like Gecko"
69.56.37.254 - - [15/Apr/2014:10:50:39 -0500] "GET /reference/index HTTP/1.1" 200 29024 "https://www.terefic.com/survey/edit/255/1/?redirectTo=https://www.terefic.com/reference/request_references" "Mozilla/5.0 (Windows NT 6.1; WOW64; Trident/7.0; rv:11.0) like Gecko"
107.20.133.252 - terefic [15/Apr/2014:10:53:53 -0500] "GET / HTTP/1.1" 200 18350 "-" "check_http/v1.4.16 (nagios-plugins 1.4.16)"
64.29.40.12 - - [15/Apr/2014:10:57:17 -0500] "GET /reference/index HTTP/1.1" 200 34352 "https://www.terefic.com/reference/reference_request_review/a1bd0dff-206e-4e9b-82a0-4dd54841a2fd" "Mozilla/5.0 (Windows NT 5.1) AppleWebKit/537.36 (KHTML, like Gecko) Chrome/34.0.1847.116 Safari/537.36"
64.29.40.12 - - [15/Apr/2014:10:57:21 -0500] "GET /reference/asked HTTP/1.1" 200 19104 "https://www.terefic.com/reference/index" "Mozilla/5.0 (Windows NT 5.1) AppleWebKit/537.36 (KHTML, like Gecko) Chrome/34.0.1847.116 Safari/537.36"
107.20.133.252 - terefic [15/Apr/2014:11:00:41 -0500] "GET / HTTP/1.1" 200 18350 "-" "check_http/v1.4.16 (nagios-plugins 1.4.16)"
173.227.74.10 - - [15/Apr/2014:11:05:08 -0500] "GET / HTTP/1.1" 200 18350 "-" "Mozilla/5.0 (Macintosh; Intel Mac OS X 10_8_4) AppleWebKit/536.30.1 (KHTML, like Gecko) Version/6.0.5 Safari/536.30.1"
107.20.133.252 - terefic [15/Apr/2014:11:08:53 -0500] "GET / HTTP/1.1" 200 18350 "-" "check_http/v1.4.16 (nagios-plugins 1.4.16)"
149.91.16.15 - - [15/Apr/2014:11:11:18 -0500] "GET / HTTP/1.1" 200 18350 "-" "-"
107.20.133.252 - terefic [15/Apr/2014:11:16:11 -0500] "GET / HTTP/1.1" 200 18350 "-" "check_http/v1.4.16 (nagios-plugins 1.4.16)"
66.249.64.207 - - [15/Apr/2014:11:19:43 -0500] "GET /robots.txt HTTP/1.1" 200 5210 "-" "Mozilla/5.0 (compatible; Googlebot/2.1; +http://www.google.com/bot.html)"
107.20.133.252 - terefic [15/Apr/2014:11:21:21 -0500] "GET / HTTP/1.1" 200 18350 "-" "check_http/v1.4.16 (nagios-plugins 1.4.16)"
107.20.133.252 - terefic [15/Apr/2014:11:26:31 -0500] "GET / HTTP/1.1" 200 18350 "-" "check_http/v1.4.16 (nagios-plugins 1.4.16)"
107.20.133.252 - terefic [15/Apr/2014:11:31:41 -0500] "GET / HTTP/1.1" 200 18350 "-" "check_http/v1.4.16 (nagios-plugins 1.4.16)"
157.56.93.154 - - [15/Apr/2014:11:35:35 -0500] "GET /robots.txt HTTP/1.1" 200 5210 "-" "Mozilla/5.0 (compatible; bingbot/2.0; +http://www.bing.com/bingbot.htm)"
157.56.93.154 - - [15/Apr/2014:11:37:20 -0500] "GET /employer/signup HTTP/1.1" 200 7711 "-" "Mozilla/5.0 (compatible; bingbot/2.0; +http://www.bing.com/bingbot.htm)"
107.20.133.252 - terefic [15/Apr/2014:11:38:53 -0500] "GET / HTTP/1.1" 200 18350 "-" "check_http/v1.4.16 (nagios-plugins 1.4.16)"
64.29.40.12 - - [15/Apr/2014:11:41:47 -0500] "GET /reference/index HTTP/1.1" 200 34352 "https://www.terefic.com/reference/asked" "Mozilla/5.0 (Windows NT 5.1) AppleWebKit/537.36 (KHTML, like Gecko) Chrome/34.0.1847.116 Safari/537.36"
64.29.40.12 - - [15/Apr/2014:11:41:52 -0500] "GET /reference/asked HTTP/1.1" 200 19104 "https://www.terefic.com/reference/index" "Mozilla/5.0 (Windows NT 5.1) AppleWebKit/537.36 (KHTML, like Gecko) Chrome/34.0.1847.116 Safari/537.36"
64.29.40.12 - - [15/Apr/2014:11:41:55 -0500] "GET /reference/index HTTP/1.1" 200 34352 "https://www.terefic.com/reference/asked" "Mozilla/5.0 (Windows NT 5.1) AppleWebKit/537.36 (KHTML, like Gecko) Chrome/34.0.1847.116 Safari/537.36"
64.29.40.12 - - [15/Apr/2014:11:41:59 -0500] "GET /reference/reference_request_read/515b313e-d3d1-410b-ac15-168d3f776a1f HTTP/1.1" 200 103574 "https://www.terefic.com/reference/index" "Mozilla/5.0 (Windows NT 5.1) AppleWebKit/537.36 (KHTML, like Gecko) Chrome/34.0.1847.116 Safari/537.36"
64.29.40.12 - - [15/Apr/2014:11:42:36 -0500] "POST /reference/reference_request_pre_print/515b313e-d3d1-410b-ac15-168d3f776a1f HTTP/1.1" 200 18463 "https://www.terefic.com/reference/index" "Mozilla/5.0 (Windows NT 5.1) AppleWebKit/537.36 (KHTML, like Gecko) Chrome/34.0.1847.116 Safari/537.36"
64.29.40.12 - - [15/Apr/2014:11:42:43 -0500] "POST /request/updateRequestCandidateDetails HTTP/1.1" 200 86 "https://www.terefic.com/reference/reference_request_pre_print/515b313e-d3d1-410b-ac15-168d3f776a1f" "Mozilla/5.0 (Windows NT 5.1) AppleWebKit/537.36 (KHTML, like Gecko) Chrome/34.0.1847.116 Safari/537.36"
64.29.40.12 - - [15/Apr/2014:11:42:44 -0500] "GET /reference/pdf/2/515b313e-d3d1-410b-ac15-168d3f776a1f/Jacqueline%20/Martinez%20shafer HTTP/1.1" 200 801952 "https://www.terefic.com/reference/reference_request_pre_print/515b313e-d3d1-410b-ac15-168d3f776a1f" "Mozilla/5.0 (Windows NT 5.1) AppleWebKit/537.36 (KHTML, like Gecko) Chrome/34.0.1847.116 Safari/537.36"
107.20.133.252 - terefic [15/Apr/2014:11:47:11 -0500] "GET / HTTP/1.1" 200 18350 "-" "check_http/v1.4.16 (nagios-plugins 1.4.16)"
107.20.133.252 - terefic [15/Apr/2014:11:48:53 -0500] "GET / HTTP/1.1" 200 18350 "-" "check_http/v1.4.16 (nagios-plugins 1.4.16)"
107.20.133.252 - terefic [15/Apr/2014:11:53:52 -0500] "GET / HTTP/1.1" 200 18350 "-" "check_http/v1.4.16 (nagios-plugins 1.4.16)"
107.20.133.252 - terefic [15/Apr/2014:11:58:53 -0500] "GET / HTTP/1.1" 200 18350 "-" "check_http/v1.4.16 (nagios-plugins 1.4.16)"
107.20.133.252 - terefic [15/Apr/2014:12:03:53 -0500] "GET / HTTP/1.1" 200 18350 "-" "check_http/v1.4.16 (nagios-plugins 1.4.16)"
107.20.133.252 - terefic [15/Apr/2014:12:08:53 -0500] "GET / HTTP/1.1" 200 18350 "-" "check_http/v1.4.16 (nagios-plugins 1.4.16)"
107.20.133.252 - terefic [15/Apr/2014:12:13:52 -0500] "GET / HTTP/1.1" 200 18350 "-" "check_http/v1.4.16 (nagios-plugins 1.4.16)"
107.20.133.252 - terefic [15/Apr/2014:12:18:53 -0500] "GET / HTTP/1.1" 200 18350 "-" "check_http/v1.4.16 (nagios-plugins 1.4.16)"
107.20.133.252 - terefic [15/Apr/2014:12:23:21 -0500] "GET / HTTP/1.1" 200 18350 "-" "check_http/v1.4.16 (nagios-plugins 1.4.16)"
107.20.133.252 - terefic [15/Apr/2014:12:28:31 -0500] "GET / HTTP/1.1" 200 18350 "-" "check_http/v1.4.16 (nagios-plugins 1.4.16)"
107.20.133.252 - terefic [15/Apr/2014:12:33:41 -0500] "GET / HTTP/1.1" 200 18350 "-" "check_http/v1.4.16 (nagios-plugins 1.4.16)"
107.20.133.252 - terefic [15/Apr/2014:12:38:51 -0500] "GET / HTTP/1.1" 200 18350 "-" "check_http/v1.4.16 (nagios-plugins 1.4.16)"
107.20.133.252 - terefic [15/Apr/2014:12:43:53 -0500] "GET / HTTP/1.1" 200 18350 "-" "check_http/v1.4.16 (nagios-plugins 1.4.16)"
107.20.133.252 - terefic [15/Apr/2014:12:48:53 -0500] "GET / HTTP/1.1" 200 18350 "-" "check_http/v1.4.16 (nagios-plugins 1.4.16)"
66.249.64.202 - - [15/Apr/2014:12:49:29 -0500] "GET /robots.txt HTTP/1.1" 200 5210 "-" "Mozilla/5.0 (compatible; Googlebot/2.1; +http://www.google.com/bot.html)"
107.20.133.252 - terefic [15/Apr/2014:12:53:52 -0500] "GET / HTTP/1.1" 200 18350 "-" "check_http/v1.4.16 (nagios-plugins 1.4.16)"
107.20.133.252 - terefic [15/Apr/2014:12:58:53 -0500] "GET / HTTP/1.1" 200 18350 "-" "check_http/v1.4.16 (nagios-plugins 1.4.16)"
107.20.133.252 - terefic [15/Apr/2014:13:03:53 -0500] "GET / HTTP/1.1" 200 18350 "-" "check_http/v1.4.16 (nagios-plugins 1.4.16)"
173.227.74.10 - - [15/Apr/2014:13:07:12 -0500] "GET / HTTP/1.1" 200 18350 "-" "Mozilla/5.0 (Macintosh; Intel Mac OS X 10_8_4) AppleWebKit/536.30.1 (KHTML, like Gecko) Version/6.0.5 Safari/536.30.1"
107.20.133.252 - terefic [15/Apr/2014:13:09:51 -0500] "GET / HTTP/1.1" 200 18350 "-" "check_http/v1.4.16 (nagios-plugins 1.4.16)"
107.20.133.252 - terefic [15/Apr/2014:13:15:01 -0500] "GET / HTTP/1.1" 200 18350 "-" "check_http/v1.4.16 (nagios-plugins 1.4.16)"
107.20.133.252 - terefic [15/Apr/2014:13:18:52 -0500] "GET / HTTP/1.1" 200 18350 "-" "check_http/v1.4.16 (nagios-plugins 1.4.16)"
216.137.42.96 - - [15/Apr/2014:13:19:59 -0500] "GET /resources/images/background/Levitating.jpg HTTP/1.1" 200 840279 "-" "Amazon CloudFront"
216.137.42.96 - - [15/Apr/2014:13:20:06 -0500] "GET /resources/pdf_footer.html HTTP/1.1" 304 - "-" "Amazon CloudFront"
107.20.133.252 - terefic [15/Apr/2014:13:20:10 -0500] "GET / HTTP/1.1" 200 18350 "-" "check_http/v1.4.16 (nagios-plugins 1.4.16)"
107.20.133.252 - terefic [15/Apr/2014:13:30:30 -0500] "GET / HTTP/1.1" 200 18350 "-" "check_http/v1.4.16 (nagios-plugins 1.4.16)"
107.20.133.252 - terefic [15/Apr/2014:13:40:51 -0500] "GET / HTTP/1.1" 200 18350 "-" "check_http/v1.4.16 (nagios-plugins 1.4.16)"
107.20.133.252 - terefic [15/Apr/2014:13:46:01 -0500] "GET / HTTP/1.1" 200 18350 "-" "check_http/v1.4.16 (nagios-plugins 1.4.16)"
107.20.133.252 - terefic [15/Apr/2014:13:51:11 -0500] "GET / HTTP/1.1" 200 18350 "-" "check_http/v1.4.16 (nagios-plugins 1.4.16)"
188.2.48.140 - - [15/Apr/2014:13:55:51 -0500] "GET /reference/asked HTTP/1.1" 200 27941 "https://www.terefic.com/reference/request_references" "Mozilla/5.0 (Macintosh; Intel Mac OS X 10_9_2) AppleWebKit/537.36 (KHTML, like Gecko) Chrome/34.0.1847.116 Safari/537.36"
188.2.48.140 - - [15/Apr/2014:13:55:54 -0500] "GET /reference/reference_request_review/30c5c239-fdff-4d73-a35f-c7ff948d4378 HTTP/1.1" 200 10793 "https://www.terefic.com/reference/asked" "Mozilla/5.0 (Macintosh; Intel Mac OS X 10_9_2) AppleWebKit/537.36 (KHTML, like Gecko) Chrome/34.0.1847.116 Safari/537.36"
188.2.48.140 - - [15/Apr/2014:13:56:02 -0500] "GET /reference/index HTTP/1.1" 200 118254 "https://www.terefic.com/reference/reference_request_review/30c5c239-fdff-4d73-a35f-c7ff948d4378" "Mozilla/5.0 (Macintosh; Intel Mac OS X 10_9_2) AppleWebKit/537.36 (KHTML, like Gecko) Chrome/34.0.1847.116 Safari/537.36"
188.2.48.140 - - [15/Apr/2014:13:56:04 -0500] "GET /reference/index HTTP/1.1" 200 118254 "https://www.terefic.com/reference/index" "Mozilla/5.0 (Macintosh; Intel Mac OS X 10_9_2) AppleWebKit/537.36 (KHTML, like Gecko) Chrome/34.0.1847.116 Safari/537.36"
188.2.48.140 - - [15/Apr/2014:13:56:07 -0500] "GET /reference/request_references HTTP/1.1" 200 44571 "https://www.terefic.com/reference/index" "Mozilla/5.0 (Macintosh; Intel Mac OS X 10_9_2) AppleWebKit/537.36 (KHTML, like Gecko) Chrome/34.0.1847.116 Safari/537.36"
188.2.48.140 - - [15/Apr/2014:13:58:11 -0500] "POST /reference/request HTTP/1.1" 302 - "https://www.terefic.com/reference/request_references" "Mozilla/5.0 (Macintosh; Intel Mac OS X 10_9_2) AppleWebKit/537.36 (KHTML, like Gecko) Chrome/34.0.1847.116 Safari/537.36"
188.2.48.140 - - [15/Apr/2014:13:58:11 -0500] "GET /reference/asked HTTP/1.1" 200 29663 "https://www.terefic.com/reference/request_references" "Mozilla/5.0 (Macintosh; Intel Mac OS X 10_9_2) AppleWebKit/537.36 (KHTML, like Gecko) Chrome/34.0.1847.116 Safari/537.36"
107.20.133.252 - terefic [15/Apr/2014:14:01:30 -0500] "GET / HTTP/1.1" 200 18350 "-" "check_http/v1.4.16 (nagios-plugins 1.4.16)"
107.20.133.252 - terefic [15/Apr/2014:14:03:52 -0500] "GET / HTTP/1.1" 200 18350 "-" "check_http/v1.4.16 (nagios-plugins 1.4.16)"
107.20.133.252 - terefic [15/Apr/2014:14:08:53 -0500] "GET / HTTP/1.1" 200 18350 "-" "check_http/v1.4.16 (nagios-plugins 1.4.16)"
107.20.133.252 - terefic [15/Apr/2014:14:11:51 -0500] "GET / HTTP/1.1" 200 18350 "-" "check_http/v1.4.16 (nagios-plugins 1.4.16)"
216.137.42.96 - - [15/Apr/2014:14:12:01 -0500] "GET /resources/pdf_footer.html HTTP/1.1" 304 - "-" "Amazon CloudFront"
